01-01 23:34:52.429 W/MessageQueue(10837): 	at android.os.Handler.sendMessageAtTime(Handler.java:703)
01-01 23:34:52.429 W/MessageQueue(10837): 	at android.os.Handler.sendMessageDelayed(Handler.java:673)
01-01 23:34:52.429 W/MessageQueue(10837): 	at android.os.Handler.sendEmptyMessageDelayed(Handler.java:638)
01-01 23:34:52.429 W/MessageQueue(10837): 	at android.os.Handler.sendEmptyMessage(Handler.java:623)
01-01 23:34:52.429 W/MessageQueue(10837): 	at android.media.ImageReader.postEventFromNative(ImageReader.java:750)
01-01 23:34:52.462 W/MessageQueue(10837): Handler (android.media.ImageReader$ListenerHandler) {d1a0263} sending message to a Handler on a dead thread
01-01 23:34:52.462 W/MessageQueue(10837): java.lang.IllegalStateException: Handler (android.media.ImageReader$ListenerHandler) {d1a0263} sending message to a Handler on a dead thread
01-01 23:34:52.462 W/MessageQueue(10837): 	at android.os.MessageQueue.enqueueMessage(MessageQueue.java:558)
01-01 23:34:52.462 W/MessageQueue(10837): 	at android.os.Handler.enqueueMessage(Handler.java:754)
01-01 23:34:52.462 W/MessageQueue(10837): 	at android.os.Handler.sendMessageAtTime(Handler.java:703)
01-01 23:34:52.462 W/MessageQueue(10837): 	at android.os.Handler.sendMessageDelayed(Handler.java:673)
01-01 23:34:52.462 W/MessageQueue(10837): 	at android.os.Handler.sendEmptyMessageDelayed(Handler.java:638)
01-01 23:34:52.462 W/MessageQueue(10837): 	at android.os.Handler.sendEmptyMessage(Handler.java:623)
01-01 23:34:52.462 W/MessageQueue(10837): 	at android.media.ImageReader.postEventFromNative(ImageReader.java:750)
01-01 23:34:52.472 I/chatty  (  815): uid=1047(cameraserver) Binder:815_1 expire 9 lines
01-01 23:34:52.476 I/chatty  (  815): uid=1047(cameraserver) Binder:815_4 expire 3 lines
01-01 23:34:52.491 I/chatty  (26825): uid=1047(cameraserver) provider@2.4-se expire 71 lines
01-01 23:34:52.492 I/chatty  (26825): uid=1047(cameraserver) provider@2.4-se expire 18 lines
01-01 23:34:52.517 I/chatty  (26825): uid=1047(cameraserver) provider@2.4-se expire 1 line
01-01 23:34:52.547 W/roid.app.camer(10837): Long monitor contention with owner main (10837) at void android.hardware.camera2.impl.CameraDeviceImpl.createCaptureSessionInternal(android.hardware.camera2.params.InputConfiguration, java.util.List, android.hardware.camera2.CameraCaptureSession$StateCallback, java.util.concurrent.Executor, int, android.hardware.camera2.CaptureRequest)(CameraDeviceImpl.java:650) waiters=0 in void android.hardware.camera2.impl.CameraDeviceImpl$4.run() for 305ms
01-01 23:34:52.547 D/FHXPERF (10837): CaptureModule.java(1865):com.android.camera.CaptureModule::createCaptureSessionByOutput Leave  used 307 ms
01-01 23:34:52.548 D/FHXPERF (10837): CaptureModule.java(2186):com.android.camera.CaptureModule::createSession Leave  used 308 ms
01-01 23:34:52.548 W/roid.app.camer(10837): Long monitor contention with owner main (10837) at void android.hardware.camera2.impl.CameraDeviceImpl.createCaptureSessionInternal(android.hardware.camera2.params.InputConfiguration, java.util.List, android.hardware.camera2.CameraCaptureSession$StateCallback, java.util.concurrent.Executor, int, android.hardware.camera2.CaptureRequest)(CameraDeviceImpl.java:650) waiters=1 in void android.hardware.camera2.impl.CameraDeviceImpl$CameraDeviceCallbacks.onRequestQueueEmpty() for 304ms
01-01 23:34:52.549 D/CAM_Activity(10837): updateFloatButton
01-01 23:34:52.549 D/CAM_Activity(10837): hideFloatingButton
01-01 23:34:52.549 D/SnapCam_CaptureUI(10837): HDRValue = false
01-01 23:34:52.549 D/SnapCam_CaptureUI(10837): hideEvBar
01-01 23:34:52.549 D/FHXPERF (10837): CaptureUI.java(5423):com.android.camera.CaptureUI::showBlurView Enter createBlurBitmap
01-01 23:34:52.550 D/fhx     (10837): getImageData:1280,720mImageData.length:1382400
01-01 23:34:52.550 D/FHXPERF (10837): isBackCamera:key_camera_id:0,ret:true
01-01 23:34:52.554 D/mfnr_arcsoft jni(10837): arcsoft updateIso iso:372
01-01 23:34:52.565 D/mfnr_arcsoft jni(10837): arcsoft updateIso iso:372
01-01 23:34:52.573 I/chatty  (26825): uid=1047(cameraserver) provider@2.4-se expire 5 lines
01-01 23:34:52.595 D/skia    (10837): onFlyCompress
01-01 23:34:52.717 D/FHXPERF (10837): CaptureUI.java(5426):com.android.camera.CaptureUI::showBlurView Leave createBlurBitmap used 167 ms
01-01 23:34:52.717 D/fhx     (10837): show blur top, height:250
01-01 23:34:52.717 D/fhx     (10837): show blur bottom,start:1530height:-10
01-01 23:34:52.717 V/wchyyy  (10837): showUIafterChangeModule currentModule:1
01-01 23:34:52.720 D/CAM_Controls(10837): togglePowerSaveMode:false
01-01 23:34:52.720 D/CAFSettingManager(10837): setPropertyAsInt:pref_camera2_custom_filters_key=>0
01-01 23:34:52.721 D/CAFSettingManager(10837): setPropertyAsInt:2,0
01-01 23:34:52.721 D/YANGF   (10837): mCaptureUi.getFilterModuleState() = false,newFilterIndex = 0,mFilterState = 0
01-01 23:34:52.721 D/ArcSoftForCaptureUI(10837): mFilterModule = false
01-01 23:34:52.721 D/EffectBeautySelectorView(10837): mFilterStateChange = false,,mFilterIndex = 0,, getFilterState = false
01-01 23:34:52.721 I/EffectBeautySelectorView(10837): hideFilterPreview: currentModule = 1,mModule.getCameraAlgorithmState() = 0
01-01 23:34:52.721 I/EffectBeautySelectorView(10837): hideFilterPreview: glSurfaceHide = false
01-01 23:34:52.721 D/SnapCam_SettingsManager(10837): updateMapAndNotify:pref_camera2_facedetection_key
01-01 23:34:52.721 D/SnapCam_SettingsManager(10837): checkDependencyAndUpdate: same as previous value:on,prevValue:on
01-01 23:34:52.721 D/SnapCam_SettingsManager(10837): No changed
01-01 23:34:52.721 D/CAFSettingManager(10837): setPropertyAsString:3,on
01-01 23:34:52.721 D/FHXPERF (10837): restartSession enter:false
01-01 23:34:52.721 D/CAM_Activity(10837): updateFloatButton
01-01 23:34:52.721 D/CAM_Activity(10837): hideFloatingButton
01-01 23:34:52.721 D/SnapCam_CaptureUI(10837): HDRValue = false
01-01 23:34:52.721 D/SnapCam_CaptureUI(10837): hideEvBar
01-01 23:34:52.722 D/FHXPERF (10837): CaptureModule.java(7753):com.android.camera.CaptureModule::freshModule Leave  used 530 ms
01-01 23:34:52.722 I/Choreographer(10837): Skipped 31 frames!  The application may be doing too much work on its main thread.
01-01 23:34:52.723 D/fhx     (10837): AutoFitSurfaceView:720,720
01-01 23:34:52.723 D/FHXPERF (10837): mSurfaceView addOnLayoutChangeListener width:720 height:720
01-01 23:34:52.735 D/fhx     (10837): Starting blurView show animation
01-01 23:34:52.736 D/EffectBeautySelectorView(10837): setVisibility mIsThumbnailVisible = false
01-01 23:34:52.736 D/SnapCam_CaptureModule(10837): cameraCaptureSession - onConfigured 0
01-01 23:34:52.736 D/SnapCam_CaptureModule(10837): allow = true
01-01 23:34:52.737 D/FHXPERF (10837): CaptureModule.java(4150):com.android.camera.CaptureModule::applyCommonSettings Enter 
01-01 23:34:52.737 D/VendorTagUtil(10837): vendor tag org.codeaurora.qcamera3.iso_exp_priority.select_priority is supported
01-01 23:34:52.737 D/VendorTagUtil(10837): vendor tag org.codeaurora.qcamera3.iso_exp_priority.use_iso_exp_priority is supported
01-01 23:34:52.737 D/FHXPERF (10837): applyZoom id:0
01-01 23:34:52.737 I/applymetering(10837): 0|
01-01 23:34:52.737 D/bokeh   (10837): enable bokeh scene:0
01-01 23:34:52.738 D/SnapCam_CaptureModule(10837): applyWbColorTemperature  manualWBMode = color-temperature ,cctMode=color-temperature ,gainMode=rbgb-gains
01-01 23:34:52.738 D/VendorTagUtil(10837): vendor tag org.codeaurora.qcamera3.manualWB.partial_mwb_mode is supported
01-01 23:34:52.738 D/VendorTagUtil(10837): vendor tag org.codeaurora.qcamera3.manualWB.color_temperature is supported
01-01 23:34:52.738 D/FHXPERF (10837): CaptureModule.java(4178):com.android.camera.CaptureModule::applyCommonSettings Leave  used 1 ms
01-01 23:34:52.740 I/chatty  (26825): uid=1047(cameraserver) provider@2.4-se expire 4 lines
01-01 23:34:52.740 D/FHXPERF (10837): CaptureUI.java(2790):com.android.camera.CaptureUI::reInitUI Enter 
01-01 23:34:52.741 D/FHXPERF (10837): CaptureUI.java(2820):com.android.camera.CaptureUI::reInitUI Leave  used 0 ms
01-01 23:34:52.741 D/EffectBeautySelectorView(10837): setVisibility mIsThumbnailVisible = false
01-01 23:34:52.742 D/bokeh   (10837): initializeBokehMode UI:false
01-01 23:34:52.742 D/FHXPERF (10837): CaptureUI.java(2911):com.android.camera.CaptureUI::initializeBokehMode Enter 
01-01 23:34:52.742 D/FHXPERF (10837): CaptureUI.java(2045):com.android.camera.CaptureUI::createBokehControls Enter 
01-01 23:34:52.742 D/FHXPERF (10837): isBackCamera:key_camera_id:0,ret:true
01-01 23:34:52.742 D/FHXPERF (10837): CaptureUI.java(2945):com.android.camera.CaptureUI::initializeBokehMode Leave  used 0 ms
01-01 23:34:52.743 D/SnapCam_CaptureModule(10837): registLightSensor
01-01 23:34:52.744 D/FHXPERF (10837): CaptureUI.java(7439):com.android.camera.CaptureUI::onStartFaceDetection Enter 
01-01 23:34:52.744 D/FHXPERF (10837): cameraBound:Rect(0, 0 - 4208, 3120) originalCameraBound:Rect(8, 8 - 4216, 3128) zoom:1.0
01-01 23:34:52.744 D/FHXPERF (10837): CaptureUI.java(7456):com.android.camera.CaptureUI::onStartFaceDetection Leave  used 0 ms
01-01 23:34:52.744 D/SnapCam_CaptureModule(10837): cameracapturesession - onClosed
01-01 23:34:52.746 D/EffectBeautySelectorView(10837): setVisibility mIsThumbnailVisible = false
01-01 23:34:52.755 D/CAM_Controls(10837): togglePowerSaveMode:false
01-01 23:34:52.759 D/CameraStorage(10837): isSaveSDCardfalse
01-01 23:34:52.759 D/CAFSettingManager(10837): setPropertyAsString:3,0
01-01 23:34:52.761 I/chatty  (26825): uid=1047(cameraserver) provider@2.4-se expire 140 lines
01-01 23:34:52.761 D/CameraStorage(10837): External storage state=mounted
01-01 23:34:52.762 I/chatty  (26825): uid=1047(cameraserver) HwBinder:26825_ expire 4 lines
01-01 23:34:52.762 D/SnapCam_SettingsManager(10837): updateMapAndNotify:pref_camera2_savepath_key
01-01 23:34:52.762 D/SnapCam_SettingsManager(10837): checkDependencyAndUpdate: same as previous value:0,prevValue:0
01-01 23:34:52.762 D/SnapCam_SettingsManager(10837): No changed
01-01 23:34:52.762 D/CAFSettingManager(10837): setPropertyAsString:3,0
01-01 23:34:52.765 D/CameraStorage(10837): External storage state=mounted
01-01 23:34:52.767 E/ANDR-PERF-REQUEST(  633): invalid request
01-01 23:34:52.767 E/ANDR-PERF-MPCTL(  633): invalid request, no optimizations performed
01-01 23:34:52.790 I/chatty  (26825): uid=1047(cameraserver) provider@2.4-se expire 1 line
01-01 23:34:52.798 I/chatty  (26825): uid=1047(cameraserver) provider@2.4-se expire 2 lines
01-01 23:34:52.801 D/CAM_Controls(10837): togglePowerSaveMode:false
01-01 23:34:52.803 I/chatty  (26825): uid=1047(cameraserver) provider@2.4-se expire 1 line
01-01 23:34:52.816 I/chatty  (26825): uid=1047(cameraserver) provider@2.4-se expire 32 lines
01-01 23:34:52.817 I/chatty  (26825): uid=1047(cameraserver) provider@2.4-se expire 32 lines
01-01 23:34:52.821 I/chatty  (26825): uid=1047(cameraserver) provider@2.4-se expire 29 lines
01-01 23:34:52.821 I/chatty  (26825): uid=1047(cameraserver) provider@2.4-se expire 9 lines
01-01 23:34:52.836 I/chatty  (26825): uid=1047(cameraserver) provider@2.4-se expire 5 lines
01-01 23:34:52.863 I/chatty  (26825): uid=1047(cameraserver) provider@2.4-se expire 29 lines
01-01 23:34:52.864 I/chatty  (26825): uid=1047(cameraserver) provider@2.4-se expire 31 lines
01-01 23:34:52.867 D/fhx     (10837): End blurView show animation
01-01 23:34:52.900 I/chatty  (26825): uid=1047(cameraserver) provider@2.4-se expire 20 lines
01-01 23:34:52.950 I/chatty  (26825): uid=1047(cameraserver) provider@2.4-se expire 25 lines
01-01 23:34:52.970 I/chatty  (26825): uid=1047(cameraserver) provider@2.4-se expire 3 lines
01-01 23:34:52.998 I/chatty  (26825): uid=1047(cameraserver) provider@2.4-se expire 1 line
01-01 23:34:53.007 D/mfnr_arcsoft jni(10837): arcsoft updateIso iso:372
01-01 23:34:53.044 D/mfnr_arcsoft jni(10837): arcsoft updateIso iso:372
01-01 23:34:53.070 D/mfnr_arcsoft jni(10837): arcsoft updateIso iso:381
01-01 23:34:53.104 D/mfnr_arcsoft jni(10837): arcsoft updateIso iso:381
01-01 23:34:53.136 D/mfnr_arcsoft jni(10837): arcsoft updateIso iso:381
01-01 23:34:53.170 D/mfnr_arcsoft jni(10837): arcsoft updateIso iso:381
01-01 23:34:53.204 D/mfnr_arcsoft jni(10837): arcsoft updateIso iso:381
01-01 23:34:53.236 D/mfnr_arcsoft jni(10837): arcsoft updateIso iso:381
01-01 23:34:53.269 D/mfnr_arcsoft jni(10837): arcsoft updateIso iso:381
01-01 23:34:53.280 W/ServiceManagement(  834): Waited one second for android.hardware.drm@1.0::IDrmFactory/widevine
01-01 23:34:53.281 I/ServiceManagement(  834): getService: Trying again for android.hardware.drm@1.0::IDrmFactory/widevine...
01-01 23:34:53.303 D/mfnr_arcsoft jni(10837): arcsoft updateIso iso:381
01-01 23:34:53.337 D/mfnr_arcsoft jni(10837): arcsoft updateIso iso:381
01-01 23:34:53.372 D/mfnr_arcsoft jni(10837): arcsoft updateIso iso:381
01-01 23:34:53.406 D/mfnr_arcsoft jni(10837): arcsoft updateIso iso:381
01-01 23:34:53.438 D/mfnr_arcsoft jni(10837): arcsoft updateIso iso:381
01-01 23:34:53.456 I/DPMJ    ( 1883): |REQ:RCVR| DPM creating socket
01-01 23:34:53.471 D/mfnr_arcsoft jni(10837): arcsoft updateIso iso:381
01-01 23:34:53.502 D/mfnr_arcsoft jni(10837): arcsoft updateIso iso:381
01-01 23:34:53.537 D/mfnr_arcsoft jni(10837): arcsoft updateIso iso:381
01-01 23:34:53.543 I/roid.app.camer(10837): Background concurrent copying GC freed 37760(1335KB) AllocSpace objects, 64(32MB) LOS objects, 38% free, 38MB/62MB, paused 127us total 166.868ms
01-01 23:34:53.547 W/System  (10837): A resource failed to call destroy. 
01-01 23:34:53.547 I/chatty  (10837): uid=10041(com.sec.android.app.camera) FinalizerDaemon identical 1 line
01-01 23:34:53.547 W/System  (10837): A resource failed to call destroy. 
01-01 23:34:53.547 W/System  (10837): A resource failed to call release. 
01-01 23:34:53.548 W/StagefrightRecorder(  855): stop while neither recording nor paused
01-01 23:34:53.548 W/System  (10837): A resource failed to call release. 
01-01 23:34:53.569 D/mfnr_arcsoft jni(10837): arcsoft updateIso iso:381
01-01 23:34:53.601 D/mfnr_arcsoft jni(10837): arcsoft updateIso iso:381
01-01 23:34:53.637 D/mfnr_arcsoft jni(10837): arcsoft updateIso iso:381
01-01 23:34:53.670 D/mfnr_arcsoft jni(10837): arcsoft updateIso iso:381
01-01 23:34:53.703 D/mfnr_arcsoft jni(10837): arcsoft updateIso iso:381
01-01 23:34:53.717 D/fhx     (10837): hideBlurView:iTopHeight:250, iPrevTopHeight:250
01-01 23:34:53.717 D/fhx     (10837): hideBlurView:iBottomHeight:550, iPrevBottomHeight:-10
01-01 23:34:53.717 D/fhx     (10837): hide blur, top:1.0=>1.0,bottom:1.0=>-55.0
01-01 23:34:53.733 D/fhx     (10837): Start blur view hide animation
01-01 23:34:53.734 D/mfnr_arcsoft jni(10837): arcsoft updateIso iso:381
01-01 23:34:53.773 D/mfnr_arcsoft jni(10837): arcsoft updateIso iso:381
01-01 23:34:53.780 I/chatty  (26825): uid=1047(cameraserver) provider@2.4-se expire 1 line
01-01 23:34:53.795 I/chatty  (26825): uid=1047(cameraserver) provider@2.4-se expire 1 line
01-01 23:34:53.795 I/chatty  (26825): uid=1047(cameraserver) provider@2.4-se expire 2 lines
01-01 23:34:53.797 I/chatty  (26825): uid=1047(cameraserver) provider@2.4-se expire 1 line
01-01 23:34:53.806 D/mfnr_arcsoft jni(10837): arcsoft updateIso iso:381
01-01 23:34:53.813 I/chatty  (26825): uid=1047(cameraserver) provider@2.4-se expire 2 lines
01-01 23:34:53.829 I/chatty  (26825): uid=1047(cameraserver) provider@2.4-se expire 2 lines
01-01 23:34:53.839 D/mfnr_arcsoft jni(10837): arcsoft updateIso iso:381
01-01 23:34:53.861 I/chatty  (26825): uid=1047(cameraserver) provider@2.4-se expire 1 line
01-01 23:34:53.864 I/chatty  (26825): uid=1047(cameraserver) provider@2.4-se expire 1 line
01-01 23:34:53.876 D/mfnr_arcsoft jni(10837): arcsoft updateIso iso:381
01-01 23:34:53.880 I/chatty  (26825): uid=1047(cameraserver) provider@2.4-se expire 2 lines
01-01 23:34:53.884 D/fhx     (10837): End blur view hide animation
01-01 23:34:53.895 I/chatty  (26825): uid=1047(cameraserver) provider@2.4-se expire 1 line
01-01 23:34:53.895 I/chatty  (26825): uid=1047(cameraserver) provider@2.4-se expire 2 lines
01-01 23:34:53.904 D/mfnr_arcsoft jni(10837): arcsoft updateIso iso:381
01-01 23:34:53.928 I/chatty  (26825): uid=1047(cameraserver) provider@2.4-se expire 1 line
01-01 23:34:53.930 I/chatty  (26825): uid=1047(cameraserver) provider@2.4-se expire 1 line
01-01 23:34:53.938 D/mfnr_arcsoft jni(10837): arcsoft updateIso iso:381
01-01 23:34:53.946 I/chatty  (26825): uid=1047(cameraserver) provider@2.4-se expire 2 lines
01-01 23:34:53.961 I/chatty  (26825): uid=1047(cameraserver) provider@2.4-se expire 1 line
01-01 23:34:53.961 I/chatty  (26825): uid=1047(cameraserver) provider@2.4-se expire 2 lines
01-01 23:34:53.977 D/mfnr_arcsoft jni(10837): arcsoft updateIso iso:381
01-01 23:34:53.996 I/chatty  (26825): uid=1047(cameraserver) provider@2.4-se expire 1 line
01-01 23:34:53.998 I/chatty  (26825): uid=1047(cameraserver) provider@2.4-se expire 1 line
01-01 23:34:54.009 D/mfnr_arcsoft jni(10837): arcsoft updateIso iso:381
01-01 23:34:54.013 I/chatty  (26825): uid=1047(cameraserver) provider@2.4-se expire 1 line
01-01 23:34:54.028 I/chatty  (26825): uid=1047(cameraserver) provider@2.4-se expire 1 line
01-01 23:34:54.029 I/chatty  (26825): uid=1047(cameraserver) provider@2.4-se expire 2 lines
01-01 23:34:54.042 D/mfnr_arcsoft jni(10837): arcsoft updateIso iso:381
01-01 23:34:54.046 I/chatty  (26825): uid=1047(cameraserver) provider@2.4-se expire 1 line
01-01 23:34:54.061 I/chatty  (26825): uid=1047(cameraserver) provider@2.4-se expire 1 line
01-01 23:34:54.063 I/chatty  (26825): uid=1047(cameraserver) provider@2.4-se expire 1 line
01-01 23:34:54.071 D/mfnr_arcsoft jni(10837): arcsoft updateIso iso:381
01-01 23:34:54.079 I/chatty  (26825): uid=1047(cameraserver) provider@2.4-se expire 1 line
01-01 23:34:54.094 I/chatty  (26825): uid=1047(cameraserver) provider@2.4-se expire 1 line
01-01 23:34:54.095 I/chatty  (26825): uid=1047(cameraserver) provider@2.4-se expire 2 lines
01-01 23:34:54.101 I/chatty  (26825): uid=1047(cameraserver) provider@2.4-se expire 1 line
01-01 23:34:54.104 D/mfnr_arcsoft jni(10837): arcsoft updateIso iso:381
01-01 23:34:54.113 I/chatty  (26825): uid=1047(cameraserver) provider@2.4-se expire 1 line
01-01 23:34:54.128 I/chatty  (26825): uid=1047(cameraserver) provider@2.4-se expire 1 line
01-01 23:34:54.131 I/chatty  (26825): uid=1047(cameraserver) provider@2.4-se expire 1 line
01-01 23:34:54.139 D/mfnr_arcsoft jni(10837): arcsoft updateIso iso:381
01-01 23:34:54.146 I/chatty  (26825): uid=1047(cameraserver) provider@2.4-se expire 57 lines
01-01 23:34:54.161 I/chatty  (26825): uid=1047(cameraserver) provider@2.4-se expire 56 lines
01-01 23:34:54.162 I/chatty  (26825): uid=1047(cameraserver) provider@2.4-se expire 56 lines
01-01 23:34:54.171 D/mfnr_arcsoft jni(10837): arcsoft updateIso iso:381
01-01 23:34:54.197 I/chatty  (26825): uid=1047(cameraserver) provider@2.4-se expire 28 lines
01-01 23:34:54.205 D/mfnr_arcsoft jni(10837): arcsoft updateIso iso:381
01-01 23:34:54.241 D/mfnr_arcsoft jni(10837): arcsoft updateIso iso:381
01-01 23:34:54.273 D/mfnr_arcsoft jni(10837): arcsoft updateIso iso:381
01-01 23:34:54.281 W/ServiceManagement(  834): Waited one second for android.hardware.drm@1.0::IDrmFactory/widevine
01-01 23:34:54.286 I/ServiceManagement(  834): getService: Trying again for android.hardware.drm@1.0::IDrmFactory/widevine...
01-01 23:34:54.309 D/mfnr_arcsoft jni(10837): arcsoft updateIso iso:381
01-01 23:34:54.336 D/mfnr_arcsoft jni(10837): arcsoft updateIso iso:381
01-01 23:34:54.371 D/mfnr_arcsoft jni(10837): arcsoft updateIso iso:381
01-01 23:34:54.404 D/mfnr_arcsoft jni(10837): arcsoft updateIso iso:381
01-01 23:34:54.446 D/mfnr_arcsoft jni(10837): arcsoft updateIso iso:381
01-01 23:34:54.473 D/mfnr_arcsoft jni(10837): arcsoft updateIso iso:381
01-01 23:34:54.492 D/CAM_Activity(10837): zclmodule-dispatchTouchEvent-mCaptureModule=com.android.camera.CaptureModule@e8fb1d6
01-01 23:34:54.503 D/mfnr_arcsoft jni(10837): arcsoft updateIso iso:381
01-01 23:34:54.516 D/CAM_Activity(10837): zclmodule-dispatchTouchEvent-mCaptureModule=com.android.camera.CaptureModule@e8fb1d6
01-01 23:34:54.532 D/CAM_Activity(10837): zclmodule-dispatchTouchEvent-mCaptureModule=com.android.camera.CaptureModule@e8fb1d6
01-01 23:34:54.534 D/CAM_Activity(10837): zclmodule-dispatchTouchEvent-mCaptureModule=com.android.camera.CaptureModule@e8fb1d6
01-01 23:34:54.535 D/FHXPERF (10837): CameraActivity::dispatchTouchEvent:MotionEvent { action=ACTION_UP, actionButton=0, id[0]=0, x[0]=377.47574, y[0]=1072.2946, toolType[0]=TOOL_TYPE_FINGER, buttonState=0, classification=NONE, metaState=0, flags=0x0, edgeFlags=0x0, pointerCount=1, historySize=0, eventTime=33461430, downTime=33461387, deviceId=4, source=0x1002, displayId=0 }
01-01 23:34:54.536 D/mfnr_arcsoft jni(10837): arcsoft updateIso iso:381
01-01 23:34:54.536 I/lidachengtestRange(10837): 33
01-01 23:34:54.538 I/singleItemSize(10837): 11|0|empty
01-01 23:34:54.538 I/singleItemSize(10837): 39|1|empty
01-01 23:34:54.539 I/singleItemSize(10837): 67|2|empty
01-01 23:34:54.541 I/singleItemSize(10837): 95|3|empty
01-01 23:34:54.541 I/singleItemSize(10837): 123|4|empty
01-01 23:34:54.542 I/singleItemSize(10837): 151|5|empty
01-01 23:34:54.543 I/singleItemSize(10837): 178|6|empty
01-01 23:34:54.544 I/singleItemSize(10837): 206|7|empty
01-01 23:34:54.545 I/singleItemSize(10837): 234|8|empty
01-01 23:34:54.545 I/singleItemSize(10837): 262|9|empty
01-01 23:34:54.546 I/singleItemSize(10837): 290|10|empty
01-01 23:34:54.547 I/singleItemSize(10837): 318|11|318
01-01 23:34:54.548 I/singleItemSize(10837): 345|12|345
01-01 23:34:54.549 I/singleItemSize(10837): 373|13|373
01-01 23:34:54.551 I/singleItemSize(10837): 401|14|401
01-01 23:34:54.552 I/singleItemSize(10837): 429|15|429
01-01 23:34:54.553 I/singleItemSize(10837): 457|16|457
01-01 23:34:54.554 I/singleItemSize(10837): 484|17|484
01-01 23:34:54.555 I/singleItemSize(10837): 512|18|512
01-01 23:34:54.556 I/singleItemSize(10837): 540|19|540
01-01 23:34:54.558 I/singleItemSize(10837): 568|20|568
01-01 23:34:54.560 I/singleItemSize(10837): 596|21|596
01-01 23:34:54.561 I/singleItemSize(10837): 624|22|624
01-01 23:34:54.562 I/singleItemSize(10837): 651|23|651
01-01 23:34:54.563 I/singleItemSize(10837): 679|24|679
01-01 23:34:54.564 I/singleItemSize(10837): 707|25|707
01-01 23:34:54.565 I/singleItemSize(10837): 735|26|735
01-01 23:34:54.566 I/singleItemSize(10837): 763|27|763
01-01 23:34:54.567 I/singleItemSize(10837): 791|28|791
01-01 23:34:54.568 I/singleItemSize(10837): 818|29|818
01-01 23:34:54.569 I/singleItemSize(10837): 846|30|846
01-01 23:34:54.570 I/singleItemSize(10837): 874|31|874
01-01 23:34:54.571 I/singleItemSize(10837): 902|32|902
01-01 23:34:54.572 I/singleItemSize(10837): 930|33|930
01-01 23:34:54.573 I/singleItemSize(10837): 958|34|958
01-01 23:34:54.574 I/singleItemSize(10837): 985|35|985
01-01 23:34:54.575 I/singleItemSize(10837): 1013|36|1013
01-01 23:34:54.576 I/singleItemSize(10837): 1041|37|1041
01-01 23:34:54.577 D/mfnr_arcsoft jni(10837): arcsoft updateIso iso:381
01-01 23:34:54.577 I/singleItemSize(10837): 1069|38|1069
01-01 23:34:54.578 I/singleItemSize(10837): 1097|39|1097
01-01 23:34:54.579 I/singleItemSize(10837): 1124|40|1124
01-01 23:34:54.580 I/singleItemSize(10837): 1152|41|1152
01-01 23:34:54.581 I/singleItemSize(10837): 1180|42|1180
01-01 23:34:54.582 I/singleItemSize(10837): 1208|43|1208
01-01 23:34:54.584 I/singleItemSize(10837): 1236|44|1236
01-01 23:34:54.584 I/singleItemSize(10837): 1264|45|1264
01-01 23:34:54.585 I/singleItemSize(10837): 1291|46|1291
01-01 23:34:54.585 I/singleItemSize(10837): 1319|47|1319
01-01 23:34:54.586 I/singleItemSize(10837): 1347|48|1347
01-01 23:34:54.586 I/singleItemSize(10837): 1375|49|1375
01-01 23:34:54.587 I/singleItemSize(10837): 1403|50|1403
01-01 23:34:54.587 I/singleItemSize(10837): 1431|51|1431
01-01 23:34:54.588 I/singleItemSize(10837): 1458|52|1458
01-01 23:34:54.588 I/singleItemSize(10837): 1486|53|1486
01-01 23:34:54.589 I/singleItemSize(10837): 1514|54|1514
01-01 23:34:54.590 I/singleItemSize(10837): 1542|55|1542
01-01 23:34:54.590 I/singleItemSize(10837): 1570|56|1570
01-01 23:34:54.591 I/singleItemSize(10837): 1597|57|1597
01-01 23:34:54.591 I/singleItemSize(10837): 1625|58|1625
01-01 23:34:54.592 I/singleItemSize(10837): 1653|59|1653
01-01 23:34:54.592 I/singleItemSize(10837): 1681|60|1681
01-01 23:34:54.593 I/singleItemSize(10837): 1709|61|1709
01-01 23:34:54.594 I/singleItemSize(10837): 1737|62|1737
01-01 23:34:54.594 I/singleItemSize(10837): 1764|63|1764
01-01 23:34:54.595 I/singleItemSize(10837): 1792|64|1792
01-01 23:34:54.595 I/singleItemSize(10837): 1820|65|1820
01-01 23:34:54.596 I/singleItemSize(10837): 1848|66|1848
01-01 23:34:54.596 I/singleItemSize(10837): 1876|67|1876
01-01 23:34:54.597 I/singleItemSize(10837): 1904|68|1904
01-01 23:34:54.598 I/singleItemSize(10837): 1931|69|1931
01-01 23:34:54.598 I/singleItemSize(10837): 1959|70|1959
01-01 23:34:54.599 I/singleItemSize(10837): 1987|71|1987
01-01 23:34:54.599 I/singleItemSize(10837): 2015|72|2015
01-01 23:34:54.600 I/singleItemSize(10837): 2043|73|2043
01-01 23:34:54.601 I/singleItemSize(10837): 2071|74|2071
01-01 23:34:54.602 I/singleItemSize(10837): 2098|75|2098
01-01 23:34:54.605 I/singleItemSize(10837): 2126|76|2126
01-01 23:34:54.605 I/singleItemSize(10837): 2154|77|2154
01-01 23:34:54.606 I/singleItemSize(10837): 2182|78|2182
01-01 23:34:54.606 I/singleItemSize(10837): 2210|79|2210
01-01 23:34:54.607 I/singleItemSize(10837): 2238|80|2238
01-01 23:34:54.607 I/singleItemSize(10837): 2265|81|2265
01-01 23:34:54.608 I/singleItemSize(10837): 2293|82|2293
01-01 23:34:54.608 D/mfnr_arcsoft jni(10837): arcsoft updateIso iso:381
01-01 23:34:54.608 I/singleItemSize(10837): 2321|83|2321
01-01 23:34:54.608 I/singleItemSize(10837): 2349|84|2349
01-01 23:34:54.609 I/singleItemSize(10837): 2377|85|2377
01-01 23:34:54.609 I/singleItemSize(10837): 2404|86|2404
01-01 23:34:54.609 I/singleItemSize(10837): 2432|87|2432
01-01 23:34:54.610 I/singleItemSize(10837): 2460|88|2460
01-01 23:34:54.610 I/singleItemSize(10837): 2488|89|empty
01-01 23:34:54.610 I/singleItemSize(10837): 2516|90|empty
01-01 23:34:54.611 I/singleItemSize(10837): 2544|91|empty
01-01 23:34:54.611 I/singleItemSize(10837): 2571|92|empty
01-01 23:34:54.611 I/singleItemSize(10837): 2599|93|empty
01-01 23:34:54.612 I/singleItemSize(10837): 2627|94|empty
01-01 23:34:54.612 I/singleItemSize(10837): 2655|95|empty
01-01 23:34:54.612 I/singleItemSize(10837): 2683|96|empty
01-01 23:34:54.613 I/singleItemSize(10837): 2711|97|empty
01-01 23:34:54.613 I/singleItemSize(10837): 2738|98|empty
01-01 23:34:54.613 I/singleItemSize(10837): 2766|99|empty
01-01 23:34:54.623 D/CAM_Controls(10837): togglePowerSaveMode:false
01-01 23:34:54.632 I/chatty  (26825): uid=1047(cameraserver) provider@2.4-se expire 3 lines
01-01 23:34:54.635 D/mfnr_arcsoft jni(10837): arcsoft updateIso iso:381
01-01 23:34:54.638 I/selectWvValues(10837): 33||
01-01 23:34:54.638 I/selectWvValues(10837): 42||
01-01 23:34:54.638 D/CAFSettingManager(10837): setPropertyAsInt:pref_camera2_manual_temperature_key=>43
01-01 23:34:54.639 D/SnapCam_SettingsManager(10837): updateMapAndNotify:pref_camera2_manual_temperature_key
01-01 23:34:54.639 D/SnapCam_SettingsManager(10837): checkDependencyAndUpdate: same as previous value:5200,prevValue:5200
01-01 23:34:54.639 D/SnapCam_SettingsManager(10837): No changed
01-01 23:34:54.639 D/CAFSettingManager(10837): setPropertyAsInt:2,43
01-01 23:34:54.652 D/CAM_Controls(10837): togglePowerSaveMode:false
01-01 23:34:54.668 D/mfnr_arcsoft jni(10837): arcsoft updateIso iso:381
01-01 23:34:54.707 D/mfnr_arcsoft jni(10837): arcsoft updateIso iso:381
01-01 23:34:54.736 D/mfnr_arcsoft jni(10837): arcsoft updateIso iso:381
01-01 23:34:54.771 D/mfnr_arcsoft jni(10837): arcsoft updateIso iso:381
01-01 23:34:54.805 D/mfnr_arcsoft jni(10837): arcsoft updateIso iso:381
01-01 23:34:54.845 D/mfnr_arcsoft jni(10837): arcsoft updateIso iso:381
01-01 23:34:54.872 D/mfnr_arcsoft jni(10837): arcsoft updateIso iso:381
01-01 23:34:54.905 D/mfnr_arcsoft jni(10837): arcsoft updateIso iso:381
01-01 23:34:54.935 D/mfnr_arcsoft jni(10837): arcsoft updateIso iso:381
01-01 23:34:54.971 D/mfnr_arcsoft jni(10837): arcsoft updateIso iso:381
01-01 23:34:55.003 D/mfnr_arcsoft jni(10837): arcsoft updateIso iso:381
01-01 23:34:55.040 D/mfnr_arcsoft jni(10837): arcsoft updateIso iso:381
01-01 23:34:55.071 D/mfnr_arcsoft jni(10837): arcsoft updateIso iso:381
01-01 23:34:55.104 D/mfnr_arcsoft jni(10837): arcsoft updateIso iso:381
01-01 23:34:55.137 D/mfnr_arcsoft jni(10837): arcsoft updateIso iso:381
01-01 23:34:55.189 D/mfnr_arcsoft jni(10837): arcsoft updateIso iso:381
01-01 23:34:55.203 D/mfnr_arcsoft jni(10837): arcsoft updateIso iso:381
01-01 23:34:55.240 D/mfnr_arcsoft jni(10837): arcsoft updateIso iso:381
01-01 23:34:55.268 D/mfnr_arcsoft jni(10837): arcsoft updateIso iso:381
01-01 23:34:55.287 W/ServiceManagement(  834): Waited one second for android.hardware.drm@1.0::IDrmFactory/widevine
01-01 23:34:55.290 I/ServiceManagement(  834): getService: Trying again for android.hardware.drm@1.0::IDrmFactory/widevine...
01-01 23:34:55.302 D/mfnr_arcsoft jni(10837): arcsoft updateIso iso:381
01-01 23:34:55.335 D/mfnr_arcsoft jni(10837): arcsoft updateIso iso:381
01-01 23:34:55.369 D/mfnr_arcsoft jni(10837): arcsoft updateIso iso:381
01-01 23:34:55.404 D/mfnr_arcsoft jni(10837): arcsoft updateIso iso:381
01-01 23:34:55.439 D/mfnr_arcsoft jni(10837): arcsoft updateIso iso:381
01-01 23:34:55.473 D/mfnr_arcsoft jni(10837): arcsoft updateIso iso:381
01-01 23:34:55.502 D/mfnr_arcsoft jni(10837): arcsoft updateIso iso:381
01-01 23:34:55.537 D/mfnr_arcsoft jni(10837): arcsoft updateIso iso:381
01-01 23:34:55.569 D/mfnr_arcsoft jni(10837): arcsoft updateIso iso:381
01-01 23:34:55.602 D/mfnr_arcsoft jni(10837): arcsoft updateIso iso:381
01-01 23:34:55.639 D/mfnr_arcsoft jni(10837): arcsoft updateIso iso:381
01-01 23:34:55.669 D/mfnr_arcsoft jni(10837): arcsoft updateIso iso:381
01-01 23:34:55.699 D/mfnr_arcsoft jni(10837): arcsoft updateIso iso:381
01-01 23:34:55.731 D/mfnr_arcsoft jni(10837): arcsoft updateIso iso:381
01-01 23:34:55.769 D/mfnr_arcsoft jni(10837): arcsoft updateIso iso:381
01-01 23:34:55.792 I/roid.app.camer(10837): Background concurrent copying GC freed 13635(516KB) AllocSpace objects, 71(28MB) LOS objects, 39% free, 37MB/61MB, paused 117us total 190.259ms
01-01 23:34:55.800 D/mfnr_arcsoft jni(10837): arcsoft updateIso iso:381
01-01 23:34:55.833 D/mfnr_arcsoft jni(10837): arcsoft updateIso iso:381
01-01 23:34:55.865 D/mfnr_arcsoft jni(10837): arcsoft updateIso iso:381
01-01 23:34:55.901 D/mfnr_arcsoft jni(10837): arcsoft updateIso iso:381
01-01 23:34:55.938 D/mfnr_arcsoft jni(10837): arcsoft updateIso iso:381
01-01 23:34:55.972 D/mfnr_arcsoft jni(10837): arcsoft updateIso iso:381
01-01 23:34:56.004 D/mfnr_arcsoft jni(10837): arcsoft updateIso iso:381
01-01 23:34:56.023 I/chatty  (26825): uid=1047(cameraserver) provider@2.4-se expire 1 line
01-01 23:34:56.023 I/chatty  (26825): uid=1047(cameraserver) provider@2.4-se expire 1 line
01-01 23:34:56.041 D/mfnr_arcsoft jni(10837): arcsoft updateIso iso:381
01-01 23:34:56.041 I/chatty  (26825): uid=1047(cameraserver) provider@2.4-se expire 1 line
01-01 23:34:56.057 I/chatty  (26825): uid=1047(cameraserver) provider@2.4-se expire 1 line
01-01 23:34:56.057 I/chatty  (26825): uid=1047(cameraserver) provider@2.4-se expire 1 line
01-01 23:34:56.059 I/chatty  (26825): uid=1047(cameraserver) provider@2.4-se expire 1 line
01-01 23:34:56.071 D/mfnr_arcsoft jni(10837): arcsoft updateIso iso:381
01-01 23:34:56.075 I/chatty  (26825): uid=1047(cameraserver) provider@2.4-se expire 1 line
01-01 23:34:56.090 I/chatty  (26825): uid=1047(cameraserver) provider@2.4-se expire 1 line
01-01 23:34:56.091 I/chatty  (26825): uid=1047(cameraserver) provider@2.4-se expire 2 lines
01-01 23:34:56.102 D/mfnr_arcsoft jni(10837): arcsoft updateIso iso:381
01-01 23:34:56.108 I/chatty  (26825): uid=1047(cameraserver) provider@2.4-se expire 1 line
01-01 23:34:56.123 I/chatty  (26825): uid=1047(cameraserver) provider@2.4-se expire 1 line
01-01 23:34:56.125 I/chatty  (26825): uid=1047(cameraserver) provider@2.4-se expire 1 line
01-01 23:34:56.133 D/mfnr_arcsoft jni(10837): arcsoft updateIso iso:381
01-01 23:34:56.141 I/chatty  (26825): uid=1047(cameraserver) provider@2.4-se expire 2 lines
01-01 23:34:56.156 I/chatty  (26825): uid=1047(cameraserver) provider@2.4-se expire 1 line
01-01 23:34:56.156 I/chatty  (26825): uid=1047(cameraserver) provider@2.4-se expire 57 lines
01-01 23:34:56.169 D/mfnr_arcsoft jni(10837): arcsoft updateIso iso:381
01-01 23:34:56.189 I/chatty  (26825): uid=1047(cameraserver) provider@2.4-se expire 55 lines
01-01 23:34:56.191 I/chatty  (26825): uid=1047(cameraserver) provider@2.4-se expire 28 lines
01-01 23:34:56.199 D/mfnr_arcsoft jni(10837): arcsoft updateIso iso:381
01-01 23:34:56.208 I/chatty  (26825): uid=1047(cameraserver) provider@2.4-se expire 55 lines
01-01 23:34:56.227 I/chatty  (26825): uid=1047(cameraserver) provider@2.4-se expire 5 lines
01-01 23:34:56.241 D/mfnr_arcsoft jni(10837): arcsoft updateIso iso:381
01-01 23:34:56.266 D/mfnr_arcsoft jni(10837): arcsoft updateIso iso:381
01-01 23:34:56.290 W/ServiceManagement(  834): Waited one second for android.hardware.drm@1.0::IDrmFactory/widevine
01-01 23:34:56.293 I/ServiceManagement(  834): getService: Trying again for android.hardware.drm@1.0::IDrmFactory/widevine...
01-01 23:34:56.301 D/mfnr_arcsoft jni(10837): arcsoft updateIso iso:381
01-01 23:34:56.334 D/mfnr_arcsoft jni(10837): arcsoft updateIso iso:381
01-01 23:34:56.375 D/mfnr_arcsoft jni(10837): arcsoft updateIso iso:381
01-01 23:34:56.404 D/mfnr_arcsoft jni(10837): arcsoft updateIso iso:381
01-01 23:34:56.446 D/mfnr_arcsoft jni(10837): arcsoft updateIso iso:381
01-01 23:34:56.464 D/mfnr_arcsoft jni(10837): arcsoft updateIso iso:381
01-01 23:34:56.499 D/mfnr_arcsoft jni(10837): arcsoft updateIso iso:381
01-01 23:34:56.535 D/mfnr_arcsoft jni(10837): arcsoft updateIso iso:381
01-01 23:34:56.586 D/mfnr_arcsoft jni(10837): arcsoft updateIso iso:381
01-01 23:34:56.599 D/mfnr_arcsoft jni(10837): arcsoft updateIso iso:381
01-01 23:34:56.644 D/mfnr_arcsoft jni(10837): arcsoft updateIso iso:381
01-01 23:34:56.670 D/mfnr_arcsoft jni(10837): arcsoft updateIso iso:381
01-01 23:34:56.704 D/mfnr_arcsoft jni(10837): arcsoft updateIso iso:381
01-01 23:34:56.733 D/mfnr_arcsoft jni(10837): arcsoft updateIso iso:381
01-01 23:34:56.765 D/mfnr_arcsoft jni(10837): arcsoft updateIso iso:381
01-01 23:34:56.797 D/mfnr_arcsoft jni(10837): arcsoft updateIso iso:381
01-01 23:34:56.831 D/mfnr_arcsoft jni(10837): arcsoft updateIso iso:381
01-01 23:34:56.861 D/mfnr_arcsoft jni(10837): arcsoft updateIso iso:381
01-01 23:34:56.902 D/mfnr_arcsoft jni(10837): arcsoft updateIso iso:381
01-01 23:34:56.929 D/mfnr_arcsoft jni(10837): arcsoft updateIso iso:381
01-01 23:34:56.963 D/mfnr_arcsoft jni(10837): arcsoft updateIso iso:381
01-01 23:34:57.000 D/mfnr_arcsoft jni(10837): arcsoft updateIso iso:381
01-01 23:34:57.029 D/mfnr_arcsoft jni(10837): arcsoft updateIso iso:381
01-01 23:34:57.064 D/mfnr_arcsoft jni(10837): arcsoft updateIso iso:381
01-01 23:34:57.099 D/mfnr_arcsoft jni(10837): arcsoft updateIso iso:381
01-01 23:34:57.130 D/mfnr_arcsoft jni(10837): arcsoft updateIso iso:381
01-01 23:34:57.164 D/mfnr_arcsoft jni(10837): arcsoft updateIso iso:381
01-01 23:34:57.196 D/mfnr_arcsoft jni(10837): arcsoft updateIso iso:381
01-01 23:34:57.238 D/mfnr_arcsoft jni(10837): arcsoft updateIso iso:381
01-01 23:34:57.269 D/mfnr_arcsoft jni(10837): arcsoft updateIso iso:381
01-01 23:34:57.293 W/ServiceManagement(  834): Waited one second for android.hardware.drm@1.0::IDrmFactory/widevine
01-01 23:34:57.295 I/ServiceManagement(  834): getService: Trying again for android.hardware.drm@1.0::IDrmFactory/widevine...
01-01 23:34:57.298 D/mfnr_arcsoft jni(10837): arcsoft updateIso iso:381
01-01 23:34:57.331 D/mfnr_arcsoft jni(10837): arcsoft updateIso iso:381
01-01 23:34:57.368 D/mfnr_arcsoft jni(10837): arcsoft updateIso iso:381
01-01 23:34:57.397 D/mfnr_arcsoft jni(10837): arcsoft updateIso iso:381
01-01 23:34:57.442 D/mfnr_arcsoft jni(10837): arcsoft updateIso iso:381
01-01 23:34:57.457 I/DPMJ    ( 1883): |REQ:RCVR| DPM creating socket
01-01 23:34:57.463 D/mfnr_arcsoft jni(10837): arcsoft updateIso iso:381
01-01 23:34:57.497 D/mfnr_arcsoft jni(10837): arcsoft updateIso iso:381
01-01 23:34:57.531 D/mfnr_arcsoft jni(10837): arcsoft updateIso iso:381
01-01 23:34:57.565 D/mfnr_arcsoft jni(10837): arcsoft updateIso iso:381
01-01 23:34:57.597 D/mfnr_arcsoft jni(10837): arcsoft updateIso iso:381
01-01 23:34:57.632 D/mfnr_arcsoft jni(10837): arcsoft updateIso iso:381
01-01 23:34:57.665 D/mfnr_arcsoft jni(10837): arcsoft updateIso iso:381
01-01 23:34:57.681 D/audio_hw_primary(  607): out_standby: enter: stream (0xeb3f4800) usecase(1: low-latency-playback)
01-01 23:34:57.706 D/mfnr_arcsoft jni(10837): arcsoft updateIso iso:381
01-01 23:34:57.737 D/mfnr_arcsoft jni(10837): arcsoft updateIso iso:381
01-01 23:34:57.761 D/audio_hw_primary(  607): disable_audio_route: reset and update mixer path: low-latency-playback
01-01 23:34:57.765 D/soundtrigger(  607): audio_extn_sound_trigger_update_stream_status: uc_info->id 1 of type 0 for Event 2, with Raise=0
01-01 23:34:57.765 D/msm8916_platform(  607): platform_split_snd_device: snd_device(2) num devices(0) new_snd_devices(0)
01-01 23:34:57.765 I/msm8916_platform(  607): platform_get_custom_mtmx_params: no matching param with id 0 ip_ch 2 op_ch 1 uc_id 1 snd_dev 2
01-01 23:34:57.765 D/mfnr_arcsoft jni(10837): arcsoft updateIso iso:381
01-01 23:34:57.765 D/hardware_info(  607): hw_info_append_hw_type : device_name = speaker
01-01 23:34:57.765 D/audio_hw_primary(  607): disable_snd_device: snd_device(2: speaker)
01-01 23:34:57.765 D/msm8916_platform(  607): platform_split_snd_device: snd_device(2) num devices(0) new_snd_devices(0)
01-01 23:34:57.777 I/soundtrigger(  607): audio_extn_sound_trigger_update_device_status: device 0x2 of type 0 for Event 0, with Raise=0
01-01 23:34:57.777 D/audio_hw_primary(  607): out_standby: exit
01-01 23:34:57.797 D/mfnr_arcsoft jni(10837): arcsoft updateIso iso:381
01-01 23:34:57.830 D/mfnr_arcsoft jni(10837): arcsoft updateIso iso:381
01-01 23:34:57.866 D/mfnr_arcsoft jni(10837): arcsoft updateIso iso:381
01-01 23:34:57.893 D/mfnr_arcsoft jni(10837): arcsoft updateIso iso:381
01-01 23:34:57.928 D/mfnr_arcsoft jni(10837): arcsoft updateIso iso:381
01-01 23:34:57.958 D/mfnr_arcsoft jni(10837): arcsoft updateIso iso:381
01-01 23:34:57.993 D/mfnr_arcsoft jni(10837): arcsoft updateIso iso:381
01-01 23:34:58.012 I/roid.app.camer(10837): Background concurrent copying GC freed 7057(322KB) AllocSpace objects, 70(27MB) LOS objects, 39% free, 37MB/61MB, paused 131us total 180.167ms
01-01 23:34:58.018 I/chatty  (26825): uid=1047(cameraserver) provider@2.4-se expire 1 line
01-01 23:34:58.020 I/chatty  (26825): uid=1047(cameraserver) provider@2.4-se expire 1 line
01-01 23:34:58.025 D/mfnr_arcsoft jni(10837): arcsoft updateIso iso:381
01-01 23:34:58.037 I/chatty  (26825): uid=1047(cameraserver) provider@2.4-se expire 1 line
01-01 23:34:58.052 I/chatty  (26825): uid=1047(cameraserver) provider@2.4-se expire 1 line
01-01 23:34:58.052 I/chatty  (26825): uid=1047(cameraserver) provider@2.4-se expire 2 lines
01-01 23:34:58.064 D/mfnr_arcsoft jni(10837): arcsoft updateIso iso:381
01-01 23:34:58.070 I/chatty  (26825): uid=1047(cameraserver) provider@2.4-se expire 57 lines
01-01 23:34:58.088 I/chatty  (26825): uid=1047(cameraserver) provider@2.4-se expire 57 lines
01-01 23:34:58.089 I/chatty  (26825): uid=1047(cameraserver) provider@2.4-se expire 29 lines
01-01 23:34:58.097 D/mfnr_arcsoft jni(10837): arcsoft updateIso iso:381
01-01 23:34:58.118 I/chatty  (26825): uid=1047(cameraserver) provider@2.4-se expire 56 lines
01-01 23:34:58.127 D/mfnr_arcsoft jni(10837): arcsoft updateIso iso:381
01-01 23:34:58.164 D/mfnr_arcsoft jni(10837): arcsoft updateIso iso:381
01-01 23:34:58.195 D/mfnr_arcsoft jni(10837): arcsoft updateIso iso:381
01-01 23:34:58.228 D/mfnr_arcsoft jni(10837): arcsoft updateIso iso:381
01-01 23:34:58.261 D/mfnr_arcsoft jni(10837): arcsoft updateIso iso:381
01-01 23:34:58.293 D/mfnr_arcsoft jni(10837): arcsoft updateIso iso:381
01-01 23:34:58.296 W/ServiceManagement(  834): Waited one second for android.hardware.drm@1.0::IDrmFactory/widevine
01-01 23:34:58.298 I/ServiceManagement(  834): getService: Trying again for android.hardware.drm@1.0::IDrmFactory/widevine...
01-01 23:34:58.330 D/mfnr_arcsoft jni(10837): arcsoft updateIso iso:381
01-01 23:34:58.355 I/chatty  (26825): uid=1047(cameraserver) provider@2.4-se expire 4 lines
01-01 23:34:58.361 D/mfnr_arcsoft jni(10837): arcsoft updateIso iso:381
01-01 23:34:58.404 D/mfnr_arcsoft jni(10837): arcsoft updateIso iso:381
01-01 23:34:58.427 D/mfnr_arcsoft jni(10837): arcsoft updateIso iso:381
01-01 23:34:58.460 D/mfnr_arcsoft jni(10837): arcsoft updateIso iso:381
01-01 23:34:58.496 D/mfnr_arcsoft jni(10837): arcsoft updateIso iso:381
01-01 23:34:58.533 D/mfnr_arcsoft jni(10837): arcsoft updateIso iso:381
01-01 23:34:58.562 D/mfnr_arcsoft jni(10837): arcsoft updateIso iso:381
01-01 23:34:58.592 D/mfnr_arcsoft jni(10837): arcsoft updateIso iso:381
01-01 23:34:58.627 D/mfnr_arcsoft jni(10837): arcsoft updateIso iso:381
01-01 23:34:58.660 D/mfnr_arcsoft jni(10837): arcsoft updateIso iso:381
01-01 23:34:58.695 D/mfnr_arcsoft jni(10837): arcsoft updateIso iso:381
01-01 23:34:58.727 D/mfnr_arcsoft jni(10837): arcsoft updateIso iso:381
01-01 23:34:58.765 D/mfnr_arcsoft jni(10837): arcsoft updateIso iso:381
01-01 23:34:58.796 D/mfnr_arcsoft jni(10837): arcsoft updateIso iso:381
01-01 23:34:58.824 D/mfnr_arcsoft jni(10837): arcsoft updateIso iso:381
01-01 23:34:58.860 D/mfnr_arcsoft jni(10837): arcsoft updateIso iso:381
01-01 23:34:58.895 D/mfnr_arcsoft jni(10837): arcsoft updateIso iso:381
01-01 23:34:58.930 D/mfnr_arcsoft jni(10837): arcsoft updateIso iso:381
01-01 23:34:58.969 D/mfnr_arcsoft jni(10837): arcsoft updateIso iso:381
01-01 23:34:58.997 D/mfnr_arcsoft jni(10837): arcsoft updateIso iso:381
01-01 23:34:58.980 W/swapper/4(    0): type=1400 audit(0.0:9507): avc: denied { kill } for capability=5 scontext=u:r:kernel:s0 tcontext=u:r:kernel:s0 tclass=capability permissive=0
01-01 23:34:59.027 D/mfnr_arcsoft jni(10837): arcsoft updateIso iso:381
01-01 23:34:59.057 D/mfnr_arcsoft jni(10837): arcsoft updateIso iso:381
01-01 23:34:59.089 D/mfnr_arcsoft jni(10837): arcsoft updateIso iso:381
01-01 23:34:59.104 I/roid.app.camer(10837): Background young concurrent copying GC freed 3958(235KB) AllocSpace objects, 64(25MB) LOS objects, 37% free, 38MB/61MB, paused 175us total 107.980ms
01-01 23:34:59.123 D/mfnr_arcsoft jni(10837): arcsoft updateIso iso:381
01-01 23:34:59.157 D/mfnr_arcsoft jni(10837): arcsoft updateIso iso:381
01-01 23:34:59.197 D/mfnr_arcsoft jni(10837): arcsoft updateIso iso:381
01-01 23:34:59.225 D/mfnr_arcsoft jni(10837): arcsoft updateIso iso:381
01-01 23:34:59.260 D/mfnr_arcsoft jni(10837): arcsoft updateIso iso:381
01-01 23:34:59.292 D/mfnr_arcsoft jni(10837): arcsoft updateIso iso:381
01-01 23:34:59.299 W/ServiceManagement(  834): Waited one second for android.hardware.drm@1.0::IDrmFactory/widevine
01-01 23:34:59.301 I/ServiceManagement(  834): getService: Trying again for android.hardware.drm@1.0::IDrmFactory/widevine...
01-01 23:34:59.325 D/mfnr_arcsoft jni(10837): arcsoft updateIso iso:381
01-01 23:34:59.358 D/mfnr_arcsoft jni(10837): arcsoft updateIso iso:381
01-01 23:34:59.392 D/mfnr_arcsoft jni(10837): arcsoft updateIso iso:381
01-01 23:34:59.426 D/mfnr_arcsoft jni(10837): arcsoft updateIso iso:381
01-01 23:34:59.457 D/mfnr_arcsoft jni(10837): arcsoft updateIso iso:381
01-01 23:34:59.493 D/mfnr_arcsoft jni(10837): arcsoft updateIso iso:381
01-01 23:34:59.535 D/mfnr_arcsoft jni(10837): arcsoft updateIso iso:381
01-01 23:34:59.559 D/mfnr_arcsoft jni(10837): arcsoft updateIso iso:381
01-01 23:34:59.591 D/mfnr_arcsoft jni(10837): arcsoft updateIso iso:381
01-01 23:34:59.625 D/mfnr_arcsoft jni(10837): arcsoft updateIso iso:381
01-01 23:34:59.657 D/mfnr_arcsoft jni(10837): arcsoft updateIso iso:381
01-01 23:34:59.693 D/mfnr_arcsoft jni(10837): arcsoft updateIso iso:381
01-01 23:34:59.723 D/mfnr_arcsoft jni(10837): arcsoft updateIso iso:381
01-01 23:34:59.758 D/mfnr_arcsoft jni(10837): arcsoft updateIso iso:381
01-01 23:34:59.793 D/mfnr_arcsoft jni(10837): arcsoft updateIso iso:381
01-01 23:34:59.826 D/mfnr_arcsoft jni(10837): arcsoft updateIso iso:381
01-01 23:34:59.857 D/mfnr_arcsoft jni(10837): arcsoft updateIso iso:381
01-01 23:34:59.890 D/mfnr_arcsoft jni(10837): arcsoft updateIso iso:381
01-01 23:34:59.927 D/mfnr_arcsoft jni(10837): arcsoft updateIso iso:381
01-01 23:34:59.957 D/mfnr_arcsoft jni(10837): arcsoft updateIso iso:381
01-01 23:34:59.965 I/chatty  (26825): uid=1047(cameraserver) provider@2.4-se expire 1 line
01-01 23:34:59.980 I/chatty  (26825): uid=1047(cameraserver) provider@2.4-se expire 1 line
01-01 23:34:59.987 I/chatty  (26825): uid=1047(cameraserver) provider@2.4-se expire 53 lines
01-01 23:34:59.989 I/chatty  (26825): uid=1047(cameraserver) provider@2.4-se expire 26 lines
01-01 23:34:59.998 I/chatty  (26825): uid=1047(cameraserver) provider@2.4-se expire 52 lines
01-01 23:34:59.998 D/mfnr_arcsoft jni(10837): arcsoft updateIso iso:381
01-01 23:35:00.007 D/KeyguardUpdateMonitor( 1802): received broadcast android.intent.action.TIME_TICK
01-01 23:35:00.008 D/KeyguardUpdateMonitor( 1802): handleTimeUpdate
01-01 23:35:00.009 D/KeyguardClockSwitch( 1802): Updating clock: 1135
01-01 23:35:00.013 I/chatty  (26825): uid=1047(cameraserver) provider@2.4-se expire 51 lines
01-01 23:35:00.029 D/mfnr_arcsoft jni(10837): arcsoft updateIso iso:381
01-01 23:35:00.059 D/mfnr_arcsoft jni(10837): arcsoft updateIso iso:381
01-01 23:35:00.090 D/mfnr_arcsoft jni(10837): arcsoft updateIso iso:381
01-01 23:35:00.124 D/mfnr_arcsoft jni(10837): arcsoft updateIso iso:381
01-01 23:35:00.154 D/mfnr_arcsoft jni(10837): arcsoft updateIso iso:381
01-01 23:35:00.188 D/mfnr_arcsoft jni(10837): arcsoft updateIso iso:381
01-01 23:35:00.220 D/mfnr_arcsoft jni(10837): arcsoft updateIso iso:381
01-01 23:35:00.251 I/roid.app.camer(10837): Background concurrent copying GC freed 5136(262KB) AllocSpace objects, 70(27MB) LOS objects, 39% free, 37MB/61MB, paused 166us total 193.813ms
01-01 23:35:00.254 D/mfnr_arcsoft jni(10837): arcsoft updateIso iso:381
01-01 23:35:00.289 D/mfnr_arcsoft jni(10837): arcsoft updateIso iso:381
01-01 23:35:00.301 W/ServiceManagement(  834): Waited one second for android.hardware.drm@1.0::IDrmFactory/widevine
01-01 23:35:00.304 I/ServiceManagement(  834): getService: Trying again for android.hardware.drm@1.0::IDrmFactory/widevine...
01-01 23:35:00.325 D/mfnr_arcsoft jni(10837): arcsoft updateIso iso:381
01-01 23:35:00.359 D/mfnr_arcsoft jni(10837): arcsoft updateIso iso:381
01-01 23:35:00.389 D/mfnr_arcsoft jni(10837): arcsoft updateIso iso:381
01-01 23:35:00.423 D/mfnr_arcsoft jni(10837): arcsoft updateIso iso:381
01-01 23:35:00.460 D/mfnr_arcsoft jni(10837): arcsoft updateIso iso:381
01-01 23:35:00.484 I/chatty  (26825): uid=1047(cameraserver) provider@2.4-se expire 5 lines
01-01 23:35:00.490 D/mfnr_arcsoft jni(10837): arcsoft updateIso iso:381
01-01 23:35:00.531 D/mfnr_arcsoft jni(10837): arcsoft updateIso iso:381
01-01 23:35:00.556 D/mfnr_arcsoft jni(10837): arcsoft updateIso iso:381
01-01 23:35:00.592 D/mfnr_arcsoft jni(10837): arcsoft updateIso iso:381
01-01 23:35:00.625 D/mfnr_arcsoft jni(10837): arcsoft updateIso iso:381
01-01 23:35:00.667 D/mfnr_arcsoft jni(10837): arcsoft updateIso iso:381
01-01 23:35:00.691 D/mfnr_arcsoft jni(10837): arcsoft updateIso iso:381
01-01 23:35:00.723 D/mfnr_arcsoft jni(10837): arcsoft updateIso iso:381
01-01 23:35:00.756 D/mfnr_arcsoft jni(10837): arcsoft updateIso iso:381
01-01 23:35:00.789 D/mfnr_arcsoft jni(10837): arcsoft updateIso iso:381
01-01 23:35:00.825 D/mfnr_arcsoft jni(10837): arcsoft updateIso iso:381
01-01 23:35:00.863 D/mfnr_arcsoft jni(10837): arcsoft updateIso iso:381
01-01 23:35:00.889 D/mfnr_arcsoft jni(10837): arcsoft updateIso iso:381
01-01 23:35:00.923 D/mfnr_arcsoft jni(10837): arcsoft updateIso iso:381
01-01 23:35:00.958 D/mfnr_arcsoft jni(10837): arcsoft updateIso iso:381
01-01 23:35:00.990 D/mfnr_arcsoft jni(10837): arcsoft updateIso iso:381
01-01 23:35:01.024 D/mfnr_arcsoft jni(10837): arcsoft updateIso iso:381
01-01 23:35:01.058 D/mfnr_arcsoft jni(10837): arcsoft updateIso iso:381
01-01 23:35:01.090 D/mfnr_arcsoft jni(10837): arcsoft updateIso iso:381
01-01 23:35:01.126 D/mfnr_arcsoft jni(10837): arcsoft updateIso iso:381
01-01 23:35:01.160 D/mfnr_arcsoft jni(10837): arcsoft updateIso iso:381
01-01 23:35:01.191 D/mfnr_arcsoft jni(10837): arcsoft updateIso iso:381
01-01 23:35:01.226 D/mfnr_arcsoft jni(10837): arcsoft updateIso iso:381
01-01 23:35:01.258 D/mfnr_arcsoft jni(10837): arcsoft updateIso iso:381
01-01 23:35:01.286 D/mfnr_arcsoft jni(10837): arcsoft updateIso iso:381
01-01 23:35:01.304 W/ServiceManagement(  834): Waited one second for android.hardware.drm@1.0::IDrmFactory/widevine
01-01 23:35:01.306 I/ServiceManagement(  834): getService: Trying again for android.hardware.drm@1.0::IDrmFactory/widevine...
01-01 23:35:01.317 D/mfnr_arcsoft jni(10837): arcsoft updateIso iso:381
01-01 23:35:01.353 D/mfnr_arcsoft jni(10837): arcsoft updateIso iso:381
01-01 23:35:01.390 D/mfnr_arcsoft jni(10837): arcsoft updateIso iso:381
01-01 23:35:01.423 D/mfnr_arcsoft jni(10837): arcsoft updateIso iso:381
01-01 23:35:01.459 D/mfnr_arcsoft jni(10837): arcsoft updateIso iso:381
01-01 23:35:01.460 I/DPMJ    ( 1883): |REQ:RCVR| DPM creating socket
01-01 23:35:01.491 D/mfnr_arcsoft jni(10837): arcsoft updateIso iso:381
01-01 23:35:01.524 D/mfnr_arcsoft jni(10837): arcsoft updateIso iso:381
01-01 23:35:01.561 D/mfnr_arcsoft jni(10837): arcsoft updateIso iso:381
