01-01 23:35:26.515 E/mm-camera(26825): <IFACE ><ERROR> 2423: iface_axi_handle_sof_event: Event SOF session 1 VFE0, src 0 with frame_id 1013 ts: 80987784303000
01-01 23:35:26.515 E/mm-camera(26825): <IFACE ><ERROR> 2423: iface_axi_handle_sof_event: Event SOF session 1 VFE1, src 0 with frame_id 1013 ts: 80987784388000
01-01 23:35:26.523 D/mfnr_arcsoft jni(10837): arcsoft updateIso iso:381
01-01 23:35:26.533 E/mm-camera(26825): <STATS_AF ><ERROR> 4440: af_port_handle_pdaf_stats: Fail to init buf divert ack ctrl
01-01 23:35:26.549 E/mm-camera(26825): <IFACE ><ERROR> 2423: iface_axi_handle_sof_event: Event SOF session 1 VFE1, src 0 with frame_id 1014 ts: 80987817675000
01-01 23:35:26.550 E/mm-camera(26825): <IFACE ><ERROR> 2423: iface_axi_handle_sof_event: Event SOF session 1 VFE0, src 0 with frame_id 1014 ts: 80987817639000
01-01 23:35:26.552 E/mm-camera(26825): <IMGLIB><ERROR> 5398: module_faceproc_client_send_info: Both processing and reporting streams are same or it is hal3
01-01 23:35:26.553 I/mm-camera(26825): <CPP   >< INFO> 374: cpp_hardware_set_clock: Set clock 133333333 BW avg 82944000 BW inst 82944000
01-01 23:35:26.560 D/mfnr_arcsoft jni(10837): arcsoft updateIso iso:381
01-01 23:35:26.567 E/mm-camera(26825): <STATS_AF ><ERROR> 4440: af_port_handle_pdaf_stats: Fail to init buf divert ack ctrl
01-01 23:35:26.581 E/mm-camera(26825): <IFACE ><ERROR> 2423: iface_axi_handle_sof_event: Event SOF session 1 VFE1, src 0 with frame_id 1015 ts: 80987850972000
01-01 23:35:26.582 E/mm-camera(26825): <IFACE ><ERROR> 2423: iface_axi_handle_sof_event: Event SOF session 1 VFE0, src 0 with frame_id 1015 ts: 80987850879000
01-01 23:35:26.592 D/mfnr_arcsoft jni(10837): arcsoft updateIso iso:381
01-01 23:35:26.600 E/mm-camera(26825): <STATS_AF ><ERROR> 4440: af_port_handle_pdaf_stats: Fail to init buf divert ack ctrl
01-01 23:35:26.614 E/mm-camera(26825): <IFACE ><ERROR> 2423: iface_axi_handle_sof_event: Event SOF session 1 VFE0, src 0 with frame_id 1016 ts: 80987884096000
01-01 23:35:26.615 E/mm-camera(26825): <IFACE ><ERROR> 2423: iface_axi_handle_sof_event: Event SOF session 1 VFE1, src 0 with frame_id 1016 ts: 80987884089000
01-01 23:35:26.616 E/mm-camera(26825): <IMGLIB><ERROR> 5398: module_faceproc_client_send_info: Both processing and reporting streams are same or it is hal3
01-01 23:35:26.623 D/mfnr_arcsoft jni(10837): arcsoft updateIso iso:381
01-01 23:35:26.633 E/mm-camera(26825): <STATS_AF ><ERROR> 4440: af_port_handle_pdaf_stats: Fail to init buf divert ack ctrl
01-01 23:35:26.648 E/mm-camera(26825): <IFACE ><ERROR> 2423: iface_axi_handle_sof_event: Event SOF session 1 VFE0, src 0 with frame_id 1017 ts: 80987917314000
01-01 23:35:26.650 E/mm-camera(26825): <IFACE ><ERROR> 2423: iface_axi_handle_sof_event: Event SOF session 1 VFE1, src 0 with frame_id 1017 ts: 80987917305000
01-01 23:35:26.662 D/mfnr_arcsoft jni(10837): arcsoft updateIso iso:381
01-01 23:35:26.666 E/mm-camera(26825): <STATS_AF ><ERROR> 4440: af_port_handle_pdaf_stats: Fail to init buf divert ack ctrl
01-01 23:35:26.681 E/mm-camera(26825): <IFACE ><ERROR> 2423: iface_axi_handle_sof_event: Event SOF session 1 VFE0, src 0 with frame_id 1018 ts: 80987950598000
01-01 23:35:26.681 E/mm-camera(26825): <IFACE ><ERROR> 2423: iface_axi_handle_sof_event: Event SOF session 1 VFE1, src 0 with frame_id 1018 ts: 80987950555000
01-01 23:35:26.683 E/mm-camera(26825): <IMGLIB><ERROR> 5398: module_faceproc_client_send_info: Both processing and reporting streams are same or it is hal3
01-01 23:35:26.692 D/mfnr_arcsoft jni(10837): arcsoft updateIso iso:381
01-01 23:35:26.700 E/mm-camera(26825): <STATS_AF ><ERROR> 4440: af_port_handle_pdaf_stats: Fail to init buf divert ack ctrl
01-01 23:35:26.714 E/mm-camera(26825): <IFACE ><ERROR> 2423: iface_axi_handle_sof_event: Event SOF session 1 VFE0, src 0 with frame_id 1019 ts: 80987983810000
01-01 23:35:26.714 E/mm-camera(26825): <IFACE ><ERROR> 2423: iface_axi_handle_sof_event: Event SOF session 1 VFE1, src 0 with frame_id 1019 ts: 80987983856000
01-01 23:35:26.724 D/mfnr_arcsoft jni(10837): arcsoft updateIso iso:381
01-01 23:35:26.733 E/mm-camera(26825): <STATS_AF ><ERROR> 4440: af_port_handle_pdaf_stats: Fail to init buf divert ack ctrl
01-01 23:35:26.747 E/mm-camera(26825): <IFACE ><ERROR> 2423: iface_axi_handle_sof_event: Event SOF session 1 VFE1, src 0 with frame_id 1020 ts: 80988017067000
01-01 23:35:26.748 E/mm-camera(26825): <IFACE ><ERROR> 2423: iface_axi_handle_sof_event: Event SOF session 1 VFE0, src 0 with frame_id 1020 ts: 80988017061000
01-01 23:35:26.755 E/mm-camera(26825): <IMGLIB><ERROR> 5398: module_faceproc_client_send_info: Both processing and reporting streams are same or it is hal3
01-01 23:35:26.763 D/mfnr_arcsoft jni(10837): arcsoft updateIso iso:381
01-01 23:35:26.766 E/mm-camera(26825): <STATS_AF ><ERROR> 4440: af_port_handle_pdaf_stats: Fail to init buf divert ack ctrl
01-01 23:35:26.783 E/mm-camera(26825): <IFACE ><ERROR> 2423: iface_axi_handle_sof_event: Event SOF session 1 VFE1, src 0 with frame_id 1021 ts: 80988050542000
01-01 23:35:26.783 E/mm-camera(26825): <IFACE ><ERROR> 2423: iface_axi_handle_sof_event: Event SOF session 1 VFE0, src 0 with frame_id 1021 ts: 80988050405000
01-01 23:35:26.789 D/mfnr_arcsoft jni(10837): arcsoft updateIso iso:381
01-01 23:35:26.799 E/mm-camera(26825): <STATS_AF ><ERROR> 4440: af_port_handle_pdaf_stats: Fail to init buf divert ack ctrl
01-01 23:35:26.814 E/mm-camera(26825): <IFACE ><ERROR> 2423: iface_axi_handle_sof_event: Event SOF session 1 VFE0, src 0 with frame_id 1022 ts: 80988083612000
01-01 23:35:26.814 E/mm-camera(26825): <IFACE ><ERROR> 2423: iface_axi_handle_sof_event: Event SOF session 1 VFE1, src 0 with frame_id 1022 ts: 80988083587000
01-01 23:35:26.816 E/mm-camera(26825): <IMGLIB><ERROR> 5398: module_faceproc_client_send_info: Both processing and reporting streams are same or it is hal3
01-01 23:35:26.821 D/mfnr_arcsoft jni(10837): arcsoft updateIso iso:381
01-01 23:35:26.833 E/mm-camera(26825): <STATS_AF ><ERROR> 4440: af_port_handle_pdaf_stats: Fail to init buf divert ack ctrl
01-01 23:35:26.847 E/mm-camera(26825): <IFACE ><ERROR> 2423: iface_axi_handle_sof_event: Event SOF session 1 VFE0, src 0 with frame_id 1023 ts: 80988116957000
01-01 23:35:26.848 E/mm-camera(26825): <IFACE ><ERROR> 2423: iface_axi_handle_sof_event: Event SOF session 1 VFE1, src 0 with frame_id 1023 ts: 80988117074000
01-01 23:35:26.854 D/mfnr_arcsoft jni(10837): arcsoft updateIso iso:381
01-01 23:35:26.866 E/mm-camera(26825): <STATS_AF ><ERROR> 4440: af_port_handle_pdaf_stats: Fail to init buf divert ack ctrl
01-01 23:35:26.880 E/mm-camera(26825): <IFACE ><ERROR> 2423: iface_axi_handle_sof_event: Event SOF session 1 VFE0, src 0 with frame_id 1024 ts: 80988150060000
01-01 23:35:26.881 E/mm-camera(26825): <IFACE ><ERROR> 2423: iface_axi_handle_sof_event: Event SOF session 1 VFE1, src 0 with frame_id 1024 ts: 80988150106000
01-01 23:35:26.883 E/mm-camera(26825): <IMGLIB><ERROR> 5398: module_faceproc_client_send_info: Both processing and reporting streams are same or it is hal3
01-01 23:35:26.888 D/mfnr_arcsoft jni(10837): arcsoft updateIso iso:381
01-01 23:35:26.899 E/mm-camera(26825): <STATS_AF ><ERROR> 4440: af_port_handle_pdaf_stats: Fail to init buf divert ack ctrl
01-01 23:35:26.903 I/roid.app.camer(10837): Background concurrent copying GC freed 5358(260KB) AllocSpace objects, 70(27MB) LOS objects, 39% free, 37MB/61MB, paused 145us total 178.981ms
01-01 23:35:26.914 E/mm-camera(26825): <IFACE ><ERROR> 2423: iface_axi_handle_sof_event: Event SOF session 1 VFE1, src 0 with frame_id 1025 ts: 80988183387000
01-01 23:35:26.916 E/mm-camera(26825): <IFACE ><ERROR> 2423: iface_axi_handle_sof_event: Event SOF session 1 VFE0, src 0 with frame_id 1025 ts: 80988183345000
01-01 23:35:26.917 E/mm-camera(26825): <IMGLIB><ERROR> 5398: module_faceproc_client_send_info: Both processing and reporting streams are same or it is hal3
01-01 23:35:26.922 D/mfnr_arcsoft jni(10837): arcsoft updateIso iso:381
01-01 23:35:26.932 E/mm-camera(26825): <STATS_AF ><ERROR> 4440: af_port_handle_pdaf_stats: Fail to init buf divert ack ctrl
01-01 23:35:26.948 E/mm-camera(26825): <IFACE ><ERROR> 2423: iface_axi_handle_sof_event: Event SOF session 1 VFE0, src 0 with frame_id 1026 ts: 80988216671000
01-01 23:35:26.948 E/mm-camera(26825): <IFACE ><ERROR> 2423: iface_axi_handle_sof_event: Event SOF session 1 VFE1, src 0 with frame_id 1026 ts: 80988216791000
01-01 23:35:26.956 D/mfnr_arcsoft jni(10837): arcsoft updateIso iso:381
01-01 23:35:26.966 E/mm-camera(26825): <STATS_AF ><ERROR> 4440: af_port_handle_pdaf_stats: Fail to init buf divert ack ctrl
01-01 23:35:26.981 E/mm-camera(26825): <IFACE ><ERROR> 2423: iface_axi_handle_sof_event: Event SOF session 1 VFE0, src 0 with frame_id 1027 ts: 80988249932000
01-01 23:35:26.981 E/mm-camera(26825): <IFACE ><ERROR> 2423: iface_axi_handle_sof_event: Event SOF session 1 VFE1, src 0 with frame_id 1027 ts: 80988249957000
01-01 23:35:26.990 D/mfnr_arcsoft jni(10837): arcsoft updateIso iso:381
01-01 23:35:26.999 E/mm-camera(26825): <STATS_AF ><ERROR> 4440: af_port_handle_pdaf_stats: Fail to init buf divert ack ctrl
01-01 23:35:27.015 E/mm-camera(26825): <IFACE ><ERROR> 2423: iface_axi_handle_sof_event: Event SOF session 1 VFE0, src 0 with frame_id 1028 ts: 80988283117000
01-01 23:35:27.015 E/mm-camera(26825): <IFACE ><ERROR> 2423: iface_axi_handle_sof_event: Event SOF session 1 VFE1, src 0 with frame_id 1028 ts: 80988283094000
01-01 23:35:27.017 E/mm-camera(26825): <IMGLIB><ERROR> 5398: module_faceproc_client_send_info: Both processing and reporting streams are same or it is hal3
01-01 23:35:27.025 D/mfnr_arcsoft jni(10837): arcsoft updateIso iso:381
01-01 23:35:27.033 E/mm-camera(26825): <STATS_AF ><ERROR> 4440: af_port_handle_pdaf_stats: Fail to init buf divert ack ctrl
01-01 23:35:27.047 E/mm-camera(26825): <IFACE ><ERROR> 2423: iface_axi_handle_sof_event: Event SOF session 1 VFE1, src 0 with frame_id 1029 ts: 80988316417000
01-01 23:35:27.048 E/mm-camera(26825): <IFACE ><ERROR> 2423: iface_axi_handle_sof_event: Event SOF session 1 VFE0, src 0 with frame_id 1029 ts: 80988316353000
01-01 23:35:27.059 D/mfnr_arcsoft jni(10837): arcsoft updateIso iso:381
01-01 23:35:27.065 E/mm-camera(26825): <STATS_AF ><ERROR> 4440: af_port_handle_pdaf_stats: Fail to init buf divert ack ctrl
01-01 23:35:27.080 E/mm-camera(26825): <IFACE ><ERROR> 2423: iface_axi_handle_sof_event: Event SOF session 1 VFE0, src 0 with frame_id 1030 ts: 80988349587000
01-01 23:35:27.080 E/mm-camera(26825): <IFACE ><ERROR> 2423: iface_axi_handle_sof_event: Event SOF session 1 VFE1, src 0 with frame_id 1030 ts: 80988349726000
01-01 23:35:27.082 E/mm-camera(26825): <IMGLIB><ERROR> 5398: module_faceproc_client_send_info: Both processing and reporting streams are same or it is hal3
01-01 23:35:27.088 I/mm-camera(26825): <CPP   >< INFO> 374: cpp_hardware_set_clock: Set clock 133333333 BW avg 82944000 BW inst 82944000
01-01 23:35:27.093 D/mfnr_arcsoft jni(10837): arcsoft updateIso iso:381
01-01 23:35:27.099 E/mm-camera(26825): <STATS_AF ><ERROR> 4440: af_port_handle_pdaf_stats: Fail to init buf divert ack ctrl
01-01 23:35:27.113 E/mm-camera(26825): <IFACE ><ERROR> 2423: iface_axi_handle_sof_event: Event SOF session 1 VFE0, src 0 with frame_id 1031 ts: 80988382900000
01-01 23:35:27.114 E/mm-camera(26825): <IFACE ><ERROR> 2423: iface_axi_handle_sof_event: Event SOF session 1 VFE1, src 0 with frame_id 1031 ts: 80988382829000
01-01 23:35:27.126 D/mfnr_arcsoft jni(10837): arcsoft updateIso iso:381
01-01 23:35:27.132 E/mm-camera(26825): <STATS_AF ><ERROR> 4440: af_port_handle_pdaf_stats: Fail to init buf divert ack ctrl
01-01 23:35:27.146 E/mm-camera(26825): <IFACE ><ERROR> 2423: iface_axi_handle_sof_event: Event SOF session 1 VFE0, src 0 with frame_id 1032 ts: 80988416165000
01-01 23:35:27.147 E/mm-camera(26825): <IFACE ><ERROR> 2423: iface_axi_handle_sof_event: Event SOF session 1 VFE1, src 0 with frame_id 1032 ts: 80988416264000
01-01 23:35:27.148 E/mm-camera(26825): <IMGLIB><ERROR> 5398: module_faceproc_client_send_info: Both processing and reporting streams are same or it is hal3
01-01 23:35:27.158 D/mfnr_arcsoft jni(10837): arcsoft updateIso iso:381
01-01 23:35:27.165 E/mm-camera(26825): <STATS_AF ><ERROR> 4440: af_port_handle_pdaf_stats: Fail to init buf divert ack ctrl
01-01 23:35:27.181 E/mm-camera(26825): <IFACE ><ERROR> 2423: iface_axi_handle_sof_event: Event SOF session 1 VFE0, src 0 with frame_id 1033 ts: 80988449386000
01-01 23:35:27.181 E/mm-camera(26825): <IFACE ><ERROR> 2423: iface_axi_handle_sof_event: Event SOF session 1 VFE1, src 0 with frame_id 1033 ts: 80988449352000
01-01 23:35:27.192 D/mfnr_arcsoft jni(10837): arcsoft updateIso iso:381
01-01 23:35:27.199 E/mm-camera(26825): <STATS_AF ><ERROR> 4440: af_port_handle_pdaf_stats: Fail to init buf divert ack ctrl
01-01 23:35:27.213 E/mm-camera(26825): <IFACE ><ERROR> 2423: iface_axi_handle_sof_event: Event SOF session 1 VFE1, src 0 with frame_id 1034 ts: 80988482596000
01-01 23:35:27.213 E/mm-camera(26825): <IFACE ><ERROR> 2423: iface_axi_handle_sof_event: Event SOF session 1 VFE0, src 0 with frame_id 1034 ts: 80988482602000
01-01 23:35:27.215 E/mm-camera(26825): <IMGLIB><ERROR> 5398: module_faceproc_client_send_info: Both processing and reporting streams are same or it is hal3
01-01 23:35:27.227 D/mfnr_arcsoft jni(10837): arcsoft updateIso iso:381
01-01 23:35:27.232 E/mm-camera(26825): <STATS_AF ><ERROR> 4440: af_port_handle_pdaf_stats: Fail to init buf divert ack ctrl
01-01 23:35:27.246 E/mm-camera(26825): <IFACE ><ERROR> 2423: iface_axi_handle_sof_event: Event SOF session 1 VFE0, src 0 with frame_id 1035 ts: 80988515991000
01-01 23:35:27.247 E/mm-camera(26825): <IFACE ><ERROR> 2423: iface_axi_handle_sof_event: Event SOF session 1 VFE1, src 0 with frame_id 1035 ts: 80988515886000
01-01 23:35:27.265 E/mm-camera(26825): <STATS_AF ><ERROR> 4440: af_port_handle_pdaf_stats: Fail to init buf divert ack ctrl
01-01 23:35:27.268 D/mfnr_arcsoft jni(10837): arcsoft updateIso iso:381
01-01 23:35:27.280 E/mm-camera(26825): <IFACE ><ERROR> 2423: iface_axi_handle_sof_event: Event SOF session 1 VFE0, src 0 with frame_id 1036 ts: 80988549127000
01-01 23:35:27.280 E/mm-camera(26825): <IFACE ><ERROR> 2423: iface_axi_handle_sof_event: Event SOF session 1 VFE1, src 0 with frame_id 1036 ts: 80988549209000
01-01 23:35:27.281 E/mm-camera(26825): <IMGLIB><ERROR> 5398: module_faceproc_client_send_info: Both processing and reporting streams are same or it is hal3
01-01 23:35:27.291 D/mfnr_arcsoft jni(10837): arcsoft updateIso iso:381
01-01 23:35:27.298 E/mm-camera(26825): <STATS_AF ><ERROR> 4440: af_port_handle_pdaf_stats: Fail to init buf divert ack ctrl
01-01 23:35:27.313 E/mm-camera(26825): <IFACE ><ERROR> 2423: iface_axi_handle_sof_event: Event SOF session 1 VFE0, src 0 with frame_id 1037 ts: 80988582347000
01-01 23:35:27.313 E/mm-camera(26825): <IFACE ><ERROR> 2423: iface_axi_handle_sof_event: Event SOF session 1 VFE1, src 0 with frame_id 1037 ts: 80988582354000
01-01 23:35:27.325 D/mfnr_arcsoft jni(10837): arcsoft updateIso iso:381
01-01 23:35:27.332 E/mm-camera(26825): <STATS_AF ><ERROR> 4440: af_port_handle_pdaf_stats: Fail to init buf divert ack ctrl
01-01 23:35:27.346 E/mm-camera(26825): <IFACE ><ERROR> 2423: iface_axi_handle_sof_event: Event SOF session 1 VFE0, src 0 with frame_id 1038 ts: 80988615643000
01-01 23:35:27.347 E/mm-camera(26825): <IFACE ><ERROR> 2423: iface_axi_handle_sof_event: Event SOF session 1 VFE1, src 0 with frame_id 1038 ts: 80988615793000
01-01 23:35:27.349 E/mm-camera(26825): <IMGLIB><ERROR> 5398: module_faceproc_client_send_info: Both processing and reporting streams are same or it is hal3
01-01 23:35:27.356 D/mfnr_arcsoft jni(10837): arcsoft updateIso iso:381
01-01 23:35:27.365 E/mm-camera(26825): <STATS_AF ><ERROR> 4440: af_port_handle_pdaf_stats: Fail to init buf divert ack ctrl
01-01 23:35:27.379 E/mm-camera(26825): <IFACE ><ERROR> 2423: iface_axi_handle_sof_event: Event SOF session 1 VFE0, src 0 with frame_id 1039 ts: 80988648867000
01-01 23:35:27.379 W/ServiceManagement(  834): Waited one second for android.hardware.drm@1.0::IDrmFactory/widevine
01-01 23:35:27.380 E/mm-camera(26825): <IFACE ><ERROR> 2423: iface_axi_handle_sof_event: Event SOF session 1 VFE1, src 0 with frame_id 1039 ts: 80988648963000
01-01 23:35:27.382 I/ServiceManagement(  834): getService: Trying again for android.hardware.drm@1.0::IDrmFactory/widevine...
01-01 23:35:27.393 D/mfnr_arcsoft jni(10837): arcsoft updateIso iso:381
01-01 23:35:27.398 E/mm-camera(26825): <STATS_AF ><ERROR> 4440: af_port_handle_pdaf_stats: Fail to init buf divert ack ctrl
01-01 23:35:27.413 E/mm-camera(26825): <IFACE ><ERROR> 2423: iface_axi_handle_sof_event: Event SOF session 1 VFE1, src 0 with frame_id 1040 ts: 80988682108000
01-01 23:35:27.413 E/mm-camera(26825): <IFACE ><ERROR> 2423: iface_axi_handle_sof_event: Event SOF session 1 VFE0, src 0 with frame_id 1040 ts: 80988682150000
01-01 23:35:27.415 E/mm-camera(26825): <IMGLIB><ERROR> 5398: module_faceproc_client_send_info: Both processing and reporting streams are same or it is hal3
01-01 23:35:27.423 D/mfnr_arcsoft jni(10837): arcsoft updateIso iso:381
01-01 23:35:27.431 E/mm-camera(26825): <STATS_AF ><ERROR> 4440: af_port_handle_pdaf_stats: Fail to init buf divert ack ctrl
01-01 23:35:27.446 E/mm-camera(26825): <IFACE ><ERROR> 2423: iface_axi_handle_sof_event: Event SOF session 1 VFE1, src 0 with frame_id 1041 ts: 80988715350000
01-01 23:35:27.448 E/mm-camera(26825): <IFACE ><ERROR> 2423: iface_axi_handle_sof_event: Event SOF session 1 VFE0, src 0 with frame_id 1041 ts: 80988715382000
01-01 23:35:27.464 D/mfnr_arcsoft jni(10837): arcsoft updateIso iso:381
01-01 23:35:27.464 E/mm-camera(26825): <STATS_AF ><ERROR> 4440: af_port_handle_pdaf_stats: Fail to init buf divert ack ctrl
01-01 23:35:27.479 E/mm-camera(26825): <IFACE ><ERROR> 2423: iface_axi_handle_sof_event: Event SOF session 1 VFE0, src 0 with frame_id 1042 ts: 80988748629000
01-01 23:35:27.479 E/mm-camera(26825): <IFACE ><ERROR> 2423: iface_axi_handle_sof_event: Event SOF session 1 VFE1, src 0 with frame_id 1042 ts: 80988748951000
01-01 23:35:27.481 E/mm-camera(26825): <IMGLIB><ERROR> 5398: module_faceproc_client_send_info: Both processing and reporting streams are same or it is hal3
01-01 23:35:27.489 D/mfnr_arcsoft jni(10837): arcsoft updateIso iso:381
01-01 23:35:27.498 E/mm-camera(26825): <STATS_AF ><ERROR> 4440: af_port_handle_pdaf_stats: Fail to init buf divert ack ctrl
01-01 23:35:27.512 E/mm-camera(26825): <IFACE ><ERROR> 2423: iface_axi_handle_sof_event: Event SOF session 1 VFE0, src 0 with frame_id 1043 ts: 80988781855000
01-01 23:35:27.513 E/mm-camera(26825): <IFACE ><ERROR> 2423: iface_axi_handle_sof_event: Event SOF session 1 VFE1, src 0 with frame_id 1043 ts: 80988782092000
01-01 23:35:27.525 D/mfnr_arcsoft jni(10837): arcsoft updateIso iso:381
01-01 23:35:27.531 E/mm-camera(26825): <STATS_AF ><ERROR> 4440: af_port_handle_pdaf_stats: Fail to init buf divert ack ctrl
01-01 23:35:27.546 E/mm-camera(26825): <IFACE ><ERROR> 2423: iface_axi_handle_sof_event: Event SOF session 1 VFE1, src 0 with frame_id 1044 ts: 80988815435000
01-01 23:35:27.546 E/mm-camera(26825): <IFACE ><ERROR> 2423: iface_axi_handle_sof_event: Event SOF session 1 VFE0, src 0 with frame_id 1044 ts: 80988815200000
01-01 23:35:27.548 E/mm-camera(26825): <IMGLIB><ERROR> 5398: module_faceproc_client_send_info: Both processing and reporting streams are same or it is hal3
01-01 23:35:27.560 D/mfnr_arcsoft jni(10837): arcsoft updateIso iso:381
01-01 23:35:27.564 E/mm-camera(26825): <STATS_AF ><ERROR> 4440: af_port_handle_pdaf_stats: Fail to init buf divert ack ctrl
01-01 23:35:27.579 E/mm-camera(26825): <IFACE ><ERROR> 2423: iface_axi_handle_sof_event: Event SOF session 1 VFE0, src 0 with frame_id 1045 ts: 80988848412000
01-01 23:35:27.580 E/mm-camera(26825): <IFACE ><ERROR> 2423: iface_axi_handle_sof_event: Event SOF session 1 VFE1, src 0 with frame_id 1045 ts: 80988848378000
01-01 23:35:27.590 D/mfnr_arcsoft jni(10837): arcsoft updateIso iso:381
01-01 23:35:27.597 E/mm-camera(26825): <STATS_AF ><ERROR> 4440: af_port_handle_pdaf_stats: Fail to init buf divert ack ctrl
01-01 23:35:27.612 E/mm-camera(26825): <IFACE ><ERROR> 2423: iface_axi_handle_sof_event: Event SOF session 1 VFE0, src 0 with frame_id 1046 ts: 80988881617000
01-01 23:35:27.613 E/mm-camera(26825): <IFACE ><ERROR> 2423: iface_axi_handle_sof_event: Event SOF session 1 VFE1, src 0 with frame_id 1046 ts: 80988881697000
01-01 23:35:27.614 E/mm-camera(26825): <IMGLIB><ERROR> 5398: module_faceproc_client_send_info: Both processing and reporting streams are same or it is hal3
01-01 23:35:27.616 I/mm-camera(26825): <CPP   >< INFO> 374: cpp_hardware_set_clock: Set clock 133333333 BW avg 82944000 BW inst 82944000
01-01 23:35:27.624 D/mfnr_arcsoft jni(10837): arcsoft updateIso iso:381
01-01 23:35:27.631 E/mm-camera(26825): <STATS_AF ><ERROR> 4440: af_port_handle_pdaf_stats: Fail to init buf divert ack ctrl
01-01 23:35:27.646 E/mm-camera(26825): <IFACE ><ERROR> 2423: iface_axi_handle_sof_event: Event SOF session 1 VFE0, src 0 with frame_id 1047 ts: 80988914958000
01-01 23:35:27.647 E/mm-camera(26825): <IFACE ><ERROR> 2423: iface_axi_handle_sof_event: Event SOF session 1 VFE1, src 0 with frame_id 1047 ts: 80988915066000
01-01 23:35:27.661 D/mfnr_arcsoft jni(10837): arcsoft updateIso iso:381
01-01 23:35:27.664 E/mm-camera(26825): <STATS_AF ><ERROR> 4440: af_port_handle_pdaf_stats: Fail to init buf divert ack ctrl
01-01 23:35:27.679 E/mm-camera(26825): <IFACE ><ERROR> 2423: iface_axi_handle_sof_event: Event SOF session 1 VFE1, src 0 with frame_id 1048 ts: 80988948131000
01-01 23:35:27.679 E/mm-camera(26825): <IFACE ><ERROR> 2423: iface_axi_handle_sof_event: Event SOF session 1 VFE0, src 0 with frame_id 1048 ts: 80988948170000
01-01 23:35:27.682 E/mm-camera(26825): <IMGLIB><ERROR> 5398: module_faceproc_client_send_info: Both processing and reporting streams are same or it is hal3
01-01 23:35:27.690 D/mfnr_arcsoft jni(10837): arcsoft updateIso iso:381
01-01 23:35:27.697 E/mm-camera(26825): <STATS_AF ><ERROR> 4440: af_port_handle_pdaf_stats: Fail to init buf divert ack ctrl
01-01 23:35:27.712 E/mm-camera(26825): <IFACE ><ERROR> 2423: iface_axi_handle_sof_event: Event SOF session 1 VFE0, src 0 with frame_id 1049 ts: 80988981547000
01-01 23:35:27.712 E/mm-camera(26825): <IFACE ><ERROR> 2423: iface_axi_handle_sof_event: Event SOF session 1 VFE1, src 0 with frame_id 1049 ts: 80988981466000
01-01 23:35:27.725 D/mfnr_arcsoft jni(10837): arcsoft updateIso iso:381
01-01 23:35:27.730 E/mm-camera(26825): <STATS_AF ><ERROR> 4440: af_port_handle_pdaf_stats: Fail to init buf divert ack ctrl
01-01 23:35:27.745 E/mm-camera(26825): <IFACE ><ERROR> 2423: iface_axi_handle_sof_event: Event SOF session 1 VFE0, src 0 with frame_id 1050 ts: 80989014701000
01-01 23:35:27.745 E/mm-camera(26825): <IFACE ><ERROR> 2423: iface_axi_handle_sof_event: Event SOF session 1 VFE1, src 0 with frame_id 1050 ts: 80989014827000
01-01 23:35:27.747 E/mm-camera(26825): <IMGLIB><ERROR> 5398: module_faceproc_client_send_info: Both processing and reporting streams are same or it is hal3
01-01 23:35:27.755 D/mfnr_arcsoft jni(10837): arcsoft updateIso iso:381
01-01 23:35:27.764 E/mm-camera(26825): <STATS_AF ><ERROR> 4440: af_port_handle_pdaf_stats: Fail to init buf divert ack ctrl
01-01 23:35:27.779 E/mm-camera(26825): <IFACE ><ERROR> 2423: iface_axi_handle_sof_event: Event SOF session 1 VFE1, src 0 with frame_id 1051 ts: 80989048149000
01-01 23:35:27.780 E/mm-camera(26825): <IFACE ><ERROR> 2423: iface_axi_handle_sof_event: Event SOF session 1 VFE0, src 0 with frame_id 1051 ts: 80989047913000
01-01 23:35:27.792 D/mfnr_arcsoft jni(10837): arcsoft updateIso iso:381
01-01 23:35:27.797 E/mm-camera(26825): <STATS_AF ><ERROR> 4440: af_port_handle_pdaf_stats: Fail to init buf divert ack ctrl
01-01 23:35:27.812 E/mm-camera(26825): <IFACE ><ERROR> 2423: iface_axi_handle_sof_event: Event SOF session 1 VFE0, src 0 with frame_id 1052 ts: 80989081119000
01-01 23:35:27.812 E/mm-camera(26825): <IFACE ><ERROR> 2423: iface_axi_handle_sof_event: Event SOF session 1 VFE1, src 0 with frame_id 1052 ts: 80989081200000
01-01 23:35:27.813 E/mm-camera(26825): <IMGLIB><ERROR> 5398: module_faceproc_client_send_info: Both processing and reporting streams are same or it is hal3
01-01 23:35:27.822 D/mfnr_arcsoft jni(10837): arcsoft updateIso iso:381
01-01 23:35:27.830 E/mm-camera(26825): <STATS_AF ><ERROR> 4440: af_port_handle_pdaf_stats: Fail to init buf divert ack ctrl
01-01 23:35:27.845 E/mm-camera(26825): <IFACE ><ERROR> 2423: iface_axi_handle_sof_event: Event SOF session 1 VFE1, src 0 with frame_id 1053 ts: 80989114474000
01-01 23:35:27.845 E/mm-camera(26825): <IFACE ><ERROR> 2423: iface_axi_handle_sof_event: Event SOF session 1 VFE0, src 0 with frame_id 1053 ts: 80989114433000
01-01 23:35:27.857 D/mfnr_arcsoft jni(10837): arcsoft updateIso iso:381
01-01 23:35:27.863 E/mm-camera(26825): <STATS_AF ><ERROR> 4440: af_port_handle_pdaf_stats: Fail to init buf divert ack ctrl
01-01 23:35:27.878 E/mm-camera(26825): <IFACE ><ERROR> 2423: iface_axi_handle_sof_event: Event SOF session 1 VFE1, src 0 with frame_id 1054 ts: 80989147636000
01-01 23:35:27.878 E/mm-camera(26825): <IFACE ><ERROR> 2423: iface_axi_handle_sof_event: Event SOF session 1 VFE0, src 0 with frame_id 1054 ts: 80989147662000
01-01 23:35:27.884 E/mm-camera(26825): <IMGLIB><ERROR> 5398: module_faceproc_client_send_info: Both processing and reporting streams are same or it is hal3
01-01 23:35:27.894 D/mfnr_arcsoft jni(10837): arcsoft updateIso iso:381
01-01 23:35:27.897 E/mm-camera(26825): <STATS_AF ><ERROR> 4440: af_port_handle_pdaf_stats: Fail to init buf divert ack ctrl
01-01 23:35:27.911 E/mm-camera(26825): <IFACE ><ERROR> 2423: iface_axi_handle_sof_event: Event SOF session 1 VFE1, src 0 with frame_id 1055 ts: 80989180879000
01-01 23:35:27.911 E/mm-camera(26825): <IFACE ><ERROR> 2423: iface_axi_handle_sof_event: Event SOF session 1 VFE0, src 0 with frame_id 1055 ts: 80989180906000
01-01 23:35:27.923 D/mfnr_arcsoft jni(10837): arcsoft updateIso iso:381
01-01 23:35:27.930 E/mm-camera(26825): <STATS_AF ><ERROR> 4440: af_port_handle_pdaf_stats: Fail to init buf divert ack ctrl
01-01 23:35:27.945 E/mm-camera(26825): <IFACE ><ERROR> 2423: iface_axi_handle_sof_event: Event SOF session 1 VFE1, src 0 with frame_id 1056 ts: 80989214292000
01-01 23:35:27.945 E/mm-camera(26825): <IFACE ><ERROR> 2423: iface_axi_handle_sof_event: Event SOF session 1 VFE0, src 0 with frame_id 1056 ts: 80989214249000
01-01 23:35:27.946 E/mm-camera(26825): <IMGLIB><ERROR> 5398: module_faceproc_client_send_info: Both processing and reporting streams are same or it is hal3
01-01 23:35:27.953 D/mfnr_arcsoft jni(10837): arcsoft updateIso iso:381
01-01 23:35:27.963 E/mm-camera(26825): <STATS_AF ><ERROR> 4440: af_port_handle_pdaf_stats: Fail to init buf divert ack ctrl
01-01 23:35:27.978 E/mm-camera(26825): <IFACE ><ERROR> 2423: iface_axi_handle_sof_event: Event SOF session 1 VFE1, src 0 with frame_id 1057 ts: 80989247416000
01-01 23:35:27.978 E/mm-camera(26825): <IFACE ><ERROR> 2423: iface_axi_handle_sof_event: Event SOF session 1 VFE0, src 0 with frame_id 1057 ts: 80989247377000
01-01 23:35:27.988 D/mfnr_arcsoft jni(10837): arcsoft updateIso iso:381
01-01 23:35:27.994 I/roid.app.camer(10837): Background young concurrent copying GC freed 3726(205KB) AllocSpace objects, 64(25MB) LOS objects, 37% free, 38MB/61MB, paused 225us total 103.970ms
01-01 23:35:27.997 E/mm-camera(26825): <STATS_AF ><ERROR> 4440: af_port_handle_pdaf_stats: Fail to init buf divert ack ctrl
01-01 23:35:28.011 E/mm-camera(26825): <IFACE ><ERROR> 2423: iface_axi_handle_sof_event: Event SOF session 1 VFE0, src 0 with frame_id 1058 ts: 80989280710000
01-01 23:35:28.011 E/mm-camera(26825): <IFACE ><ERROR> 2423: iface_axi_handle_sof_event: Event SOF session 1 VFE1, src 0 with frame_id 1058 ts: 80989280757000
01-01 23:35:28.013 E/mm-camera(26825): <IMGLIB><ERROR> 5398: module_faceproc_client_send_info: Both processing and reporting streams are same or it is hal3
01-01 23:35:28.017 D/mfnr_arcsoft jni(10837): arcsoft updateIso iso:381
01-01 23:35:28.030 E/mm-camera(26825): <STATS_AF ><ERROR> 4440: af_port_handle_pdaf_stats: Fail to init buf divert ack ctrl
01-01 23:35:28.045 E/mm-camera(26825): <IFACE ><ERROR> 2423: iface_axi_handle_sof_event: Event SOF session 1 VFE1, src 0 with frame_id 1059 ts: 80989314182000
01-01 23:35:28.045 E/mm-camera(26825): <IFACE ><ERROR> 2423: iface_axi_handle_sof_event: Event SOF session 1 VFE0, src 0 with frame_id 1059 ts: 80989313971000
01-01 23:35:28.061 D/mfnr_arcsoft jni(10837): arcsoft updateIso iso:381
01-01 23:35:28.063 E/mm-camera(26825): <STATS_AF ><ERROR> 4440: af_port_handle_pdaf_stats: Fail to init buf divert ack ctrl
01-01 23:35:28.079 E/mm-camera(26825): <IFACE ><ERROR> 2423: iface_axi_handle_sof_event: Event SOF session 1 VFE1, src 0 with frame_id 1060 ts: 80989347142000
01-01 23:35:28.079 E/mm-camera(26825): <IFACE ><ERROR> 2423: iface_axi_handle_sof_event: Event SOF session 1 VFE0, src 0 with frame_id 1060 ts: 80989347179000
01-01 23:35:28.082 E/mm-camera(26825): <IMGLIB><ERROR> 5398: module_faceproc_client_send_info: Both processing and reporting streams are same or it is hal3
01-01 23:35:28.088 D/mfnr_arcsoft jni(10837): arcsoft updateIso iso:381
01-01 23:35:28.096 E/mm-camera(26825): <STATS_AF ><ERROR> 4440: af_port_handle_pdaf_stats: Fail to init buf divert ack ctrl
01-01 23:35:28.112 E/mm-camera(26825): <IFACE ><ERROR> 2423: iface_axi_handle_sof_event: Event SOF session 1 VFE1, src 0 with frame_id 1061 ts: 80989380386000
01-01 23:35:28.112 E/mm-camera(26825): <IFACE ><ERROR> 2423: iface_axi_handle_sof_event: Event SOF session 1 VFE0, src 0 with frame_id 1061 ts: 80989380392000
01-01 23:35:28.125 D/mfnr_arcsoft jni(10837): arcsoft updateIso iso:381
01-01 23:35:28.130 E/mm-camera(26825): <STATS_AF ><ERROR> 4440: af_port_handle_pdaf_stats: Fail to init buf divert ack ctrl
01-01 23:35:28.145 E/mm-camera(26825): <IFACE ><ERROR> 2423: iface_axi_handle_sof_event: Event SOF session 1 VFE1, src 0 with frame_id 1062 ts: 80989413647000
01-01 23:35:28.146 E/mm-camera(26825): <IFACE ><ERROR> 2423: iface_axi_handle_sof_event: Event SOF session 1 VFE0, src 0 with frame_id 1062 ts: 80989413714000
01-01 23:35:28.150 E/mm-camera(26825): <IMGLIB><ERROR> 5398: module_faceproc_client_send_info: Both processing and reporting streams are same or it is hal3
01-01 23:35:28.151 I/mm-camera(26825): <CPP   >< INFO> 374: cpp_hardware_set_clock: Set clock 133333333 BW avg 82944000 BW inst 82944000
01-01 23:35:28.157 D/mfnr_arcsoft jni(10837): arcsoft updateIso iso:381
01-01 23:35:28.163 E/mm-camera(26825): <STATS_AF ><ERROR> 4440: af_port_handle_pdaf_stats: Fail to init buf divert ack ctrl
01-01 23:35:28.177 E/mm-camera(26825): <IFACE ><ERROR> 2423: iface_axi_handle_sof_event: Event SOF session 1 VFE0, src 0 with frame_id 1063 ts: 80989447049000
01-01 23:35:28.179 E/mm-camera(26825): <IFACE ><ERROR> 2423: iface_axi_handle_sof_event: Event SOF session 1 VFE1, src 0 with frame_id 1063 ts: 80989446899000
01-01 23:35:28.192 D/mfnr_arcsoft jni(10837): arcsoft updateIso iso:381
01-01 23:35:28.196 E/mm-camera(26825): <STATS_AF ><ERROR> 4440: af_port_handle_pdaf_stats: Fail to init buf divert ack ctrl
01-01 23:35:28.211 E/mm-camera(26825): <IFACE ><ERROR> 2423: iface_axi_handle_sof_event: Event SOF session 1 VFE1, src 0 with frame_id 1064 ts: 80989480168000
01-01 23:35:28.211 E/mm-camera(26825): <IFACE ><ERROR> 2423: iface_axi_handle_sof_event: Event SOF session 1 VFE0, src 0 with frame_id 1064 ts: 80989480357000
01-01 23:35:28.215 E/mm-camera(26825): <IMGLIB><ERROR> 5398: module_faceproc_client_send_info: Both processing and reporting streams are same or it is hal3
01-01 23:35:28.228 D/mfnr_arcsoft jni(10837): arcsoft updateIso iso:381
01-01 23:35:28.229 E/mm-camera(26825): <STATS_AF ><ERROR> 4440: af_port_handle_pdaf_stats: Fail to init buf divert ack ctrl
01-01 23:35:28.245 E/mm-camera(26825): <IFACE ><ERROR> 2423: iface_axi_handle_sof_event: Event SOF session 1 VFE1, src 0 with frame_id 1065 ts: 80989513406000
01-01 23:35:28.248 E/mm-camera(26825): <IFACE ><ERROR> 2423: iface_axi_handle_sof_event: Event SOF session 1 VFE0, src 0 with frame_id 1065 ts: 80989513394000
01-01 23:35:28.258 D/mfnr_arcsoft jni(10837): arcsoft updateIso iso:381
01-01 23:35:28.262 E/mm-camera(26825): <STATS_AF ><ERROR> 4440: af_port_handle_pdaf_stats: Fail to init buf divert ack ctrl
01-01 23:35:28.277 E/mm-camera(26825): <IFACE ><ERROR> 2423: iface_axi_handle_sof_event: Event SOF session 1 VFE1, src 0 with frame_id 1066 ts: 80989546722000
01-01 23:35:28.277 E/mm-camera(26825): <IFACE ><ERROR> 2423: iface_axi_handle_sof_event: Event SOF session 1 VFE0, src 0 with frame_id 1066 ts: 80989546674000
01-01 23:35:28.283 E/mm-camera(26825): <IMGLIB><ERROR> 5398: module_faceproc_client_send_info: Both processing and reporting streams are same or it is hal3
01-01 23:35:28.292 D/mfnr_arcsoft jni(10837): arcsoft updateIso iso:381
01-01 23:35:28.296 E/mm-camera(26825): <STATS_AF ><ERROR> 4440: af_port_handle_pdaf_stats: Fail to init buf divert ack ctrl
01-01 23:35:28.311 E/mm-camera(26825): <IFACE ><ERROR> 2423: iface_axi_handle_sof_event: Event SOF session 1 VFE0, src 0 with frame_id 1067 ts: 80989579917000
01-01 23:35:28.311 E/mm-camera(26825): <IFACE ><ERROR> 2423: iface_axi_handle_sof_event: Event SOF session 1 VFE1, src 0 with frame_id 1067 ts: 80989579902000
01-01 23:35:28.324 D/mfnr_arcsoft jni(10837): arcsoft updateIso iso:381
01-01 23:35:28.329 E/mm-camera(26825): <STATS_AF ><ERROR> 4440: af_port_handle_pdaf_stats: Fail to init buf divert ack ctrl
01-01 23:35:28.344 E/mm-camera(26825): <IFACE ><ERROR> 2423: iface_axi_handle_sof_event: Event SOF session 1 VFE1, src 0 with frame_id 1068 ts: 80989613387000
01-01 23:35:28.345 E/mm-camera(26825): <IFACE ><ERROR> 2423: iface_axi_handle_sof_event: Event SOF session 1 VFE0, src 0 with frame_id 1068 ts: 80989613272000
01-01 23:35:28.346 E/mm-camera(26825): <IMGLIB><ERROR> 5398: module_faceproc_client_send_info: Both processing and reporting streams are same or it is hal3
01-01 23:35:28.357 D/mfnr_arcsoft jni(10837): arcsoft updateIso iso:381
01-01 23:35:28.363 E/mm-camera(26825): <STATS_AF ><ERROR> 4440: af_port_handle_pdaf_stats: Fail to init buf divert ack ctrl
01-01 23:35:28.377 E/mm-camera(26825): <IFACE ><ERROR> 2423: iface_axi_handle_sof_event: Event SOF session 1 VFE0, src 0 with frame_id 1069 ts: 80989646441000
01-01 23:35:28.377 E/mm-camera(26825): <IFACE ><ERROR> 2423: iface_axi_handle_sof_event: Event SOF session 1 VFE1, src 0 with frame_id 1069 ts: 80989646422000
01-01 23:35:28.382 W/ServiceManagement(  834): Waited one second for android.hardware.drm@1.0::IDrmFactory/widevine
01-01 23:35:28.384 I/ServiceManagement(  834): getService: Trying again for android.hardware.drm@1.0::IDrmFactory/widevine...
01-01 23:35:28.389 D/mfnr_arcsoft jni(10837): arcsoft updateIso iso:381
01-01 23:35:28.395 E/mm-camera(26825): <STATS_AF ><ERROR> 4440: af_port_handle_pdaf_stats: Fail to init buf divert ack ctrl
01-01 23:35:28.410 E/mm-camera(26825): <IFACE ><ERROR> 2423: iface_axi_handle_sof_event: Event SOF session 1 VFE1, src 0 with frame_id 1070 ts: 80989679857000
01-01 23:35:28.412 E/mm-camera(26825): <IFACE ><ERROR> 2423: iface_axi_handle_sof_event: Event SOF session 1 VFE0, src 0 with frame_id 1070 ts: 80989679737000
01-01 23:35:28.414 E/mm-camera(26825): <IMGLIB><ERROR> 5398: module_faceproc_client_send_info: Both processing and reporting streams are same or it is hal3
01-01 23:35:28.422 D/mfnr_arcsoft jni(10837): arcsoft updateIso iso:381
01-01 23:35:28.429 E/mm-camera(26825): <STATS_AF ><ERROR> 4440: af_port_handle_pdaf_stats: Fail to init buf divert ack ctrl
01-01 23:35:28.445 E/mm-camera(26825): <IFACE ><ERROR> 2423: iface_axi_handle_sof_event: Event SOF session 1 VFE0, src 0 with frame_id 1071 ts: 80989713041000
01-01 23:35:28.448 E/mm-camera(26825): <IFACE ><ERROR> 2423: iface_axi_handle_sof_event: Event SOF session 1 VFE1, src 0 with frame_id 1071 ts: 80989712915000
01-01 23:35:28.461 D/mfnr_arcsoft jni(10837): arcsoft updateIso iso:381
01-01 23:35:28.462 E/mm-camera(26825): <STATS_AF ><ERROR> 4440: af_port_handle_pdaf_stats: Fail to init buf divert ack ctrl
01-01 23:35:28.478 E/mm-camera(26825): <IFACE ><ERROR> 2423: iface_axi_handle_sof_event: Event SOF session 1 VFE0, src 0 with frame_id 1072 ts: 80989746162000
01-01 23:35:28.478 E/mm-camera(26825): <IFACE ><ERROR> 2423: iface_axi_handle_sof_event: Event SOF session 1 VFE1, src 0 with frame_id 1072 ts: 80989746169000
01-01 23:35:28.484 E/mm-camera(26825): <IMGLIB><ERROR> 5398: module_faceproc_client_send_info: Both processing and reporting streams are same or it is hal3
01-01 23:35:28.493 D/mfnr_arcsoft jni(10837): arcsoft updateIso iso:381
01-01 23:35:28.495 E/mm-camera(26825): <STATS_AF ><ERROR> 4440: af_port_handle_pdaf_stats: Fail to init buf divert ack ctrl
01-01 23:35:28.511 E/mm-camera(26825): <IFACE ><ERROR> 2423: iface_axi_handle_sof_event: Event SOF session 1 VFE1, src 0 with frame_id 1073 ts: 80989779424000
01-01 23:35:28.511 E/mm-camera(26825): <IFACE ><ERROR> 2423: iface_axi_handle_sof_event: Event SOF session 1 VFE0, src 0 with frame_id 1073 ts: 80989779432000
01-01 23:35:28.524 D/mfnr_arcsoft jni(10837): arcsoft updateIso iso:381
01-01 23:35:28.528 E/mm-camera(26825): <STATS_AF ><ERROR> 4440: af_port_handle_pdaf_stats: Fail to init buf divert ack ctrl
01-01 23:35:28.545 E/mm-camera(26825): <IFACE ><ERROR> 2423: iface_axi_handle_sof_event: Event SOF session 1 VFE0, src 0 with frame_id 1074 ts: 80989812743000
01-01 23:35:28.545 E/mm-camera(26825): <IFACE ><ERROR> 2423: iface_axi_handle_sof_event: Event SOF session 1 VFE1, src 0 with frame_id 1074 ts: 80989812679000
01-01 23:35:28.547 E/mm-camera(26825): <IMGLIB><ERROR> 5398: module_faceproc_client_send_info: Both processing and reporting streams are same or it is hal3
01-01 23:35:28.560 D/mfnr_arcsoft jni(10837): arcsoft updateIso iso:381
01-01 23:35:28.562 E/mm-camera(26825): <STATS_AF ><ERROR> 4440: af_port_handle_pdaf_stats: Fail to init buf divert ack ctrl
01-01 23:35:28.576 E/mm-camera(26825): <IFACE ><ERROR> 2423: iface_axi_handle_sof_event: Event SOF session 1 VFE0, src 0 with frame_id 1075 ts: 80989845984000
01-01 23:35:28.577 E/mm-camera(26825): <IFACE ><ERROR> 2423: iface_axi_handle_sof_event: Event SOF session 1 VFE1, src 0 with frame_id 1075 ts: 80989845935000
01-01 23:35:28.579 E/mm-camera(26825): <IMGLIB><ERROR> 5398: module_faceproc_client_send_info: Both processing and reporting streams are same or it is hal3
01-01 23:35:28.589 D/mfnr_arcsoft jni(10837): arcsoft updateIso iso:381
01-01 23:35:28.595 E/mm-camera(26825): <STATS_AF ><ERROR> 4440: af_port_handle_pdaf_stats: Fail to init buf divert ack ctrl
01-01 23:35:28.610 E/mm-camera(26825): <IFACE ><ERROR> 2423: iface_axi_handle_sof_event: Event SOF session 1 VFE0, src 0 with frame_id 1076 ts: 80989879220000
01-01 23:35:28.611 E/mm-camera(26825): <IFACE ><ERROR> 2423: iface_axi_handle_sof_event: Event SOF session 1 VFE1, src 0 with frame_id 1076 ts: 80989879211000
01-01 23:35:28.621 D/mfnr_arcsoft jni(10837): arcsoft updateIso iso:381
01-01 23:35:28.628 E/mm-camera(26825): <STATS_AF ><ERROR> 4440: af_port_handle_pdaf_stats: Fail to init buf divert ack ctrl
01-01 23:35:28.643 E/mm-camera(26825): <IFACE ><ERROR> 2423: iface_axi_handle_sof_event: Event SOF session 1 VFE0, src 0 with frame_id 1077 ts: 80989912444000
01-01 23:35:28.643 E/mm-camera(26825): <IFACE ><ERROR> 2423: iface_axi_handle_sof_event: Event SOF session 1 VFE1, src 0 with frame_id 1077 ts: 80989912433000
01-01 23:35:28.655 D/mfnr_arcsoft jni(10837): arcsoft updateIso iso:381
01-01 23:35:28.662 E/mm-camera(26825): <STATS_AF ><ERROR> 4440: af_port_handle_pdaf_stats: Fail to init buf divert ack ctrl
01-01 23:35:28.676 E/mm-camera(26825): <IFACE ><ERROR> 2423: iface_axi_handle_sof_event: Event SOF session 1 VFE0, src 0 with frame_id 1078 ts: 80989945768000
01-01 23:35:28.676 E/mm-camera(26825): <IFACE ><ERROR> 2423: iface_axi_handle_sof_event: Event SOF session 1 VFE1, src 0 with frame_id 1078 ts: 80989945809000
01-01 23:35:28.679 E/mm-camera(26825): <IMGLIB><ERROR> 5398: module_faceproc_client_send_info: Both processing and reporting streams are same or it is hal3
01-01 23:35:28.681 I/mm-camera(26825): <CPP   >< INFO> 374: cpp_hardware_set_clock: Set clock 133333333 BW avg 82944000 BW inst 82944000
01-01 23:35:28.688 D/mfnr_arcsoft jni(10837): arcsoft updateIso iso:381
01-01 23:35:28.695 E/mm-camera(26825): <STATS_AF ><ERROR> 4440: af_port_handle_pdaf_stats: Fail to init buf divert ack ctrl
01-01 23:35:28.709 E/mm-camera(26825): <IFACE ><ERROR> 2423: iface_axi_handle_sof_event: Event SOF session 1 VFE0, src 0 with frame_id 1079 ts: 80989978935000
01-01 23:35:28.709 E/mm-camera(26825): <IFACE ><ERROR> 2423: iface_axi_handle_sof_event: Event SOF session 1 VFE1, src 0 with frame_id 1079 ts: 80989979025000
01-01 23:35:28.711 E/mm-camera(26825): <IMGLIB><ERROR> 5398: module_faceproc_client_send_info: Both processing and reporting streams are same or it is hal3
01-01 23:35:28.722 D/mfnr_arcsoft jni(10837): arcsoft updateIso iso:381
01-01 23:35:28.728 E/mm-camera(26825): <STATS_AF ><ERROR> 4440: af_port_handle_pdaf_stats: Fail to init buf divert ack ctrl
01-01 23:35:28.743 E/mm-camera(26825): <IFACE ><ERROR> 2423: iface_axi_handle_sof_event: Event SOF session 1 VFE1, src 0 with frame_id 1080 ts: 80990012266000
01-01 23:35:28.743 E/mm-camera(26825): <IFACE ><ERROR> 2423: iface_axi_handle_sof_event: Event SOF session 1 VFE0, src 0 with frame_id 1080 ts: 80990012242000
01-01 23:35:28.757 D/mfnr_arcsoft jni(10837): arcsoft updateIso iso:381
01-01 23:35:28.763 E/mm-camera(26825): <STATS_AF ><ERROR> 4440: af_port_handle_pdaf_stats: Fail to init buf divert ack ctrl
01-01 23:35:28.778 E/mm-camera(26825): <IFACE ><ERROR> 2423: iface_axi_handle_sof_event: Event SOF session 1 VFE1, src 0 with frame_id 1081 ts: 80990045673000
01-01 23:35:28.778 E/mm-camera(26825): <IFACE ><ERROR> 2423: iface_axi_handle_sof_event: Event SOF session 1 VFE0, src 0 with frame_id 1081 ts: 80990045437000
01-01 23:35:28.780 E/mm-camera(26825): <IMGLIB><ERROR> 5398: module_faceproc_client_send_info: Both processing and reporting streams are same or it is hal3
01-01 23:35:28.793 D/mfnr_arcsoft jni(10837): arcsoft updateIso iso:381
01-01 23:35:28.795 E/mm-camera(26825): <STATS_AF ><ERROR> 4440: af_port_handle_pdaf_stats: Fail to init buf divert ack ctrl
01-01 23:35:28.812 E/mm-camera(26825): <IFACE ><ERROR> 2423: iface_axi_handle_sof_event: Event SOF session 1 VFE1, src 0 with frame_id 1082 ts: 80990078689000
01-01 23:35:28.812 E/mm-camera(26825): <IFACE ><ERROR> 2423: iface_axi_handle_sof_event: Event SOF session 1 VFE0, src 0 with frame_id 1082 ts: 80990078740000
01-01 23:35:28.822 D/mfnr_arcsoft jni(10837): arcsoft updateIso iso:381
01-01 23:35:28.827 E/mm-camera(26825): <STATS_AF ><ERROR> 4440: af_port_handle_pdaf_stats: Fail to init buf divert ack ctrl
01-01 23:35:28.842 E/mm-camera(26825): <IFACE ><ERROR> 2423: iface_axi_handle_sof_event: Event SOF session 1 VFE1, src 0 with frame_id 1083 ts: 80990111940000
01-01 23:35:28.844 E/mm-camera(26825): <IFACE ><ERROR> 2423: iface_axi_handle_sof_event: Event SOF session 1 VFE0, src 0 with frame_id 1083 ts: 80990111963000
01-01 23:35:28.850 E/mm-camera(26825): <IMGLIB><ERROR> 5398: module_faceproc_client_send_info: Both processing and reporting streams are same or it is hal3
01-01 23:35:28.858 D/mfnr_arcsoft jni(10837): arcsoft updateIso iso:381
01-01 23:35:28.861 E/mm-camera(26825): <STATS_AF ><ERROR> 4440: af_port_handle_pdaf_stats: Fail to init buf divert ack ctrl
01-01 23:35:28.878 E/mm-camera(26825): <IFACE ><ERROR> 2423: iface_axi_handle_sof_event: Event SOF session 1 VFE1, src 0 with frame_id 1084 ts: 80990145189000
01-01 23:35:28.880 E/mm-camera(26825): <IFACE ><ERROR> 2423: iface_axi_handle_sof_event: Event SOF session 1 VFE0, src 0 with frame_id 1084 ts: 80990145180000
01-01 23:35:28.886 E/mm-camera(26825): <IMGLIB><ERROR> 5398: module_faceproc_client_send_info: Both processing and reporting streams are same or it is hal3
01-01 23:35:28.894 E/mm-camera(26825): <STATS_AF ><ERROR> 4440: af_port_handle_pdaf_stats: Fail to init buf divert ack ctrl
01-01 23:35:28.894 D/mfnr_arcsoft jni(10837): arcsoft updateIso iso:381
01-01 23:35:28.909 E/mm-camera(26825): <IFACE ><ERROR> 2423: iface_axi_handle_sof_event: Event SOF session 1 VFE1, src 0 with frame_id 1085 ts: 80990178507000
01-01 23:35:28.911 E/mm-camera(26825): <IFACE ><ERROR> 2423: iface_axi_handle_sof_event: Event SOF session 1 VFE0, src 0 with frame_id 1085 ts: 80990178602000
01-01 23:35:28.923 D/mfnr_arcsoft jni(10837): arcsoft updateIso iso:381
01-01 23:35:28.928 E/mm-camera(26825): <STATS_AF ><ERROR> 4440: af_port_handle_pdaf_stats: Fail to init buf divert ack ctrl
01-01 23:35:28.943 E/mm-camera(26825): <IFACE ><ERROR> 2423: iface_axi_handle_sof_event: Event SOF session 1 VFE0, src 0 with frame_id 1086 ts: 80990211708000
01-01 23:35:28.944 E/mm-camera(26825): <IFACE ><ERROR> 2423: iface_axi_handle_sof_event: Event SOF session 1 VFE1, src 0 with frame_id 1086 ts: 80990211792000
01-01 23:35:28.953 D/mfnr_arcsoft jni(10837): arcsoft updateIso iso:381
01-01 23:35:28.961 E/mm-camera(26825): <STATS_AF ><ERROR> 4440: af_port_handle_pdaf_stats: Fail to init buf divert ack ctrl
01-01 23:35:28.975 E/mm-camera(26825): <IFACE ><ERROR> 2423: iface_axi_handle_sof_event: Event SOF session 1 VFE1, src 0 with frame_id 1087 ts: 80990245057000
01-01 23:35:28.976 E/mm-camera(26825): <IFACE ><ERROR> 2423: iface_axi_handle_sof_event: Event SOF session 1 VFE0, src 0 with frame_id 1087 ts: 80990245023000
01-01 23:35:28.978 E/mm-camera(26825): <IMGLIB><ERROR> 5398: module_faceproc_client_send_info: Both processing and reporting streams are same or it is hal3
01-01 23:35:28.980 W/swapper/7(    0): type=1400 audit(0.0:9510): avc: denied { kill } for capability=5 scontext=u:r:kernel:s0 tcontext=u:r:kernel:s0 tclass=capability permissive=0
01-01 23:35:28.984 D/mfnr_arcsoft jni(10837): arcsoft updateIso iso:381
01-01 23:35:28.994 E/mm-camera(26825): <STATS_AF ><ERROR> 4440: af_port_handle_pdaf_stats: Fail to init buf divert ack ctrl
01-01 23:35:29.009 E/mm-camera(26825): <IFACE ><ERROR> 2423: iface_axi_handle_sof_event: Event SOF session 1 VFE0, src 0 with frame_id 1088 ts: 80990278207000
01-01 23:35:29.009 E/mm-camera(26825): <IFACE ><ERROR> 2423: iface_axi_handle_sof_event: Event SOF session 1 VFE1, src 0 with frame_id 1088 ts: 80990278270000
01-01 23:35:29.018 D/mfnr_arcsoft jni(10837): arcsoft updateIso iso:381
01-01 23:35:29.027 E/mm-camera(26825): <STATS_AF ><ERROR> 4440: af_port_handle_pdaf_stats: Fail to init buf divert ack ctrl
01-01 23:35:29.042 E/mm-camera(26825): <IFACE ><ERROR> 2423: iface_axi_handle_sof_event: Event SOF session 1 VFE1, src 0 with frame_id 1089 ts: 80990311564000
01-01 23:35:29.043 E/mm-camera(26825): <IFACE ><ERROR> 2423: iface_axi_handle_sof_event: Event SOF session 1 VFE0, src 0 with frame_id 1089 ts: 80990311501000
01-01 23:35:29.044 E/mm-camera(26825): <IMGLIB><ERROR> 5398: module_faceproc_client_send_info: Both processing and reporting streams are same or it is hal3
01-01 23:35:29.050 D/mfnr_arcsoft jni(10837): arcsoft updateIso iso:381
01-01 23:35:29.061 E/mm-camera(26825): <STATS_AF ><ERROR> 4440: af_port_handle_pdaf_stats: Fail to init buf divert ack ctrl
01-01 23:35:29.075 E/mm-camera(26825): <IFACE ><ERROR> 2423: iface_axi_handle_sof_event: Event SOF session 1 VFE1, src 0 with frame_id 1090 ts: 80990344719000
01-01 23:35:29.076 E/mm-camera(26825): <IFACE ><ERROR> 2423: iface_axi_handle_sof_event: Event SOF session 1 VFE0, src 0 with frame_id 1090 ts: 80990344736000
01-01 23:35:29.085 D/mfnr_arcsoft jni(10837): arcsoft updateIso iso:381
01-01 23:35:29.094 E/mm-camera(26825): <STATS_AF ><ERROR> 4440: af_port_handle_pdaf_stats: Fail to init buf divert ack ctrl
01-01 23:35:29.108 E/mm-camera(26825): <IFACE ><ERROR> 2423: iface_axi_handle_sof_event: Event SOF session 1 VFE0, src 0 with frame_id 1091 ts: 80990378040000
01-01 23:35:29.109 E/mm-camera(26825): <IFACE ><ERROR> 2423: iface_axi_handle_sof_event: Event SOF session 1 VFE1, src 0 with frame_id 1091 ts: 80990378068000
01-01 23:35:29.111 E/mm-camera(26825): <IMGLIB><ERROR> 5398: module_faceproc_client_send_info: Both processing and reporting streams are same or it is hal3
01-01 23:35:29.116 D/mfnr_arcsoft jni(10837): arcsoft updateIso iso:381
01-01 23:35:29.127 E/mm-camera(26825): <STATS_AF ><ERROR> 4440: af_port_handle_pdaf_stats: Fail to init buf divert ack ctrl
01-01 23:35:29.130 I/roid.app.camer(10837): Background concurrent copying GC freed 5368(292KB) AllocSpace objects, 70(27MB) LOS objects, 39% free, 37MB/61MB, paused 122us total 176.683ms
01-01 23:35:29.142 E/mm-camera(26825): <IFACE ><ERROR> 2423: iface_axi_handle_sof_event: Event SOF session 1 VFE1, src 0 with frame_id 1092 ts: 80990411280000
01-01 23:35:29.142 E/mm-camera(26825): <IFACE ><ERROR> 2423: iface_axi_handle_sof_event: Event SOF session 1 VFE0, src 0 with frame_id 1092 ts: 80990411223000
01-01 23:35:29.151 D/mfnr_arcsoft jni(10837): arcsoft updateIso iso:381
01-01 23:35:29.160 E/mm-camera(26825): <STATS_AF ><ERROR> 4440: af_port_handle_pdaf_stats: Fail to init buf divert ack ctrl
01-01 23:35:29.175 E/mm-camera(26825): <IFACE ><ERROR> 2423: iface_axi_handle_sof_event: Event SOF session 1 VFE1, src 0 with frame_id 1093 ts: 80990444658000
01-01 23:35:29.177 E/mm-camera(26825): <IFACE ><ERROR> 2423: iface_axi_handle_sof_event: Event SOF session 1 VFE0, src 0 with frame_id 1093 ts: 80990444535000
01-01 23:35:29.179 E/mm-camera(26825): <IMGLIB><ERROR> 5398: module_faceproc_client_send_info: Both processing and reporting streams are same or it is hal3
01-01 23:35:29.187 D/mfnr_arcsoft jni(10837): arcsoft updateIso iso:381
01-01 23:35:29.194 E/mm-camera(26825): <STATS_AF ><ERROR> 4440: af_port_handle_pdaf_stats: Fail to init buf divert ack ctrl
