01-01 23:24:11.297 W/UsageStatsService( 1214): Event reported without a package name, eventType:17
01-01 23:24:11.324 V/FaceService( 1214): mDaemon was null, reconnect to face
01-01 23:24:11.326 W/FaceService( 1214): face HIDL not available
01-01 23:24:11.329 V/KeyguardStatusView( 1802): refresh statusview showing:true
01-01 23:24:32.974 I/BatteryService( 1214): batteryVoltage= 4397batteryLevel= 100
01-01 23:24:33.085 I/PowerManagerService( 1214): Waking up from Dozing (uid=1000, reason=WAKE_REASON_POWER_BUTTON, details=android.policy:POWER)...
01-01 23:24:33.086 W/UsageStatsService( 1214): Event reported without a package name, eventType:15
01-01 23:24:33.088 I/DisplayPowerController( 1214): Blocking screen on until initial contents have been drawn.
01-01 23:24:33.089 V/DisplayPowerController( 1214): Brightness [102] reason changing to: 'manual', previous reason: 'screen_off'.
01-01 23:24:33.093 I/DisplayManagerService( 1214): Display device changed state: "Built-in Screen", ON
01-01 23:24:33.105 E/KernelCpuSpeedReader( 1214): Failed to read cpu-freq: /sys/devices/system/cpu/cpu0/cpufreq/stats/time_in_state: open failed: ENOENT (No such file or directory)
01-01 23:24:33.130 V/FaceService( 1214): mDaemon was null, reconnect to face
01-01 23:24:33.133 W/FaceService( 1214): face HIDL not available
01-01 23:24:33.177 I/DisplayPowerController( 1214): Unblocked screen on after 90 ms
01-01 23:24:33.350 W/PowerManagerService( 1214): Screen on took 273 ms
01-01 23:24:33.351 I/DreamManagerService( 1214): Gently waking up from dream.
01-01 23:24:33.352 I/DreamManagerService( 1214): Performing gentle wake from dream.
01-01 23:24:33.392 I/DreamManagerService( 1214): Leaving dreamland.
01-01 23:24:33.392 I/DreamManagerService( 1214): Performing gentle wake from dream.
01-01 23:24:33.392 I/DreamController( 1214): Stopping dream: name=ComponentInfo{com.android.systemui/com.android.systemui.doze.DozeService}, isTest=false, canDoze=true, userId=0
01-01 23:24:33.414 V/FaceService( 1214): mDaemon was null, reconnect to face
01-01 23:24:33.416 W/FaceService( 1214): face HIDL not available
01-01 23:24:34.625 V/FaceService( 1214): mDaemon was null, reconnect to face
01-01 23:24:34.628 W/FaceService( 1214): face HIDL not available
01-01 23:24:34.666 D/ActivityTaskManager( 1214): Top Process State changed to PROCESS_STATE_TOP
01-01 23:24:34.777 W/UsageStatsService( 1214): Event reported without a package name, eventType:18
01-01 23:24:34.894 I/BatteryService( 1214): batteryVoltage= 4368batteryLevel= 100
01-01 23:24:34.925 I/BatteryService( 1214): batteryVoltage= 4375batteryLevel= 100
01-01 23:24:36.401 I/BatteryService( 1214): batteryVoltage= 4396batteryLevel= 100
01-01 23:24:39.969 I/BatteryService( 1214): batteryVoltage= 4395batteryLevel= 100
01-01 23:25:28.536 V/DisplayPowerController( 1214): Brightness [10] reason changing to: 'manual [ dim ]', previous reason: 'manual'.
01-01 23:25:32.974 I/BatteryService( 1214): batteryVoltage= 4396batteryLevel= 100
01-01 23:25:35.516 I/PowerManagerService( 1214): Going to sleep due to timeout (uid 1000)...
01-01 23:25:35.516 W/UsageStatsService( 1214): Event reported without a package name, eventType:16
01-01 23:25:35.586 V/DisplayPowerController( 1214): Brightness [102] reason changing to: 'manual', previous reason: 'manual [ dim ]'.
01-01 23:25:35.998 I/DisplayPowerController( 1214): Blocking screen off
01-01 23:25:35.999 I/DisplayPowerController( 1214): Unblocked screen off after 1 ms
01-01 23:25:36.008 D/ActivityTaskManager( 1214): Top Process State changed to PROCESS_STATE_TOP_SLEEPING
01-01 23:25:36.022 E/KernelCpuSpeedReader( 1214): Failed to read cpu-freq: /sys/devices/system/cpu/cpu0/cpufreq/stats/time_in_state: open failed: ENOENT (No such file or directory)
01-01 23:25:36.054 V/DisplayPowerController( 1214): Brightness [0] reason changing to: 'screen_off', previous reason: 'manual'.
01-01 23:25:36.070 I/DisplayManagerService( 1214): Display device changed state: "Built-in Screen", OFF
01-01 23:25:36.300 I/DreamManagerService( 1214): Entering dreamland.
01-01 23:25:36.302 I/PowerManagerService( 1214): Dozing...
01-01 23:25:36.302 I/DreamController( 1214): Starting dream: name=ComponentInfo{com.android.systemui/com.android.systemui.doze.DozeService}, isTest=false, canDoze=true, userId=0
01-01 23:25:36.323 D/AutofillManagerService( 1214): Close system dialogs
01-01 23:25:37.886 I/BatteryService( 1214): batteryVoltage= 4398batteryLevel= 100
01-01 23:25:37.918 I/BatteryService( 1214): batteryVoltage= 4397batteryLevel= 100
01-01 23:25:40.546 W/UsageStatsService( 1214): Event reported without a package name, eventType:17
01-01 23:25:40.565 V/FaceService( 1214): mDaemon was null, reconnect to face
01-01 23:25:40.568 W/FaceService( 1214): face HIDL not available
01-01 23:25:40.571 V/KeyguardStatusView( 1802): refresh statusview showing:true
01-01 23:26:08.586 I/UsageStatsService( 1214): User[0] Flushing usage stats to disk
01-01 23:26:17.284 I/PowerManagerService( 1214): Waking up from Dozing (uid=1000, reason=WAKE_REASON_POWER_BUTTON, details=android.policy:POWER)...
01-01 23:26:17.284 W/UsageStatsService( 1214): Event reported without a package name, eventType:15
01-01 23:26:17.287 I/DisplayPowerController( 1214): Blocking screen on until initial contents have been drawn.
01-01 23:26:17.288 V/DisplayPowerController( 1214): Brightness [102] reason changing to: 'manual', previous reason: 'screen_off'.
01-01 23:26:17.302 I/DisplayManagerService( 1214): Display device changed state: "Built-in Screen", ON
01-01 23:26:17.314 E/KernelCpuSpeedReader( 1214): Failed to read cpu-freq: /sys/devices/system/cpu/cpu0/cpufreq/stats/time_in_state: open failed: ENOENT (No such file or directory)
01-01 23:26:17.334 V/FaceService( 1214): mDaemon was null, reconnect to face
01-01 23:26:17.336 W/FaceService( 1214): face HIDL not available
01-01 23:26:17.380 I/DisplayPowerController( 1214): Unblocked screen on after 93 ms
01-01 23:26:17.540 W/PowerManagerService( 1214): Screen on took 262 ms
01-01 23:26:17.540 I/DreamManagerService( 1214): Gently waking up from dream.
01-01 23:26:17.540 I/DreamManagerService( 1214): Performing gentle wake from dream.
01-01 23:26:17.566 I/DreamManagerService( 1214): Leaving dreamland.
01-01 23:26:17.566 I/DreamManagerService( 1214): Performing gentle wake from dream.
01-01 23:26:17.566 I/DreamController( 1214): Stopping dream: name=ComponentInfo{com.android.systemui/com.android.systemui.doze.DozeService}, isTest=false, canDoze=true, userId=0
01-01 23:26:17.589 V/FaceService( 1214): mDaemon was null, reconnect to face
01-01 23:26:17.591 W/FaceService( 1214): face HIDL not available
01-01 23:26:18.297 V/FaceService( 1214): mDaemon was null, reconnect to face
01-01 23:26:18.299 W/FaceService( 1214): face HIDL not available
01-01 23:26:18.342 D/ActivityTaskManager( 1214): Top Process State changed to PROCESS_STATE_TOP
01-01 23:26:18.441 W/UsageStatsService( 1214): Event reported without a package name, eventType:18
01-01 23:26:18.535 I/BatteryService( 1214): batteryVoltage= 4362batteryLevel= 100
01-01 23:26:18.565 I/BatteryService( 1214): batteryVoltage= 4359batteryLevel= 100
01-01 23:26:20.135 I/BatteryService( 1214): batteryVoltage= 4397batteryLevel= 100
01-01 23:26:23.631 I/BatteryService( 1214): batteryVoltage= 4396batteryLevel= 100
01-01 23:26:23.971 I/ActivityTaskManager( 1214): START u0 {flg=0x10000000 cmp=com.sec.android.app.camera/com.android.camera.CameraActivity} from uid 0
01-01 23:26:24.002 I/ActivityTaskManager( 1214): The Process com.sec.android.app.camera Already Exists in BG. So sending its PID: 10837
01-01 23:26:24.065 W/BackupManagerService( 1214): dataChanged but no participant pkg='com.sec.android.app.camera' uid=10041
01-01 23:26:24.170 V/SettingsProvider( 1214): Notifying for 0: content://settings/secure/flashlight_available
01-01 23:26:24.313 I/BatteryService( 1214): batteryVoltage= 4385batteryLevel= 100
01-01 23:26:24.356 I/BatteryService( 1214): batteryVoltage= 4371batteryLevel= 100
01-01 23:26:26.632 W/BackupManagerService( 1214): dataChanged but no participant pkg='com.sec.android.app.camera' uid=10041
01-01 23:26:26.673 W/BackupManagerService( 1214): dataChanged but no participant pkg='com.sec.android.app.camera' uid=10041
01-01 23:26:26.853 V/SettingsProvider( 1214): Notifying for 0: content://settings/secure/flashlight_available
01-01 23:26:26.860 I/BatteryService( 1214): batteryVoltage= 4382batteryLevel= 100
01-01 23:26:27.158 I/BatteryService( 1214): batteryVoltage= 4387batteryLevel= 100
01-01 23:26:27.900 I/ActivityManager( 1214): Process com.android.email (pid 27054) has died: cch+55 CEM 
01-01 23:26:28.118 E/TaskPersister( 1214): File error accessing recents directory (directory doesn't exist?).
01-01 23:26:28.168 W/BackupManagerService( 1214): dataChanged but no participant pkg='com.sec.android.app.camera' uid=10041
01-01 23:26:28.173 W/BackupManagerService( 1214): dataChanged but no participant pkg='com.sec.android.app.camera' uid=10041
01-01 23:26:28.564 I/BatteryService( 1214): batteryVoltage= 4366batteryLevel= 100
01-01 23:26:28.675 I/BatteryService( 1214): batteryVoltage= 4390batteryLevel= 100
01-01 23:26:28.684 V/SettingsProvider( 1214): Notifying for 0: content://settings/secure/flashlight_available
01-01 23:26:28.849 I/BatteryService( 1214): batteryVoltage= 4374batteryLevel= 100
01-01 23:26:32.970 I/BatteryService( 1214): batteryVoltage= 4374batteryLevel= 100
01-01 23:26:33.691 I/BatteryService( 1214): batteryVoltage= 4357batteryLevel= 100
01-01 23:27:01.237 W/BackupManagerService( 1214): dataChanged but no participant pkg='com.sec.android.app.camera' uid=10041
01-01 23:27:01.287 W/BackupManagerService( 1214): dataChanged but no participant pkg='com.sec.android.app.camera' uid=10041
01-01 23:27:02.571 W/BackupManagerService( 1214): dataChanged but no participant pkg='com.sec.android.app.camera' uid=10041
01-01 23:27:02.686 I/chatty  ( 1214): uid=1000(system) Binder:1214_8 identical 5 lines
01-01 23:27:03.421 W/BackupManagerService( 1214): dataChanged but no participant pkg='com.sec.android.app.camera' uid=10041
01-01 23:27:03.446 W/BackupManagerService( 1214): dataChanged but no participant pkg='com.sec.android.app.camera' uid=10041
01-01 23:27:05.216 I/chatty  ( 1214): uid=1000(system) Binder:1214_3 identical 17 lines
01-01 23:27:05.232 W/BackupManagerService( 1214): dataChanged but no participant pkg='com.sec.android.app.camera' uid=10041
01-01 23:27:05.607 W/BackupManagerService( 1214): dataChanged but no participant pkg='com.sec.android.app.camera' uid=10041
01-01 23:27:06.007 I/chatty  ( 1214): uid=1000(system) Binder:1214_8 identical 9 lines
01-01 23:27:06.023 W/BackupManagerService( 1214): dataChanged but no participant pkg='com.sec.android.app.camera' uid=10041
01-01 23:27:09.876 W/BackupManagerService( 1214): dataChanged but no participant pkg='com.sec.android.app.camera' uid=10041
01-01 23:27:09.895 W/BackupManagerService( 1214): dataChanged but no participant pkg='com.sec.android.app.camera' uid=10041
01-01 23:27:09.943 W/BackupManagerService( 1214): dataChanged but no participant pkg='com.sec.android.app.camera' uid=10041
01-01 23:27:11.560 I/chatty  ( 1214): uid=1000(system) Binder:1214_8 identical 21 lines
01-01 23:27:11.626 W/BackupManagerService( 1214): dataChanged but no participant pkg='com.sec.android.app.camera' uid=10041
01-01 23:27:12.026 W/BackupManagerService( 1214): dataChanged but no participant pkg='com.sec.android.app.camera' uid=10041
01-01 23:27:12.244 I/chatty  ( 1214): uid=1000(system) Binder:1214_1 identical 7 lines
01-01 23:27:12.293 W/BackupManagerService( 1214): dataChanged but no participant pkg='com.sec.android.app.camera' uid=10041
01-01 23:27:12.845 W/BackupManagerService( 1214): dataChanged but no participant pkg='com.sec.android.app.camera' uid=10041
01-01 23:27:12.977 I/chatty  ( 1214): uid=1000(system) Binder:1214_11 identical 6 lines
01-01 23:27:13.027 W/BackupManagerService( 1214): dataChanged but no participant pkg='com.sec.android.app.camera' uid=10041
01-01 23:27:13.494 W/BackupManagerService( 1214): dataChanged but no participant pkg='com.sec.android.app.camera' uid=10041
01-01 23:27:13.661 I/chatty  ( 1214): uid=1000(system) Binder:1214_1 identical 6 lines
01-01 23:27:13.744 W/BackupManagerService( 1214): dataChanged but no participant pkg='com.sec.android.app.camera' uid=10041
01-01 23:27:14.128 W/BackupManagerService( 1214): dataChanged but no participant pkg='com.sec.android.app.camera' uid=10041
01-01 23:27:14.250 I/chatty  ( 1214): uid=1000(system) Binder:1214_11 identical 6 lines
01-01 23:27:14.328 W/BackupManagerService( 1214): dataChanged but no participant pkg='com.sec.android.app.camera' uid=10041
01-01 23:27:14.694 W/BackupManagerService( 1214): dataChanged but no participant pkg='com.sec.android.app.camera' uid=10041
01-01 23:27:15.311 I/chatty  ( 1214): uid=1000(system) Binder:1214_1 identical 6 lines
01-01 23:27:15.328 W/BackupManagerService( 1214): dataChanged but no participant pkg='com.sec.android.app.camera' uid=10041
01-01 23:27:15.356 W/BackupManagerService( 1214): dataChanged but no participant pkg='com.sec.android.app.camera' uid=10041
01-01 23:27:18.347 I/chatty  ( 1214): uid=1000(system) Binder:1214_11 identical 25 lines
01-01 23:27:18.460 W/BackupManagerService( 1214): dataChanged but no participant pkg='com.sec.android.app.camera' uid=10041
01-01 23:27:18.947 W/BackupManagerService( 1214): dataChanged but no participant pkg='com.sec.android.app.camera' uid=10041
01-01 23:27:19.733 I/chatty  ( 1214): uid=1000(system) Binder:1214_8 identical 6 lines
01-01 23:27:19.800 W/BackupManagerService( 1214): dataChanged but no participant pkg='com.sec.android.app.camera' uid=10041
01-01 23:27:20.332 W/BackupManagerService( 1214): dataChanged but no participant pkg='com.sec.android.app.camera' uid=10041
01-01 23:27:20.365 I/chatty  ( 1214): uid=1000(system) Binder:1214_11 identical 1 line
01-01 23:27:20.431 W/BackupManagerService( 1214): dataChanged but no participant pkg='com.sec.android.app.camera' uid=10041
01-01 23:27:21.084 W/BackupManagerService( 1214): dataChanged but no participant pkg='com.sec.android.app.camera' uid=10041
01-01 23:27:22.419 I/BatteryService( 1214): batteryVoltage= 4367batteryLevel= 100
01-01 23:27:22.430 I/BatteryService( 1214): batteryVoltage= 4367batteryLevel= 100
01-01 23:27:32.971 I/BatteryService( 1214): batteryVoltage= 4370batteryLevel= 100
01-01 23:28:24.594 V/SettingsProvider( 1214): Notifying for 0: content://settings/secure/flashlight_available
01-01 23:28:24.618 I/BatteryService( 1214): batteryVoltage= 4374batteryLevel= 100
01-01 23:28:24.663 I/BatteryService( 1214): batteryVoltage= 4388batteryLevel= 100
01-01 23:28:25.657 I/BatteryService( 1214): batteryVoltage= 4396batteryLevel= 100
01-01 23:28:27.798 I/BatteryService( 1214): batteryVoltage= 4397batteryLevel= 100
01-01 23:28:28.404 E/TaskPersister( 1214): File error accessing recents directory (directory doesn't exist?).
01-01 23:28:29.621 I/BatteryService( 1214): batteryVoltage= 4396batteryLevel= 100
01-01 23:28:32.974 I/BatteryService( 1214): batteryVoltage= 4397batteryLevel= 100
01-01 23:29:24.668 I/PowerManagerService( 1214): Going to sleep due to timeout (uid 1000)...
01-01 23:29:24.669 W/UsageStatsService( 1214): Event reported without a package name, eventType:16
01-01 23:29:25.141 I/DisplayPowerController( 1214): Blocking screen off
01-01 23:29:25.142 I/DisplayPowerController( 1214): Unblocked screen off after 1 ms
01-01 23:29:25.143 D/ActivityTaskManager( 1214): Top Process State changed to PROCESS_STATE_TOP_SLEEPING
01-01 23:29:25.167 E/KernelCpuSpeedReader( 1214): Failed to read cpu-freq: /sys/devices/system/cpu/cpu0/cpufreq/stats/time_in_state: open failed: ENOENT (No such file or directory)
01-01 23:29:25.198 V/DisplayPowerController( 1214): Brightness [0] reason changing to: 'screen_off', previous reason: 'manual'.
01-01 23:29:25.212 I/DisplayManagerService( 1214): Display device changed state: "Built-in Screen", OFF
01-01 23:29:25.428 I/DreamManagerService( 1214): Entering dreamland.
01-01 23:29:25.430 I/PowerManagerService( 1214): Dozing...
01-01 23:29:25.431 I/DreamController( 1214): Starting dream: name=ComponentInfo{com.android.systemui/com.android.systemui.doze.DozeService}, isTest=false, canDoze=true, userId=0
01-01 23:29:25.452 D/AutofillManagerService( 1214): Close system dialogs
01-01 23:29:29.693 W/UsageStatsService( 1214): Event reported without a package name, eventType:17
01-01 23:29:29.720 V/FaceService( 1214): mDaemon was null, reconnect to face
01-01 23:29:29.723 W/FaceService( 1214): face HIDL not available
01-01 23:29:29.726 V/KeyguardStatusView( 1802): refresh statusview showing:true
01-01 23:29:32.974 I/BatteryService( 1214): batteryVoltage= 4396batteryLevel= 100
01-01 23:29:33.134 I/BatteryService( 1214): batteryVoltage= 4397batteryLevel= 100
01-01 23:29:33.174 I/BatteryService( 1214): batteryVoltage= 4396batteryLevel= 100
01-01 23:30:32.987 I/BatteryService( 1214): batteryVoltage= 4397batteryLevel= 100
01-01 23:30:38.464 I/chatty  ( 1214): uid=1000(system) HwBinder:1214_3 identical 1 line
01-01 23:30:38.499 I/BatteryService( 1214): batteryVoltage= 4397batteryLevel= 100
01-01 23:31:32.974 I/BatteryService( 1214): batteryVoltage= 4396batteryLevel= 100
01-01 23:31:43.841 I/BatteryService( 1214): batteryVoltage= 4397batteryLevel= 100
01-01 23:31:43.877 I/BatteryService( 1214): batteryVoltage= 4398batteryLevel= 100
01-01 23:32:32.981 I/BatteryService( 1214): batteryVoltage= 4396batteryLevel= 100
01-01 23:32:49.249 I/BatteryService( 1214): batteryVoltage= 4397batteryLevel= 100
01-01 23:32:49.272 I/BatteryService( 1214): batteryVoltage= 4396batteryLevel= 100
01-01 23:33:28.936 I/PowerManagerService( 1214): Waking up from Dozing (uid=1000, reason=WAKE_REASON_POWER_BUTTON, details=android.policy:POWER)...
01-01 23:33:28.937 W/UsageStatsService( 1214): Event reported without a package name, eventType:15
01-01 23:33:28.939 I/DisplayPowerController( 1214): Blocking screen on until initial contents have been drawn.
01-01 23:33:28.958 E/KernelCpuSpeedReader( 1214): Failed to read cpu-freq: /sys/devices/system/cpu/cpu0/cpufreq/stats/time_in_state: open failed: ENOENT (No such file or directory)
01-01 23:33:28.969 V/DisplayPowerController( 1214): Brightness [102] reason changing to: 'manual', previous reason: 'screen_off'.
01-01 23:33:28.975 I/DisplayManagerService( 1214): Display device changed state: "Built-in Screen", ON
01-01 23:33:29.007 V/FaceService( 1214): mDaemon was null, reconnect to face
01-01 23:33:29.009 W/FaceService( 1214): face HIDL not available
01-01 23:33:29.062 I/DisplayPowerController( 1214): Unblocked screen on after 124 ms
01-01 23:33:29.218 W/PowerManagerService( 1214): Screen on took 287 ms
01-01 23:33:29.218 I/DreamManagerService( 1214): Gently waking up from dream.
01-01 23:33:29.220 I/DreamManagerService( 1214): Performing gentle wake from dream.
01-01 23:33:29.259 I/DreamManagerService( 1214): Leaving dreamland.
01-01 23:33:29.260 I/DreamManagerService( 1214): Performing gentle wake from dream.
01-01 23:33:29.260 I/DreamController( 1214): Stopping dream: name=ComponentInfo{com.android.systemui/com.android.systemui.doze.DozeService}, isTest=false, canDoze=true, userId=0
01-01 23:33:29.287 V/FaceService( 1214): mDaemon was null, reconnect to face
01-01 23:33:29.290 W/FaceService( 1214): face HIDL not available
01-01 23:33:30.951 V/FaceService( 1214): mDaemon was null, reconnect to face
01-01 23:33:30.954 W/FaceService( 1214): face HIDL not available
01-01 23:33:30.993 D/ActivityTaskManager( 1214): Top Process State changed to PROCESS_STATE_TOP
01-01 23:33:31.108 W/UsageStatsService( 1214): Event reported without a package name, eventType:18
01-01 23:33:32.974 I/BatteryService( 1214): batteryVoltage= 4397batteryLevel= 100
01-01 23:33:33.510 I/ActivityTaskManager( 1214): START u0 {flg=0x10000000 cmp=com.sec.android.app.camera/com.android.camera.CameraActivity} from uid 0
01-01 23:33:33.543 I/ActivityTaskManager( 1214): The Process com.sec.android.app.camera Already Exists in BG. So sending its PID: 10837
01-01 23:33:33.603 W/BackupManagerService( 1214): dataChanged but no participant pkg='com.sec.android.app.camera' uid=10041
01-01 23:33:33.719 V/SettingsProvider( 1214): Notifying for 0: content://settings/secure/flashlight_available
01-01 23:33:33.916 I/BatteryService( 1214): batteryVoltage= 4374batteryLevel= 100
01-01 23:33:33.925 I/BatteryService( 1214): batteryVoltage= 4374batteryLevel= 100
01-01 23:33:34.028 I/BatteryService( 1214): batteryVoltage= 4370batteryLevel= 100
01-01 23:33:35.278 W/BackupManagerService( 1214): dataChanged but no participant pkg='com.sec.android.app.camera' uid=10041
01-01 23:33:35.320 W/BackupManagerService( 1214): dataChanged but no participant pkg='com.sec.android.app.camera' uid=10041
01-01 23:33:35.535 V/SettingsProvider( 1214): Notifying for 0: content://settings/secure/flashlight_available
01-01 23:33:35.545 I/BatteryService( 1214): batteryVoltage= 4383batteryLevel= 100
01-01 23:33:35.861 I/BatteryService( 1214): batteryVoltage= 4393batteryLevel= 100
01-01 23:33:36.407 W/BackupManagerService( 1214): dataChanged but no participant pkg='com.sec.android.app.camera' uid=10041
01-01 23:33:36.416 W/BackupManagerService( 1214): dataChanged but no participant pkg='com.sec.android.app.camera' uid=10041
01-01 23:33:37.566 I/BatteryService( 1214): batteryVoltage= 4374batteryLevel= 100
01-01 23:33:37.603 E/TaskPersister( 1214): File error accessing recents directory (directory doesn't exist?).
01-01 23:33:37.665 V/SettingsProvider( 1214): Notifying for 0: content://settings/secure/flashlight_available
01-01 23:33:37.858 I/BatteryService( 1214): batteryVoltage= 4372batteryLevel= 100
--------- beginning of main
01-01 23:33:38.121 I/OMXMaster(  871): makeComponentInstance(OMX.google.vorbis.decoder) in android.hardwar process
01-01 23:33:38.124 E/OMXNodeInstance(  871): getConfig(0xf161ae40:google.vorbis.decoder, ConfigAndroidVendorExtension(0x6f100004)) ERROR: Undefined(0x80001001)
01-01 23:33:38.259 I/chatty  (10837): uid=10041(com.sec.android.app.camera) expire 2 lines
01-01 23:33:38.260 I/OMXMaster(  871): makeComponentInstance(OMX.google.vorbis.decoder) in android.hardwar process
01-01 23:33:38.270 E/OMXNodeInstance(  871): getConfig(0xf161ae40:google.vorbis.decoder, ConfigAndroidVendorExtension(0x6f100004)) ERROR: Undefined(0x80001001)
01-01 23:33:38.976 I/BatteryService( 1214): batteryVoltage= 4365batteryLevel= 100
01-01 23:33:38.978 D/KeyguardUpdateMonitor( 1802): received broadcast android.intent.action.BATTERY_CHANGED
01-01 23:33:38.979 D/KeyguardUpdateMonitor( 1802): handleBatteryUpdate
01-01 23:33:38.980 D/QtiCarrierConfigHelper( 1980): WARNING, no carrier configs on phone Id: 0
01-01 23:33:39.065 W/ServiceManagement(  834): Waited one second for android.hardware.drm@1.0::IDrmFactory/widevine
01-01 23:33:39.067 I/ServiceManagement(  834): getService: Trying again for android.hardware.drm@1.0::IDrmFactory/widevine...
01-01 23:33:39.550 D/audio_hw_primary(  607): out_standby: enter: stream (0xeb3f4800) usecase(1: low-latency-playback)
01-01 23:33:39.624 D/audio_hw_primary(  607): disable_audio_route: reset and update mixer path: low-latency-playback
01-01 23:33:39.627 D/soundtrigger(  607): audio_extn_sound_trigger_update_stream_status: uc_info->id 1 of type 0 for Event 2, with Raise=0
01-01 23:33:39.627 D/msm8916_platform(  607): platform_split_snd_device: snd_device(2) num devices(0) new_snd_devices(0)
01-01 23:33:39.627 I/msm8916_platform(  607): platform_get_custom_mtmx_params: no matching param with id 0 ip_ch 2 op_ch 1 uc_id 1 snd_dev 2
01-01 23:33:39.627 D/hardware_info(  607): hw_info_append_hw_type : device_name = speaker
01-01 23:33:39.627 D/audio_hw_primary(  607): disable_snd_device: snd_device(2: speaker)
01-01 23:33:39.627 D/msm8916_platform(  607): platform_split_snd_device: snd_device(2) num devices(0) new_snd_devices(0)
01-01 23:33:39.635 I/soundtrigger(  607): audio_extn_sound_trigger_update_device_status: device 0x2 of type 0 for Event 0, with Raise=0
01-01 23:33:39.635 D/audio_hw_primary(  607): out_standby: exit
01-01 23:33:40.068 W/ServiceManagement(  834): Waited one second for android.hardware.drm@1.0::IDrmFactory/widevine
01-01 23:33:40.070 I/ServiceManagement(  834): getService: Trying again for android.hardware.drm@1.0::IDrmFactory/widevine...
01-01 23:33:41.070 W/ServiceManagement(  834): Waited one second for android.hardware.drm@1.0::IDrmFactory/widevine
01-01 23:33:41.074 I/ServiceManagement(  834): getService: Trying again for android.hardware.drm@1.0::IDrmFactory/widevine...
01-01 23:33:41.426 I/DPMJ    ( 1883): |REQ:RCVR| DPM creating socket
01-01 23:33:42.075 W/ServiceManagement(  834): Waited one second for android.hardware.drm@1.0::IDrmFactory/widevine
01-01 23:33:42.077 I/ServiceManagement(  834): getService: Trying again for android.hardware.drm@1.0::IDrmFactory/widevine...
01-01 23:33:43.077 W/ServiceManagement(  834): Waited one second for android.hardware.drm@1.0::IDrmFactory/widevine
01-01 23:33:43.080 I/ServiceManagement(  834): getService: Trying again for android.hardware.drm@1.0::IDrmFactory/widevine...
01-01 23:33:44.080 W/ServiceManagement(  834): Waited one second for android.hardware.drm@1.0::IDrmFactory/widevine
01-01 23:33:44.082 I/ServiceManagement(  834): getService: Trying again for android.hardware.drm@1.0::IDrmFactory/widevine...
01-01 23:33:45.083 W/ServiceManagement(  834): Waited one second for android.hardware.drm@1.0::IDrmFactory/widevine
01-01 23:33:45.085 I/ServiceManagement(  834): getService: Trying again for android.hardware.drm@1.0::IDrmFactory/widevine...
01-01 23:33:45.428 I/DPMJ    ( 1883): |REQ:RCVR| DPM creating socket
01-01 23:33:46.085 W/ServiceManagement(  834): Waited one second for android.hardware.drm@1.0::IDrmFactory/widevine
01-01 23:33:46.087 I/ServiceManagement(  834): getService: Trying again for android.hardware.drm@1.0::IDrmFactory/widevine...
01-01 23:33:47.088 W/ServiceManagement(  834): Waited one second for android.hardware.drm@1.0::IDrmFactory/widevine
01-01 23:33:47.091 I/ServiceManagement(  834): getService: Trying again for android.hardware.drm@1.0::IDrmFactory/widevine...
01-01 23:33:48.092 W/ServiceManagement(  834): Waited one second for android.hardware.drm@1.0::IDrmFactory/widevine
01-01 23:33:48.095 I/ServiceManagement(  834): getService: Trying again for android.hardware.drm@1.0::IDrmFactory/widevine...
01-01 23:33:48.175 I/chatty  (26825): uid=1047(cameraserver) provider@2.4-se expire 28 lines
01-01 23:33:48.449 I/chatty  (10837): uid=10041(com.sec.android.app.camera) expire 320 lines
01-01 23:33:49.096 W/ServiceManagement(  834): Waited one second for android.hardware.drm@1.0::IDrmFactory/widevine
01-01 23:33:49.099 I/ServiceManagement(  834): getService: Trying again for android.hardware.drm@1.0::IDrmFactory/widevine...
01-01 23:33:49.336 I/chatty  (26825): uid=1047(cameraserver) provider@2.4-se expire 176 lines
01-01 23:33:49.353 I/chatty  (26825): uid=1047(cameraserver) provider@2.4-se expire 349 lines
01-01 23:33:49.367 I/chatty  (26825): uid=1047(cameraserver) provider@2.4-se expire 349 lines
01-01 23:33:49.369 I/chatty  (26825): uid=1047(cameraserver) provider@2.4-se expire 349 lines
01-01 23:33:49.429 I/DPMJ    ( 1883): |REQ:RCVR| DPM creating socket
01-01 23:33:50.099 W/ServiceManagement(  834): Waited one second for android.hardware.drm@1.0::IDrmFactory/widevine
01-01 23:33:50.101 I/ServiceManagement(  834): getService: Trying again for android.hardware.drm@1.0::IDrmFactory/widevine...
01-01 23:33:51.101 W/ServiceManagement(  834): Waited one second for android.hardware.drm@1.0::IDrmFactory/widevine
01-01 23:33:51.104 I/ServiceManagement(  834): getService: Trying again for android.hardware.drm@1.0::IDrmFactory/widevine...
01-01 23:33:52.104 W/ServiceManagement(  834): Waited one second for android.hardware.drm@1.0::IDrmFactory/widevine
01-01 23:33:52.106 I/ServiceManagement(  834): getService: Trying again for android.hardware.drm@1.0::IDrmFactory/widevine...
01-01 23:33:53.107 W/ServiceManagement(  834): Waited one second for android.hardware.drm@1.0::IDrmFactory/widevine
01-01 23:33:53.109 I/ServiceManagement(  834): getService: Trying again for android.hardware.drm@1.0::IDrmFactory/widevine...
01-01 23:33:53.431 I/DPMJ    ( 1883): |REQ:RCVR| DPM creating socket
01-01 23:33:54.109 W/ServiceManagement(  834): Waited one second for android.hardware.drm@1.0::IDrmFactory/widevine
01-01 23:33:54.115 I/ServiceManagement(  834): getService: Trying again for android.hardware.drm@1.0::IDrmFactory/widevine...
01-01 23:33:55.116 W/ServiceManagement(  834): Waited one second for android.hardware.drm@1.0::IDrmFactory/widevine
01-01 23:33:55.119 I/ServiceManagement(  834): getService: Trying again for android.hardware.drm@1.0::IDrmFactory/widevine...
01-01 23:33:56.119 W/ServiceManagement(  834): Waited one second for android.hardware.drm@1.0::IDrmFactory/widevine
01-01 23:33:56.122 I/ServiceManagement(  834): getService: Trying again for android.hardware.drm@1.0::IDrmFactory/widevine...
01-01 23:33:56.703 I/chatty  (10837): uid=10041(com.sec.android.app.camera) HeapTaskDaemon expire 10 lines
01-01 23:33:57.123 W/ServiceManagement(  834): Waited one second for android.hardware.drm@1.0::IDrmFactory/widevine
01-01 23:33:57.125 I/ServiceManagement(  834): getService: Trying again for android.hardware.drm@1.0::IDrmFactory/widevine...
01-01 23:33:57.432 I/DPMJ    ( 1883): |REQ:RCVR| DPM creating socket
01-01 23:33:58.126 W/ServiceManagement(  834): Waited one second for android.hardware.drm@1.0::IDrmFactory/widevine
01-01 23:33:58.128 I/ServiceManagement(  834): getService: Trying again for android.hardware.drm@1.0::IDrmFactory/widevine...
01-01 23:33:58.970 W/swapper/4(    0): type=1400 audit(0.0:9492): avc: denied { kill } for capability=5 scontext=u:r:kernel:s0 tcontext=u:r:kernel:s0 tclass=capability permissive=0
01-01 23:33:59.017 I/chatty  (10837): uid=10041(com.sec.android.app.camera) expire 11 lines
01-01 23:33:59.093 I/chatty  (10837): uid=10041(com.sec.android.app.camera) expire 243 lines
01-01 23:33:59.128 W/ServiceManagement(  834): Waited one second for android.hardware.drm@1.0::IDrmFactory/widevine
01-01 23:33:59.131 I/ServiceManagement(  834): getService: Trying again for android.hardware.drm@1.0::IDrmFactory/widevine...
01-01 23:33:59.347 I/chatty  (26825): uid=1047(cameraserver) provider@2.4-se expire 18 lines
01-01 23:34:00.007 D/KeyguardUpdateMonitor( 1802): received broadcast android.intent.action.TIME_TICK
01-01 23:34:00.007 D/KeyguardUpdateMonitor( 1802): handleTimeUpdate
01-01 23:34:00.010 D/KeyguardClockSwitch( 1802): Updating clock: 1134
01-01 23:34:00.131 W/ServiceManagement(  834): Waited one second for android.hardware.drm@1.0::IDrmFactory/widevine
01-01 23:34:00.133 I/ServiceManagement(  834): getService: Trying again for android.hardware.drm@1.0::IDrmFactory/widevine...
01-01 23:34:00.726 I/chatty  (26825): uid=1047(cameraserver) provider@2.4-se expire 11 lines
01-01 23:34:00.942 I/chatty  (26825): uid=1047(cameraserver) provider@2.4-se expire 147 lines
01-01 23:34:00.958 I/chatty  (26825): uid=1047(cameraserver) provider@2.4-se expire 195 lines
01-01 23:34:00.972 I/chatty  (26825): uid=1047(cameraserver) provider@2.4-se expire 195 lines
01-01 23:34:00.973 I/chatty  (26825): uid=1047(cameraserver) provider@2.4-se expire 194 lines
01-01 23:34:01.134 W/ServiceManagement(  834): Waited one second for android.hardware.drm@1.0::IDrmFactory/widevine
01-01 23:34:01.136 I/ServiceManagement(  834): getService: Trying again for android.hardware.drm@1.0::IDrmFactory/widevine...
01-01 23:34:01.434 I/DPMJ    ( 1883): |REQ:RCVR| DPM creating socket
01-01 23:34:02.137 W/ServiceManagement(  834): Waited one second for android.hardware.drm@1.0::IDrmFactory/widevine
01-01 23:34:02.140 I/ServiceManagement(  834): getService: Trying again for android.hardware.drm@1.0::IDrmFactory/widevine...
01-01 23:34:03.140 W/ServiceManagement(  834): Waited one second for android.hardware.drm@1.0::IDrmFactory/widevine
01-01 23:34:03.144 I/ServiceManagement(  834): getService: Trying again for android.hardware.drm@1.0::IDrmFactory/widevine...
01-01 23:34:04.144 W/ServiceManagement(  834): Waited one second for android.hardware.drm@1.0::IDrmFactory/widevine
01-01 23:34:04.146 I/ServiceManagement(  834): getService: Trying again for android.hardware.drm@1.0::IDrmFactory/widevine...
01-01 23:34:05.147 W/ServiceManagement(  834): Waited one second for android.hardware.drm@1.0::IDrmFactory/widevine
01-01 23:34:05.149 I/ServiceManagement(  834): getService: Trying again for android.hardware.drm@1.0::IDrmFactory/widevine...
01-01 23:34:05.436 I/DPMJ    ( 1883): |REQ:RCVR| DPM creating socket
01-01 23:34:06.149 W/ServiceManagement(  834): Waited one second for android.hardware.drm@1.0::IDrmFactory/widevine
01-01 23:34:06.151 I/ServiceManagement(  834): getService: Trying again for android.hardware.drm@1.0::IDrmFactory/widevine...
01-01 23:34:07.152 W/ServiceManagement(  834): Waited one second for android.hardware.drm@1.0::IDrmFactory/widevine
01-01 23:34:07.155 I/ServiceManagement(  834): getService: Trying again for android.hardware.drm@1.0::IDrmFactory/widevine...
01-01 23:34:08.156 W/ServiceManagement(  834): Waited one second for android.hardware.drm@1.0::IDrmFactory/widevine
01-01 23:34:08.158 I/ServiceManagement(  834): getService: Trying again for android.hardware.drm@1.0::IDrmFactory/widevine...
01-01 23:34:08.970 W/swapper/4(    0): type=1400 audit(0.0:9493): avc: denied { kill } for capability=5 scontext=u:r:kernel:s0 tcontext=u:r:kernel:s0 tclass=capability permissive=0
01-01 23:34:09.159 W/ServiceManagement(  834): Waited one second for android.hardware.drm@1.0::IDrmFactory/widevine
01-01 23:34:09.164 I/ServiceManagement(  834): getService: Trying again for android.hardware.drm@1.0::IDrmFactory/widevine...
01-01 23:34:09.438 I/DPMJ    ( 1883): |REQ:RCVR| DPM creating socket
01-01 23:34:10.164 W/ServiceManagement(  834): Waited one second for android.hardware.drm@1.0::IDrmFactory/widevine
01-01 23:34:10.167 I/ServiceManagement(  834): getService: Trying again for android.hardware.drm@1.0::IDrmFactory/widevine...
01-01 23:34:11.167 W/ServiceManagement(  834): Waited one second for android.hardware.drm@1.0::IDrmFactory/widevine
01-01 23:34:11.170 I/ServiceManagement(  834): getService: Trying again for android.hardware.drm@1.0::IDrmFactory/widevine...
01-01 23:34:12.171 W/ServiceManagement(  834): Waited one second for android.hardware.drm@1.0::IDrmFactory/widevine
01-01 23:34:12.173 I/ServiceManagement(  834): getService: Trying again for android.hardware.drm@1.0::IDrmFactory/widevine...
01-01 23:34:13.174 W/ServiceManagement(  834): Waited one second for android.hardware.drm@1.0::IDrmFactory/widevine
01-01 23:34:13.176 I/ServiceManagement(  834): getService: Trying again for android.hardware.drm@1.0::IDrmFactory/widevine...
01-01 23:34:13.247 I/chatty  (10837): uid=10041(com.sec.android.app.camera) expire 110 lines
01-01 23:34:13.440 I/DPMJ    ( 1883): |REQ:RCVR| DPM creating socket
01-01 23:34:14.032 I/chatty  (26825): uid=1047(cameraserver) provider@2.4-se expire 102 lines
01-01 23:34:14.037 I/chatty  (26825): uid=1047(cameraserver) provider@2.4-se expire 102 lines
01-01 23:34:14.055 I/chatty  (26825): uid=1047(cameraserver) provider@2.4-se expire 142 lines
01-01 23:34:14.132 I/chatty  (26825): uid=1047(cameraserver) provider@2.4-se expire 101 lines
01-01 23:34:14.176 W/ServiceManagement(  834): Waited one second for android.hardware.drm@1.0::IDrmFactory/widevine
01-01 23:34:14.178 I/ServiceManagement(  834): getService: Trying again for android.hardware.drm@1.0::IDrmFactory/widevine...
01-01 23:34:15.178 W/ServiceManagement(  834): Waited one second for android.hardware.drm@1.0::IDrmFactory/widevine
01-01 23:34:15.181 I/ServiceManagement(  834): getService: Trying again for android.hardware.drm@1.0::IDrmFactory/widevine...
01-01 23:34:15.270 I/chatty  (26825): uid=1047(cameraserver) provider@2.4-se expire 11 lines
01-01 23:34:16.182 W/ServiceManagement(  834): Waited one second for android.hardware.drm@1.0::IDrmFactory/widevine
01-01 23:34:16.184 I/ServiceManagement(  834): getService: Trying again for android.hardware.drm@1.0::IDrmFactory/widevine...
01-01 23:34:17.185 W/ServiceManagement(  834): Waited one second for android.hardware.drm@1.0::IDrmFactory/widevine
01-01 23:34:17.187 I/ServiceManagement(  834): getService: Trying again for android.hardware.drm@1.0::IDrmFactory/widevine...
01-01 23:34:17.441 I/DPMJ    ( 1883): |REQ:RCVR| DPM creating socket
01-01 23:34:18.187 W/ServiceManagement(  834): Waited one second for android.hardware.drm@1.0::IDrmFactory/widevine
01-01 23:34:18.190 I/ServiceManagement(  834): getService: Trying again for android.hardware.drm@1.0::IDrmFactory/widevine...
01-01 23:34:18.970 W/swapper/5(    0): type=1400 audit(0.0:9494): avc: denied { kill } for capability=5 scontext=u:r:kernel:s0 tcontext=u:r:kernel:s0 tclass=capability permissive=0
01-01 23:34:19.190 W/ServiceManagement(  834): Waited one second for android.hardware.drm@1.0::IDrmFactory/widevine
01-01 23:34:19.192 I/ServiceManagement(  834): getService: Trying again for android.hardware.drm@1.0::IDrmFactory/widevine...
01-01 23:34:20.193 W/ServiceManagement(  834): Waited one second for android.hardware.drm@1.0::IDrmFactory/widevine
01-01 23:34:20.195 I/ServiceManagement(  834): getService: Trying again for android.hardware.drm@1.0::IDrmFactory/widevine...
01-01 23:34:21.195 W/ServiceManagement(  834): Waited one second for android.hardware.drm@1.0::IDrmFactory/widevine
01-01 23:34:21.197 I/ServiceManagement(  834): getService: Trying again for android.hardware.drm@1.0::IDrmFactory/widevine...
01-01 23:34:21.444 I/DPMJ    ( 1883): |REQ:RCVR| DPM creating socket
01-01 23:34:22.198 W/ServiceManagement(  834): Waited one second for android.hardware.drm@1.0::IDrmFactory/widevine
01-01 23:34:22.200 I/ServiceManagement(  834): getService: Trying again for android.hardware.drm@1.0::IDrmFactory/widevine...
01-01 23:34:23.200 W/ServiceManagement(  834): Waited one second for android.hardware.drm@1.0::IDrmFactory/widevine
01-01 23:34:23.203 I/ServiceManagement(  834): getService: Trying again for android.hardware.drm@1.0::IDrmFactory/widevine...
01-01 23:34:24.204 W/ServiceManagement(  834): Waited one second for android.hardware.drm@1.0::IDrmFactory/widevine
01-01 23:34:24.205 I/ServiceManagement(  834): getService: Trying again for android.hardware.drm@1.0::IDrmFactory/widevine...
01-01 23:34:24.215 I/chatty  (26825): uid=1047(cameraserver) provider@2.4-se expire 222 lines
01-01 23:34:24.216 I/chatty  (26825): uid=1047(cameraserver) provider@2.4-se expire 222 lines
01-01 23:34:24.220 I/chatty  (26825): uid=1047(cameraserver) provider@2.4-se expire 221 lines
01-01 23:34:24.228 I/chatty  (10837): uid=10041(com.sec.android.app.camera) expire 253 lines
01-01 23:34:25.206 W/ServiceManagement(  834): Waited one second for android.hardware.drm@1.0::IDrmFactory/widevine
01-01 23:34:25.208 I/ServiceManagement(  834): getService: Trying again for android.hardware.drm@1.0::IDrmFactory/widevine...
01-01 23:34:25.446 I/DPMJ    ( 1883): |REQ:RCVR| DPM creating socket
01-01 23:34:26.208 W/ServiceManagement(  834): Waited one second for android.hardware.drm@1.0::IDrmFactory/widevine
01-01 23:34:26.210 I/ServiceManagement(  834): getService: Trying again for android.hardware.drm@1.0::IDrmFactory/widevine...
01-01 23:34:27.211 W/ServiceManagement(  834): Waited one second for android.hardware.drm@1.0::IDrmFactory/widevine
01-01 23:34:27.213 I/ServiceManagement(  834): getService: Trying again for android.hardware.drm@1.0::IDrmFactory/widevine...
01-01 23:34:28.213 W/ServiceManagement(  834): Waited one second for android.hardware.drm@1.0::IDrmFactory/widevine
01-01 23:34:28.215 I/ServiceManagement(  834): getService: Trying again for android.hardware.drm@1.0::IDrmFactory/widevine...
01-01 23:34:28.232 I/chatty  (26825): uid=1047(cameraserver) provider@2.4-se expire 480 lines
01-01 23:34:28.832 I/chatty  (26825): uid=1047(cameraserver) provider@2.4-se expire 34 lines
01-01 23:34:29.216 W/ServiceManagement(  834): Waited one second for android.hardware.drm@1.0::IDrmFactory/widevine
01-01 23:34:29.218 I/ServiceManagement(  834): getService: Trying again for android.hardware.drm@1.0::IDrmFactory/widevine...
01-01 23:34:29.447 I/DPMJ    ( 1883): |REQ:RCVR| DPM creating socket
01-01 23:34:29.475 I/chatty  (10837): uid=10041(com.sec.android.app.camera) HeapTaskDaemon expire 11 lines
01-01 23:34:30.218 W/ServiceManagement(  834): Waited one second for android.hardware.drm@1.0::IDrmFactory/widevine
01-01 23:34:30.221 I/ServiceManagement(  834): getService: Trying again for android.hardware.drm@1.0::IDrmFactory/widevine...
01-01 23:34:31.221 W/ServiceManagement(  834): Waited one second for android.hardware.drm@1.0::IDrmFactory/widevine
01-01 23:34:31.224 I/ServiceManagement(  834): getService: Trying again for android.hardware.drm@1.0::IDrmFactory/widevine...
01-01 23:34:31.773 W/adbd    (25970): timeout expired while flushing socket, closing
01-01 23:34:32.225 W/ServiceManagement(  834): Waited one second for android.hardware.drm@1.0::IDrmFactory/widevine
01-01 23:34:32.226 I/ServiceManagement(  834): getService: Trying again for android.hardware.drm@1.0::IDrmFactory/widevine...
01-01 23:34:32.661 I/chatty  (10837): uid=10041(com.sec.android.app.camera) expire 10 lines
01-01 23:34:32.981 I/BatteryService( 1214): batteryVoltage= 4375batteryLevel= 100
01-01 23:34:32.986 D/QtiCarrierConfigHelper( 1980): WARNING, no carrier configs on phone Id: 0
01-01 23:34:32.987 D/KeyguardUpdateMonitor( 1802): received broadcast android.intent.action.BATTERY_CHANGED
01-01 23:34:32.989 D/KeyguardUpdateMonitor( 1802): handleBatteryUpdate
01-01 23:34:33.227 W/ServiceManagement(  834): Waited one second for android.hardware.drm@1.0::IDrmFactory/widevine
01-01 23:34:33.229 I/ServiceManagement(  834): getService: Trying again for android.hardware.drm@1.0::IDrmFactory/widevine...
01-01 23:34:33.449 I/DPMJ    ( 1883): |REQ:RCVR| DPM creating socket
01-01 23:34:33.739 D/KeyguardUpdateMonitor( 1802): received broadcast android.intent.action.BATTERY_CHANGED
01-01 23:34:33.741 D/KeyguardUpdateMonitor( 1802): handleBatteryUpdate
01-01 23:34:33.742 D/QtiCarrierConfigHelper( 1980): WARNING, no carrier configs on phone Id: 0
01-01 23:34:34.230 W/ServiceManagement(  834): Waited one second for android.hardware.drm@1.0::IDrmFactory/widevine
01-01 23:34:34.232 I/ServiceManagement(  834): getService: Trying again for android.hardware.drm@1.0::IDrmFactory/widevine...
01-01 23:34:34.378 I/chatty  (26825): uid=1047(cameraserver) provider@2.4-se expire 380 lines
01-01 23:34:34.378 I/chatty  (26825): uid=1047(cameraserver) provider@2.4-se expire 380 lines
01-01 23:34:34.380 I/chatty  (26825): uid=1047(cameraserver) provider@2.4-se expire 228 lines
01-01 23:34:35.233 W/ServiceManagement(  834): Waited one second for android.hardware.drm@1.0::IDrmFactory/widevine
01-01 23:34:35.234 I/ServiceManagement(  834): getService: Trying again for android.hardware.drm@1.0::IDrmFactory/widevine...
01-01 23:34:35.420 I/chatty  (10837): uid=10041(com.sec.android.app.camera) expire 451 lines
01-01 23:34:36.235 W/ServiceManagement(  834): Waited one second for android.hardware.drm@1.0::IDrmFactory/widevine
01-01 23:34:36.237 I/ServiceManagement(  834): getService: Trying again for android.hardware.drm@1.0::IDrmFactory/widevine...
01-01 23:34:37.238 W/ServiceManagement(  834): Waited one second for android.hardware.drm@1.0::IDrmFactory/widevine
01-01 23:34:37.240 I/ServiceManagement(  834): getService: Trying again for android.hardware.drm@1.0::IDrmFactory/widevine...
01-01 23:34:37.451 I/DPMJ    ( 1883): |REQ:RCVR| DPM creating socket
01-01 23:34:38.240 W/ServiceManagement(  834): Waited one second for android.hardware.drm@1.0::IDrmFactory/widevine
01-01 23:34:38.242 I/ServiceManagement(  834): getService: Trying again for android.hardware.drm@1.0::IDrmFactory/widevine...
01-01 23:34:38.970 W/swapper/5(    0): type=1400 audit(0.0:9495): avc: denied { kill } for capability=5 scontext=u:r:kernel:s0 tcontext=u:r:kernel:s0 tclass=capability permissive=0
01-01 23:34:39.243 W/ServiceManagement(  834): Waited one second for android.hardware.drm@1.0::IDrmFactory/widevine
01-01 23:34:39.245 I/ServiceManagement(  834): getService: Trying again for android.hardware.drm@1.0::IDrmFactory/widevine...
01-01 23:34:40.245 W/ServiceManagement(  834): Waited one second for android.hardware.drm@1.0::IDrmFactory/widevine
01-01 23:34:40.247 I/ServiceManagement(  834): getService: Trying again for android.hardware.drm@1.0::IDrmFactory/widevine...
01-01 23:34:41.248 W/ServiceManagement(  834): Waited one second for android.hardware.drm@1.0::IDrmFactory/widevine
01-01 23:34:41.250 I/ServiceManagement(  834): getService: Trying again for android.hardware.drm@1.0::IDrmFactory/widevine...
01-01 23:34:41.452 I/DPMJ    ( 1883): |REQ:RCVR| DPM creating socket
01-01 23:34:42.250 W/ServiceManagement(  834): Waited one second for android.hardware.drm@1.0::IDrmFactory/widevine
01-01 23:34:42.253 I/ServiceManagement(  834): getService: Trying again for android.hardware.drm@1.0::IDrmFactory/widevine...
01-01 23:34:43.253 W/ServiceManagement(  834): Waited one second for android.hardware.drm@1.0::IDrmFactory/widevine
01-01 23:34:43.255 I/ServiceManagement(  834): getService: Trying again for android.hardware.drm@1.0::IDrmFactory/widevine...
01-01 23:34:44.256 W/ServiceManagement(  834): Waited one second for android.hardware.drm@1.0::IDrmFactory/widevine
01-01 23:34:44.258 I/ServiceManagement(  834): getService: Trying again for android.hardware.drm@1.0::IDrmFactory/widevine...
01-01 23:34:44.306 I/chatty  (26825): uid=1047(cameraserver) provider@2.4-se expire 235 lines
01-01 23:34:44.772 I/chatty  (26825): uid=1047(cameraserver) provider@2.4-se expire 3 lines
01-01 23:34:44.786 I/chatty  (26825): uid=1047(cameraserver) provider@2.4-se expire 21 lines
01-01 23:34:45.259 W/ServiceManagement(  834): Waited one second for android.hardware.drm@1.0::IDrmFactory/widevine
01-01 23:34:45.261 I/ServiceManagement(  834): getService: Trying again for android.hardware.drm@1.0::IDrmFactory/widevine...
01-01 23:34:45.453 I/DPMJ    ( 1883): |REQ:RCVR| DPM creating socket
01-01 23:34:46.064 I/chatty  (10837): uid=10041(com.sec.android.app.camera) expire 292 lines
01-01 23:34:46.261 W/ServiceManagement(  834): Waited one second for android.hardware.drm@1.0::IDrmFactory/widevine
01-01 23:34:46.263 I/ServiceManagement(  834): getService: Trying again for android.hardware.drm@1.0::IDrmFactory/widevine...
01-01 23:34:47.013 I/chatty  (26825): uid=1047(cameraserver) provider@2.4-se expire 111 lines
01-01 23:34:47.014 I/chatty  (26825): uid=1047(cameraserver) provider@2.4-se expire 111 lines
01-01 23:34:47.016 I/chatty  (26825): uid=1047(cameraserver) provider@2.4-se expire 86 lines
01-01 23:34:47.264 W/ServiceManagement(  834): Waited one second for android.hardware.drm@1.0::IDrmFactory/widevine
01-01 23:34:47.267 I/ServiceManagement(  834): getService: Trying again for android.hardware.drm@1.0::IDrmFactory/widevine...
01-01 23:34:48.268 W/ServiceManagement(  834): Waited one second for android.hardware.drm@1.0::IDrmFactory/widevine
01-01 23:34:48.270 I/ServiceManagement(  834): getService: Trying again for android.hardware.drm@1.0::IDrmFactory/widevine...
01-01 23:34:48.980 W/swapper/6(    0): type=1400 audit(0.0:9496): avc: denied { kill } for capability=5 scontext=u:r:kernel:s0 tcontext=u:r:kernel:s0 tclass=capability permissive=0
01-01 23:34:49.271 W/ServiceManagement(  834): Waited one second for android.hardware.drm@1.0::IDrmFactory/widevine
01-01 23:34:49.273 I/ServiceManagement(  834): getService: Trying again for android.hardware.drm@1.0::IDrmFactory/widevine...
01-01 23:34:49.455 I/DPMJ    ( 1883): |REQ:RCVR| DPM creating socket
01-01 23:34:50.273 W/ServiceManagement(  834): Waited one second for android.hardware.drm@1.0::IDrmFactory/widevine
01-01 23:34:50.275 I/ServiceManagement(  834): getService: Trying again for android.hardware.drm@1.0::IDrmFactory/widevine...
01-01 23:34:33.736 I/chatty  ( 1214): uid=1000(system) HwBinder:1214_3 identical 1 line
01-01 23:34:33.746 I/BatteryService( 1214): batteryVoltage= 4375batteryLevel= 100
01-01 23:34:50.379 W/BackupManagerService( 1214): dataChanged but no participant pkg='com.sec.android.app.camera' uid=10041
01-01 23:34:50.385 D/audio_hw_primary(  607): start_output_stream: enter: stream(0xeb3f4800)usecase(1: low-latency-playback) devices(0x2)
01-01 23:34:50.386 D/audio_hw_primary(  607): select_devices for use case (low-latency-playback)
01-01 23:34:50.386 D/audio_hw_primary(  607): select_devices: out_snd_device(2: speaker) in_snd_device(0: )
01-01 23:34:50.386 I/msm8916_platform(  607): platform_check_and_set_codec_backend_cfg:becf: afe: bitwidth 16, samplerate 48000 channels 2, backend_idx 0 usecase = 1 device (speaker)
01-01 23:34:50.386 D/msm8916_platform(  607): platform_split_snd_device: snd_device(2) num devices(1) new_snd_devices(0)
01-01 23:34:50.386 I/msm8916_platform(  607): platform_check_and_set_codec_backend_cfg: becf: new_snd_devices[0] is speaker
01-01 23:34:50.386 I/msm8916_platform(  607): platform_check_codec_backend_cfg:becf: afe: Codec selected backend: 0 current bit width: 16 sample rate: 48000 channels: 2 usecase 1 device (speaker)
01-01 23:34:50.386 D/msm8916_platform(  607): platform_check_codec_backend_cfg:becf: afe: playback on codec device not supporting native playback set default Sample Rate(48k)
01-01 23:34:50.386 D/msm8916_platform(  607): platform_check_codec_backend_cfg:becf: afe: only 48KHZ sample rate is supported Configure afe to default Sample Rate(48k)
01-01 23:34:50.386 I/msm8916_platform(  607): platform_check_codec_backend_cfg:becf: afe: Codec selected backend: 0 updated bit width: 16 sample rate: 48000 channels: 2
