01-01 20:07:48.874 E/ActivityThread(10837): 	at android.app.FragmentManagerImpl.moveFragmentToExpectedState(FragmentManager.java:1581)
01-01 20:07:48.874 E/ActivityThread(10837): 	at android.app.FragmentManagerImpl.moveToState(FragmentManager.java:1642)
01-01 20:07:48.874 E/ActivityThread(10837): 	at android.app.FragmentManagerImpl.dispatchMoveToState(FragmentManager.java:3052)
01-01 20:07:48.874 E/ActivityThread(10837): 	at android.app.FragmentManagerImpl.dispatchResume(FragmentManager.java:3014)
01-01 20:07:48.874 E/ActivityThread(10837): 	at android.app.FragmentController.dispatchResume(FragmentController.java:206)
01-01 20:07:48.874 E/ActivityThread(10837): 	at android.app.Activity.performResume(Activity.java:7961)
01-01 20:07:48.874 E/ActivityThread(10837): 	at android.app.ActivityThread.performResumeActivity(ActivityThread.java:4196)
01-01 20:07:48.874 E/ActivityThread(10837): 	at android.app.ActivityThread.handleResumeActivity(ActivityThread.java:4238)
01-01 20:07:48.874 E/ActivityThread(10837): 	at android.app.servertransaction.ResumeActivityItem.execute(ResumeActivityItem.java:52)
01-01 20:07:48.874 E/ActivityThread(10837): 	at android.app.servertransaction.TransactionExecutor.executeLifecycleState(TransactionExecutor.java:176)
01-01 20:07:48.874 E/ActivityThread(10837): 	at android.app.servertransaction.TransactionExecutor.execute(TransactionExecutor.java:97)
01-01 20:07:48.874 E/ActivityThread(10837): 	at android.app.ActivityThread$H.handleMessage(ActivityThread.java:2017)
01-01 20:07:48.874 E/ActivityThread(10837): 	at android.os.Handler.dispatchMessage(Handler.java:107)
01-01 20:07:48.874 E/ActivityThread(10837): 	at android.os.Looper.loop(Looper.java:214)
01-01 20:07:48.874 E/ActivityThread(10837): 	at android.app.ActivityThread.main(ActivityThread.java:7397)
01-01 20:07:48.874 E/ActivityThread(10837): 	at java.lang.reflect.Method.invoke(Native Method)
01-01 20:07:48.874 E/ActivityThread(10837): 	at com.android.internal.os.RuntimeInit$MethodAndArgsCaller.run(RuntimeInit.java:492)
01-01 20:07:48.874 E/ActivityThread(10837): 	at com.android.internal.os.ZygoteInit.main(ZygoteInit.java:935)
01-01 20:07:49.494 D/AutofillManagerService( 1214): onBackKeyPressed()
01-01 20:07:50.026 I/BatteryService( 1214): batteryVoltage= 4244batteryLevel= 89
01-01 20:07:52.396 E/TaskPersister( 1214): File error accessing recents directory (directory doesn't exist?).
01-01 20:07:53.641 I/BatteryService( 1214): batteryVoltage= 4274batteryLevel= 89
01-01 20:07:55.054 I/ActivityTaskManager( 1214): START u0 {act=android.settings.SETTINGS flg=0x14000000 cmp=com.android.settings/.homepage.SettingsHomepageActivity} from uid 10091
01-01 20:07:55.301 E/KernelCpuSpeedReader( 1214): Failed to read cpu-freq: /sys/devices/system/cpu/cpu0/cpufreq/stats/time_in_state: open failed: ENOENT (No such file or directory)
01-01 20:07:55.303 V/FaceService( 1214): mDaemon was null, reconnect to face
01-01 20:07:55.305 W/FaceService( 1214): face HIDL not available
01-01 20:07:55.361 E/KernelCpuSpeedReader( 1214): Failed to read cpu-freq: /sys/devices/system/cpu/cpu0/cpufreq/stats/time_in_state: open failed: ENOENT (No such file or directory)
01-01 20:07:56.159 E/KernelCpuSpeedReader( 1214): Failed to read cpu-freq: /sys/devices/system/cpu/cpu0/cpufreq/stats/time_in_state: open failed: ENOENT (No such file or directory)
01-01 20:07:56.694 I/ActivityTaskManager( 1214): START u0 {act=android.intent.action.MAIN cmp=com.android.settings/.SubSettings (has extras)} from uid 1000
01-01 20:07:56.716 I/ActivityTaskManager( 1214): The Process com.android.settings Already Exists in BG. So sending its PID: 16647
01-01 20:07:57.659 D/AutofillManagerService( 1214): onBackKeyPressed()
01-01 20:07:57.750 V/FaceService( 1214): mDaemon was null, reconnect to face
01-01 20:07:57.752 W/FaceService( 1214): face HIDL not available
01-01 20:07:57.767 E/KernelCpuSpeedReader( 1214): Failed to read cpu-freq: /sys/devices/system/cpu/cpu0/cpufreq/stats/time_in_state: open failed: ENOENT (No such file or directory)
01-01 20:07:57.862 I/chatty  ( 1214): uid=1000(system) batterystats-wo identical 1 line
01-01 20:07:58.143 E/KernelCpuSpeedReader( 1214): Failed to read cpu-freq: /sys/devices/system/cpu/cpu0/cpufreq/stats/time_in_state: open failed: ENOENT (No such file or directory)
01-01 20:07:58.248 I/BatteryService( 1214): batteryVoltage= 4250batteryLevel= 89
01-01 20:07:58.295 E/KernelCpuSpeedReader( 1214): Failed to read cpu-freq: /sys/devices/system/cpu/cpu0/cpufreq/stats/time_in_state: open failed: ENOENT (No such file or directory)
01-01 20:07:58.575 I/ActivityTaskManager( 1214): START u0 {act=android.intent.action.MAIN cmp=com.android.settings/.SubSettings (has extras)} from uid 1000
01-01 20:07:58.595 I/ActivityTaskManager( 1214): The Process com.android.settings Already Exists in BG. So sending its PID: 16647
01-01 20:07:58.649 I/BatteryService( 1214): batteryVoltage= 4250batteryLevel= 89
01-01 20:07:58.814 E/KernelCpuSpeedReader( 1214): Failed to read cpu-freq: /sys/devices/system/cpu/cpu0/cpufreq/stats/time_in_state: open failed: ENOENT (No such file or directory)
01-01 20:07:59.178 E/TaskPersister( 1214): File error accessing recents directory (directory doesn't exist?).
01-01 20:08:00.078 I/ActivityTaskManager( 1214): START u0 {act=android.intent.action.MAIN cmp=com.android.settings/.SubSettings (has extras)} from uid 1000
01-01 20:08:00.101 I/ActivityTaskManager( 1214): The Process com.android.settings Already Exists in BG. So sending its PID: 16647
01-01 20:08:01.579 I/ActivityTaskManager( 1214): START u0 {act=android.intent.action.MAIN cmp=com.android.settings/.SubSettings (has extras)} from uid 1000
01-01 20:08:01.601 I/ActivityTaskManager( 1214): The Process com.android.settings Already Exists in BG. So sending its PID: 16647
01-01 20:08:02.798 D/AutofillManagerService( 1214): Close system dialogs
01-01 20:08:02.800 I/ActivityTaskManager( 1214): START u0 {act=android.intent.action.MAIN cat=[android.intent.category.HOME] flg=0x10000100 cmp=com.android.launcher3/.Launcher (has extras)} from uid 0
01-01 20:08:02.970 I/DropBoxManagerService( 1214): add tag=system_app_strictmode isTagEnabled=true flags=0x2
01-01 20:08:03.012 I/chatty  ( 1214): uid=1000(system) android.io identical 6 lines
01-01 20:08:03.017 I/DropBoxManagerService( 1214): add tag=system_app_strictmode isTagEnabled=true flags=0x2
01-01 20:08:03.638 E/TaskPersister( 1214): File error accessing recents directory (directory doesn't exist?).
01-01 20:08:07.331 I/ActivityTaskManager( 1214): START u0 {flg=0x10000000 cmp=com.sec.android.app.camera/com.android.camera.CameraActivity} from uid 0
01-01 20:08:07.367 I/ActivityTaskManager( 1214): The Process com.sec.android.app.camera Already Exists in BG. So sending its PID: 10837
01-01 20:08:07.418 W/BackupManagerService( 1214): dataChanged but no participant pkg='com.sec.android.app.camera' uid=10041
01-01 20:08:07.422 W/BackupManagerService( 1214): dataChanged but no participant pkg='com.sec.android.app.camera' uid=10041
01-01 20:08:07.565 V/SettingsProvider( 1214): Notifying for 0: content://settings/secure/flashlight_available
01-01 20:08:07.730 I/BatteryService( 1214): batteryVoltage= 4229batteryLevel= 89
01-01 20:08:07.740 I/BatteryService( 1214): batteryVoltage= 4242batteryLevel= 89
01-01 20:08:10.967 I/ActivityTaskManager( 1214): START u0 {cmp=com.sec.android.app.camera/com.android.camera.CustomSettingsActivity (has extras)} from uid 10041
01-01 20:08:11.150 I/BatteryService( 1214): batteryVoltage= 4252batteryLevel= 89
01-01 20:08:11.166 V/SettingsProvider( 1214): Notifying for 0: content://settings/secure/flashlight_available
01-01 20:08:11.179 I/ActivityTaskManager( 1214): The Process com.sec.android.app.camera Already Exists in BG. So sending its PID: 10837
01-01 20:08:12.008 E/TaskPersister( 1214): File error accessing recents directory (directory doesn't exist?).
01-01 20:08:12.836 I/BatteryService( 1214): batteryVoltage= 4256batteryLevel= 89
01-01 20:08:32.978 I/BatteryService( 1214): batteryVoltage= 4282batteryLevel= 89
01-01 20:08:41.751 D/AutofillManagerService( 1214): onBackKeyPressed()
01-01 20:08:41.961 V/SettingsProvider( 1214): Notifying for 0: content://settings/secure/flashlight_available
01-01 20:08:42.126 I/BatteryService( 1214): batteryVoltage= 4254batteryLevel= 89
01-01 20:08:42.138 I/BatteryService( 1214): batteryVoltage= 4254batteryLevel= 89
01-01 20:08:42.376 E/ActivityThread(10837): Activity com.android.camera.CustomSettingsActivity has leaked IntentReceiver com.android.camera.CustomSettingsActivity$CameraSettingsFragment$3@2b1b3c9 that was originally registered here. Are you missing a call to unregisterReceiver()?
01-01 20:08:42.376 E/ActivityThread(10837): android.app.IntentReceiverLeaked: Activity com.android.camera.CustomSettingsActivity has leaked IntentReceiver com.android.camera.CustomSettingsActivity$CameraSettingsFragment$3@2b1b3c9 that was originally registered here. Are you missing a call to unregisterReceiver()?
01-01 20:08:42.376 E/ActivityThread(10837): 	at android.app.LoadedApk$ReceiverDispatcher.<init>(LoadedApk.java:1588)
01-01 20:08:42.376 E/ActivityThread(10837): 	at android.app.LoadedApk.getReceiverDispatcher(LoadedApk.java:1368)
01-01 20:08:42.376 E/ActivityThread(10837): 	at android.app.ContextImpl.registerReceiverInternal(ContextImpl.java:1515)
01-01 20:08:42.376 E/ActivityThread(10837): 	at android.app.ContextImpl.registerReceiver(ContextImpl.java:1488)
01-01 20:08:42.376 E/ActivityThread(10837): 	at android.app.ContextImpl.registerReceiver(ContextImpl.java:1476)
01-01 20:08:42.376 E/ActivityThread(10837): 	at android.content.ContextWrapper.registerReceiver(ContextWrapper.java:627)
01-01 20:08:42.376 E/ActivityThread(10837): 	at com.android.camera.CustomSettingsActivity$CameraSettingsFragment.registerSDcardMountedReceiver(CustomSettingsActivity.java:228)
01-01 20:08:42.376 E/ActivityThread(10837): 	at com.android.camera.CustomSettingsActivity$CameraSettingsFragment.onResume(CustomSettingsActivity.java:412)
01-01 20:08:42.376 E/ActivityThread(10837): 	at android.app.Fragment.performResume(Fragment.java:2580)
01-01 20:08:42.376 E/ActivityThread(10837): 	at android.app.FragmentManagerImpl.moveToState(FragmentManager.java:1346)
01-01 20:08:42.376 E/ActivityThread(10837): 	at android.app.FragmentManagerImpl.moveFragmentToExpectedState(FragmentManager.java:1581)
01-01 20:08:42.376 E/ActivityThread(10837): 	at android.app.FragmentManagerImpl.moveToState(FragmentManager.java:1642)
01-01 20:08:42.376 E/ActivityThread(10837): 	at android.app.FragmentManagerImpl.dispatchMoveToState(FragmentManager.java:3052)
01-01 20:08:42.376 E/ActivityThread(10837): 	at android.app.FragmentManagerImpl.dispatchResume(FragmentManager.java:3014)
01-01 20:08:42.376 E/ActivityThread(10837): 	at android.app.FragmentController.dispatchResume(FragmentController.java:206)
01-01 20:08:42.376 E/ActivityThread(10837): 	at android.app.Activity.performResume(Activity.java:7961)
01-01 20:08:42.376 E/ActivityThread(10837): 	at android.app.ActivityThread.performResumeActivity(ActivityThread.java:4196)
01-01 20:08:42.376 E/ActivityThread(10837): 	at android.app.ActivityThread.handleResumeActivity(ActivityThread.java:4238)
01-01 20:08:42.376 E/ActivityThread(10837): 	at android.app.servertransaction.ResumeActivityItem.execute(ResumeActivityItem.java:52)
01-01 20:08:42.376 E/ActivityThread(10837): 	at android.app.servertransaction.TransactionExecutor.executeLifecycleState(TransactionExecutor.java:176)
01-01 20:08:42.376 E/ActivityThread(10837): 	at android.app.servertransaction.TransactionExecutor.execute(TransactionExecutor.java:97)
01-01 20:08:42.376 E/ActivityThread(10837): 	at android.app.ActivityThread$H.handleMessage(ActivityThread.java:2017)
01-01 20:08:42.376 E/ActivityThread(10837): 	at android.os.Handler.dispatchMessage(Handler.java:107)
01-01 20:08:42.376 E/ActivityThread(10837): 	at android.os.Looper.loop(Looper.java:214)
01-01 20:08:42.376 E/ActivityThread(10837): 	at android.app.ActivityThread.main(ActivityThread.java:7397)
01-01 20:08:42.376 E/ActivityThread(10837): 	at java.lang.reflect.Method.invoke(Native Method)
01-01 20:08:42.376 E/ActivityThread(10837): 	at com.android.internal.os.RuntimeInit$MethodAndArgsCaller.run(RuntimeInit.java:492)
01-01 20:08:42.376 E/ActivityThread(10837): 	at com.android.internal.os.ZygoteInit.main(ZygoteInit.java:935)
01-01 20:08:45.468 E/TaskPersister( 1214): File error accessing recents directory (directory doesn't exist?).
01-01 20:08:45.742 I/BatteryService( 1214): batteryVoltage= 4243batteryLevel= 90
01-01 20:08:45.765 I/BatteryService( 1214): batteryVoltage= 4243batteryLevel= 90
01-01 20:08:47.213 I/BatteryService( 1214): batteryVoltage= 4241batteryLevel= 90
01-01 20:09:03.571 I/BatteryService( 1214): batteryVoltage= 4242batteryLevel= 90
01-01 20:09:03.585 I/BatteryService( 1214): batteryVoltage= 4237batteryLevel= 90
01-01 20:09:32.974 I/BatteryService( 1214): batteryVoltage= 4245batteryLevel= 90
01-01 20:10:08.916 I/BatteryService( 1214): batteryVoltage= 4246batteryLevel= 90
01-01 20:10:08.928 I/BatteryService( 1214): batteryVoltage= 4246batteryLevel= 90
01-01 20:10:11.311 V/SettingsProvider( 1214): Notifying for 0: content://settings/secure/flashlight_available
01-01 20:10:11.313 I/BatteryService( 1214): batteryVoltage= 4249batteryLevel= 90
01-01 20:10:11.337 E/KernelCpuSpeedReader( 1214): Failed to read cpu-freq: /sys/devices/system/cpu/cpu0/cpufreq/stats/time_in_state: open failed: ENOENT (No such file or directory)
01-01 20:10:13.935 I/BatteryService( 1214): batteryVoltage= 4275batteryLevel= 90
01-01 20:10:15.111 E/TaskPersister( 1214): File error accessing recents directory (directory doesn't exist?).
01-01 20:10:32.976 I/BatteryService( 1214): batteryVoltage= 4277batteryLevel= 90
01-01 20:11:01.026 I/UsageStatsService( 1214): User[0] Flushing usage stats to disk
01-01 20:11:11.373 I/PowerManagerService( 1214): Going to sleep due to timeout (uid 1000)...
01-01 20:11:11.373 W/UsageStatsService( 1214): Event reported without a package name, eventType:16
01-01 20:11:11.849 I/DisplayPowerController( 1214): Blocking screen off
01-01 20:11:11.850 I/DisplayPowerController( 1214): Unblocked screen off after 0 ms
01-01 20:11:11.852 D/ActivityTaskManager( 1214): Top Process State changed to PROCESS_STATE_TOP_SLEEPING
01-01 20:11:11.873 E/KernelCpuSpeedReader( 1214): Failed to read cpu-freq: /sys/devices/system/cpu/cpu0/cpufreq/stats/time_in_state: open failed: ENOENT (No such file or directory)
01-01 20:11:11.908 V/DisplayPowerController( 1214): Brightness [0] reason changing to: 'screen_off', previous reason: 'manual'.
01-01 20:11:11.924 I/DisplayManagerService( 1214): Display device changed state: "内置屏幕", OFF
01-01 20:11:12.149 I/DreamManagerService( 1214): Entering dreamland.
01-01 20:11:12.150 I/PowerManagerService( 1214): Dozing...
01-01 20:11:12.151 I/DreamController( 1214): Starting dream: name=ComponentInfo{com.android.systemui/com.android.systemui.doze.DozeService}, isTest=false, canDoze=true, userId=0
01-01 20:11:12.171 D/AutofillManagerService( 1214): Close system dialogs
01-01 20:11:14.328 I/BatteryService( 1214): batteryVoltage= 4297batteryLevel= 90
01-01 20:11:14.346 I/BatteryService( 1214): batteryVoltage= 4300batteryLevel= 90
01-01 20:11:16.399 W/UsageStatsService( 1214): Event reported without a package name, eventType:17
01-01 20:11:16.427 V/FaceService( 1214): mDaemon was null, reconnect to face
01-01 20:11:16.429 W/FaceService( 1214): face HIDL not available
01-01 20:11:16.431 V/KeyguardStatusView( 1802): refresh statusview showing:true
01-01 20:11:26.947 I/BatteryService( 1214): batteryVoltage= 4297batteryLevel= 90
01-01 20:11:26.966 I/BatteryService( 1214): batteryVoltage= 4300batteryLevel= 90
01-01 20:11:26.999 I/BatteryService( 1214): batteryVoltage= 4300batteryLevel= 90
01-01 20:11:32.975 I/BatteryService( 1214): batteryVoltage= 4306batteryLevel= 90
01-01 20:12:19.608 I/BatteryService( 1214): batteryVoltage= 4307batteryLevel= 90
01-01 20:12:19.669 I/BatteryService( 1214): batteryVoltage= 4307batteryLevel= 90
01-01 20:12:32.975 I/BatteryService( 1214): batteryVoltage= 4310batteryLevel= 90
01-01 20:13:24.960 I/BatteryService( 1214): batteryVoltage= 4316batteryLevel= 90
01-01 20:13:24.997 I/BatteryService( 1214): batteryVoltage= 4316batteryLevel= 90
01-01 20:13:32.987 I/BatteryService( 1214): batteryVoltage= 4319batteryLevel= 90
01-01 20:14:06.765 I/BatteryService( 1214): batteryVoltage= 4321batteryLevel= 91
01-01 20:14:06.816 I/BatteryService( 1214): batteryVoltage= 4315batteryLevel= 91
01-01 20:14:06.861 I/BatteryService( 1214): batteryVoltage= 4312batteryLevel= 91
01-01 20:14:30.311 I/BatteryService( 1214): batteryVoltage= 4323batteryLevel= 91
01-01 20:14:30.361 I/chatty  ( 1214): uid=1000(system) HwBinder:1214_3 identical 1 line
01-01 20:14:32.975 I/BatteryService( 1214): batteryVoltage= 4323batteryLevel= 91
01-01 20:14:49.716 E/KernelCpuSpeedReader( 1214): Failed to read cpu-freq: /sys/devices/system/cpu/cpu0/cpufreq/stats/time_in_state: open failed: ENOENT (No such file or directory)
01-01 20:15:32.990 I/BatteryService( 1214): batteryVoltage= 4328batteryLevel= 91
01-01 20:15:35.669 I/BatteryService( 1214): batteryVoltage= 4325batteryLevel= 91
01-01 20:15:35.717 I/BatteryService( 1214): batteryVoltage= 4324batteryLevel= 91
01-01 20:16:32.974 I/BatteryService( 1214): batteryVoltage= 4332batteryLevel= 91
01-01 20:16:40.989 I/BatteryService( 1214): batteryVoltage= 4330batteryLevel= 91
01-01 20:16:41.018 I/BatteryService( 1214): batteryVoltage= 4330batteryLevel= 91
01-01 20:17:13.368 E/KernelCpuSpeedReader( 1214): Failed to read cpu-freq: /sys/devices/system/cpu/cpu0/cpufreq/stats/time_in_state: open failed: ENOENT (No such file or directory)
01-01 20:17:18.605 I/BatteryService( 1214): batteryVoltage= 4336batteryLevel= 92
01-01 20:17:18.634 I/BatteryService( 1214): batteryVoltage= 4329batteryLevel= 92
01-01 20:17:18.650 I/BatteryService( 1214): batteryVoltage= 4326batteryLevel= 92
01-01 20:17:32.976 I/BatteryService( 1214): batteryVoltage= 4336batteryLevel= 92
01-01 20:17:41.689 W/EntropyMixer( 1214): Failed to add HW RNG output to entropy pool
01-01 20:17:41.689 W/EntropyMixer( 1214): java.io.FileNotFoundException: /dev/hw_random: open failed: EACCES (Permission denied)
01-01 20:17:41.689 W/EntropyMixer( 1214): 	at libcore.io.IoBridge.open(IoBridge.java:496)
01-01 20:17:41.689 W/EntropyMixer( 1214): 	at java.io.FileInputStream.<init>(FileInputStream.java:159)
01-01 20:17:41.689 W/EntropyMixer( 1214): 	at java.io.FileInputStream.<init>(FileInputStream.java:115)
01-01 20:17:41.689 W/EntropyMixer( 1214): 	at com.android.server.RandomBlock.fromFile(RandomBlock.java:45)
01-01 20:17:41.689 W/EntropyMixer( 1214): 	at com.android.server.EntropyMixer.addHwRandomEntropy(EntropyMixer.java:205)
01-01 20:17:41.689 W/EntropyMixer( 1214): 	at com.android.server.EntropyMixer.access$000(EntropyMixer.java:59)
01-01 20:17:41.689 W/EntropyMixer( 1214): 	at com.android.server.EntropyMixer$1.handleMessage(EntropyMixer.java:83)
01-01 20:17:41.689 W/EntropyMixer( 1214): 	at android.os.Handler.dispatchMessage(Handler.java:107)
01-01 20:17:41.689 W/EntropyMixer( 1214): 	at android.os.Looper.loop(Looper.java:214)
01-01 20:17:41.689 W/EntropyMixer( 1214): 	at android.os.HandlerThread.run(HandlerThread.java:67)
01-01 20:17:41.689 W/EntropyMixer( 1214): 	at com.android.server.ServiceThread.run(ServiceThread.java:44)
01-01 20:17:41.689 W/EntropyMixer( 1214): Caused by: android.system.ErrnoException: open failed: EACCES (Permission denied)
01-01 20:17:41.689 W/EntropyMixer( 1214): 	at libcore.io.Linux.open(Native Method)
01-01 20:17:41.689 W/EntropyMixer( 1214): 	at libcore.io.ForwardingOs.open(ForwardingOs.java:167)
01-01 20:17:41.689 W/EntropyMixer( 1214): 	at libcore.io.BlockGuardOs.open(BlockGuardOs.java:252)
01-01 20:17:41.689 W/EntropyMixer( 1214): 	at libcore.io.IoBridge.open(IoBridge.java:482)
01-01 20:17:41.689 W/EntropyMixer( 1214): 	... 10 more
01-01 20:17:41.689 I/EntropyMixer( 1214): Writing entropy...
01-01 20:17:46.361 I/BatteryService( 1214): batteryVoltage= 4337batteryLevel= 92
01-01 20:17:46.405 I/BatteryService( 1214): batteryVoltage= 4337batteryLevel= 92
01-01 20:18:30.867 I/PowerManagerService( 1214): Waking up from Dozing (uid=1000, reason=WAKE_REASON_POWER_BUTTON, details=android.policy:POWER)...
01-01 20:18:30.868 W/UsageStatsService( 1214): Event reported without a package name, eventType:15
01-01 20:18:30.878 E/KernelCpuSpeedReader( 1214): Failed to read cpu-freq: /sys/devices/system/cpu/cpu0/cpufreq/stats/time_in_state: open failed: ENOENT (No such file or directory)
01-01 20:18:30.969 I/DisplayPowerController( 1214): Blocking screen on until initial contents have been drawn.
01-01 20:18:30.969 V/DisplayPowerController( 1214): Brightness [102] reason changing to: 'manual', previous reason: 'screen_off'.
01-01 20:18:30.970 W/Looper  ( 1214): Slow dispatch took 102ms main h=com.android.server.power.Notifier$NotifierHandler c=com.android.server.power.Notifier$1@ed9dd78 m=0
01-01 20:18:30.975 W/Looper  ( 1214): Slow dispatch took 105ms android.ui h=com.android.server.am.ActivityManagerService$UiHandler c=null m=53
01-01 20:18:30.976 I/DisplayManagerService( 1214): Display device changed state: "内置屏幕", ON
01-01 20:18:30.987 E/KernelCpuSpeedReader( 1214): Failed to read cpu-freq: /sys/devices/system/cpu/cpu0/cpufreq/stats/time_in_state: open failed: ENOENT (No such file or directory)
01-01 20:18:31.010 V/FaceService( 1214): mDaemon was null, reconnect to face
01-01 20:18:31.012 W/FaceService( 1214): face HIDL not available
01-01 20:18:31.065 I/DisplayPowerController( 1214): Unblocked screen on after 96 ms
01-01 20:18:31.270 W/PowerManagerService( 1214): Screen on took 408 ms
01-01 20:18:31.271 I/DreamManagerService( 1214): Gently waking up from dream.
01-01 20:18:31.272 I/DreamManagerService( 1214): Performing gentle wake from dream.
01-01 20:18:31.300 I/DreamManagerService( 1214): Leaving dreamland.
01-01 20:18:31.300 I/DreamManagerService( 1214): Performing gentle wake from dream.
01-01 20:18:31.300 I/DreamController( 1214): Stopping dream: name=ComponentInfo{com.android.systemui/com.android.systemui.doze.DozeService}, isTest=false, canDoze=true, userId=0
01-01 20:18:31.326 V/FaceService( 1214): mDaemon was null, reconnect to face
01-01 20:18:31.328 W/FaceService( 1214): face HIDL not available
01-01 20:18:32.092 V/FaceService( 1214): mDaemon was null, reconnect to face
01-01 20:18:32.095 W/FaceService( 1214): face HIDL not available
01-01 20:18:32.138 D/ActivityTaskManager( 1214): Top Process State changed to PROCESS_STATE_TOP
01-01 20:18:32.273 W/UsageStatsService( 1214): Event reported without a package name, eventType:18
01-01 20:18:32.936 I/ActivityTaskManager( 1214): START u0 {flg=0x10000000 cmp=com.sec.android.app.camera/com.android.camera.CameraActivity} from uid 0
01-01 20:18:32.966 I/ActivityTaskManager( 1214): The Process com.sec.android.app.camera Already Exists in BG. So sending its PID: 10837
01-01 20:18:32.986 I/BatteryService( 1214): batteryVoltage= 4296batteryLevel= 92
01-01 20:18:33.119 V/SettingsProvider( 1214): Notifying for 0: content://settings/secure/flashlight_available
01-01 20:18:33.329 I/BatteryService( 1214): batteryVoltage= 4276batteryLevel= 92
01-01 20:18:33.352 I/BatteryService( 1214): batteryVoltage= 4263batteryLevel= 92
01-01 20:18:37.041 E/TaskPersister( 1214): File error accessing recents directory (directory doesn't exist?).
01-01 20:19:08.828 W/BackupManagerService( 1214): dataChanged but no participant pkg='com.sec.android.app.camera' uid=10041
01-01 20:19:11.245 W/BackupManagerService( 1214): dataChanged but no participant pkg='com.sec.android.app.camera' uid=10041
01-01 20:19:24.098 W/BackupManagerService( 1214): dataChanged but no participant pkg='com.sec.android.app.camera' uid=10041
01-01 20:19:25.590 W/BackupManagerService( 1214): dataChanged but no participant pkg='com.sec.android.app.camera' uid=10041
01-01 20:19:27.548 W/BackupManagerService( 1214): dataChanged but no participant pkg='com.sec.android.app.camera' uid=10041
01-01 20:19:32.984 I/BatteryService( 1214): batteryVoltage= 4274batteryLevel= 92
01-01 20:19:36.130 I/BatteryService( 1214): batteryVoltage= 4279batteryLevel= 92
01-01 20:19:36.145 I/BatteryService( 1214): batteryVoltage= 4279batteryLevel= 92
01-01 20:19:43.953 D/AutofillManagerService( 1214): Close system dialogs
01-01 20:19:43.955 I/ActivityTaskManager( 1214): START u0 {act=android.intent.action.MAIN cat=[android.intent.category.HOME] flg=0x10000100 cmp=com.android.launcher3/.Launcher (has extras)} from uid 0
01-01 20:19:44.210 V/SettingsProvider( 1214): Notifying for 0: content://settings/secure/flashlight_available
01-01 20:19:44.229 I/BatteryService( 1214): batteryVoltage= 4263batteryLevel= 92
01-01 20:19:44.274 I/BatteryService( 1214): batteryVoltage= 4263batteryLevel= 92
01-01 20:19:46.276 I/ActivityTaskManager( 1214): START u0 {act=android.intent.action.MAIN cat=[android.intent.category.LAUNCHER] flg=0x10200000 cmp=com.android.settings/.Settings bnds=[293,388][426,604]} from uid 10098
01-01 20:19:46.417 V/FaceService( 1214): mDaemon was null, reconnect to face
01-01 20:19:46.419 W/FaceService( 1214): face HIDL not available
01-01 20:19:46.443 E/KernelCpuSpeedReader( 1214): Failed to read cpu-freq: /sys/devices/system/cpu/cpu0/cpufreq/stats/time_in_state: open failed: ENOENT (No such file or directory)
01-01 20:19:46.494 I/chatty  ( 1214): uid=1000(system) batterystats-wo identical 1 line
01-01 20:19:46.809 E/KernelCpuSpeedReader( 1214): Failed to read cpu-freq: /sys/devices/system/cpu/cpu0/cpufreq/stats/time_in_state: open failed: ENOENT (No such file or directory)
01-01 20:19:47.473 I/ActivityTaskManager( 1214): START u0 {act=android.intent.action.MAIN cmp=com.android.settings/.SubSettings (has extras)} from uid 1000
01-01 20:19:47.493 I/ActivityTaskManager( 1214): The Process com.android.settings Already Exists in BG. So sending its PID: 16647
01-01 20:19:48.401 D/AutofillManagerService( 1214): onBackKeyPressed()
01-01 20:19:48.499 V/FaceService( 1214): mDaemon was null, reconnect to face
01-01 20:19:48.501 W/FaceService( 1214): face HIDL not available
01-01 20:19:48.517 E/KernelCpuSpeedReader( 1214): Failed to read cpu-freq: /sys/devices/system/cpu/cpu0/cpufreq/stats/time_in_state: open failed: ENOENT (No such file or directory)
01-01 20:19:48.580 I/chatty  ( 1214): uid=1000(system) batterystats-wo identical 1 line
01-01 20:19:48.874 E/KernelCpuSpeedReader( 1214): Failed to read cpu-freq: /sys/devices/system/cpu/cpu0/cpufreq/stats/time_in_state: open failed: ENOENT (No such file or directory)
01-01 20:19:49.023 I/ActivityTaskManager( 1214): START u0 {act=android.intent.action.MAIN cmp=com.android.settings/.SubSettings (has extras)} from uid 1000
01-01 20:19:49.039 I/ActivityTaskManager( 1214): The Process com.android.settings Already Exists in BG. So sending its PID: 16647
01-01 20:19:49.872 E/TaskPersister( 1214): File error accessing recents directory (directory doesn't exist?).
01-01 20:19:50.560 I/ActivityTaskManager( 1214): START u0 {act=android.intent.action.MAIN cmp=com.android.settings/.SubSettings (has extras)} from uid 1000
01-01 20:19:50.582 I/ActivityTaskManager( 1214): The Process com.android.settings Already Exists in BG. So sending its PID: 16647
01-01 20:19:51.842 I/ActivityTaskManager( 1214): START u0 {act=android.intent.action.MAIN cmp=com.android.settings/.SubSettings (has extras)} from uid 1000
01-01 20:19:51.866 I/ActivityTaskManager( 1214): The Process com.android.settings Already Exists in BG. So sending its PID: 16647
01-01 20:19:53.695 I/ActivityTaskManager( 1214): Config changes=2004 {1.0 ?mcc?mnc [en_US,zh_CN_#Hans,yue_CN_#Hans] ldltr sw360dp w360dp h688dp 320dpi nrml long port finger -keyb/v/h -nav/h winConfig={ mBounds=Rect(0, 0 - 720, 1520) mAppBounds=Rect(0, 0 - 720, 1424) mWindowingMode=fullscreen mDisplayWindowingMode=fullscreen mActivityType=undefined mAlwaysOnTop=undefined mRotation=ROTATION_0} s.212}
01-01 20:19:53.742 I/ActivityTaskManager( 1214): Override config changes=2004 {1.0 ?mcc?mnc [en_US,zh_CN_#Hans,yue_CN_#Hans] ldltr sw360dp w360dp h688dp 320dpi nrml long port finger -keyb/v/h -nav/h winConfig={ mBounds=Rect(0, 0 - 720, 1520) mAppBounds=Rect(0, 0 - 720, 1424) mWindowingMode=fullscreen mDisplayWindowingMode=fullscreen mActivityType=undefined mAlwaysOnTop=undefined mRotation=ROTATION_0} s.212} for displayId=0
01-01 20:19:53.845 V/SettingsProvider( 1214): Notifying for 0: content://settings/system/system_locales
01-01 20:19:53.900 I/ActivityManager( 1214): Start proc 24996:com.android.calendar/u0a120 for broadcast {com.android.calendar/com.android.calendar.alerts.AlertReceiver}
01-01 20:19:53.958 I/TelecomFramework( 1980): : onSubscriptionsChanged - update accounts
01-01 20:19:53.958 I/TelecomFramework( 1980): PstnIncomingCallNotifier: Unregistering: Handler (com.qualcomm.qti.internal.telephony.QtiGsmCdmaPhone) {9f3700a}
01-01 20:19:53.959 I/TelecomFramework( 1980): TelecomAccountRegistry: setupAccounts: Found 2 phones.  Attempting to register.
01-01 20:19:53.960 I/TelecomFramework( 1980): TelecomAccountRegistry: setupAccounts: Phone with subscription id: -1 slotId: 0 provisionStatus: -1
01-01 20:19:53.961 I/TelecomFramework( 1980): TelecomAccountRegistry: setupAccounts: Phone with subscription id: -1 slotId: 1 provisionStatus: -1
01-01 20:19:53.961 I/TelecomFramework( 1980): TelecomAccountRegistry: setupAccounts: adding default
01-01 20:19:53.963 I/ActivityManager( 1214): Start proc 25014:com.android.quicksearchbox/u0a105 for broadcast {com.android.quicksearchbox/com.android.quicksearchbox.SearchWidgetProvider}
01-01 20:19:53.972 I/Telecom ( 1214): PhoneAccountRegistrar: Modify account: [ComponentInfo{com.android.phone/com.android.services.telephony.TelephonyConnectionService}, ***, UserHandle{0}(lbl: Emergency calls -> 紧急呼救)(desc: Emergency calling only -> 只能拨打紧急呼救电话)]: TSI.rPA@AG0
01-01 20:19:53.974 I/Telecom ( 1214): CallsManager: handlePhoneAccountChanged: phoneAccount=[[X] PhoneAccount: ComponentInfo{com.android.phone/com.android.services.telephony.TelephonyConnectionService}, ***, UserHandle{0} Capabilities: CallProvider EmergOnly MultiUser PlaceEmerg SimSub  Audio Routes: BESW Schemes: tel voicemail  Extras: Bundle[{android.telecom.extra.SUPPORTS_VIDEO_CALLING_FALLBACK=true}] GroupId: ***]: TSI.rPA@AG0
01-01 20:19:53.975 I/TelecomFramework( 1980): AccountEntry: Registered phoneAccount: [[ ] PhoneAccount: ComponentInfo{com.android.phone/com.android.services.telephony.TelephonyConnectionService}, ***, UserHandle{0} Capabilities: CallProvider EmergOnly MultiUser PlaceEmerg SimSub  Audio Routes: BESW Schemes: tel voicemail  Extras: Bundle[{android.telecom.extra.SUPPORTS_VIDEO_CALLING_FALLBACK=true}] GroupId: ***] with handle: ComponentInfo{com.android.phone/com.android.services.telephony.TelephonyConnectionService}, ***, UserHandle{0}
01-01 20:19:53.975 I/TelecomFramework( 1980): PstnIncomingCallNotifier: Registering: Handler (com.qualcomm.qti.internal.telephony.QtiGsmCdmaPhone) {9f3700a}
01-01 20:19:54.003 I/TelecomFramework( 1980): : onSubscriptionsChanged - update accounts
01-01 20:19:54.003 I/TelecomFramework( 1980): PstnIncomingCallNotifier: Unregistering: Handler (com.qualcomm.qti.internal.telephony.QtiGsmCdmaPhone) {9f3700a}
01-01 20:19:54.004 I/TelecomFramework( 1980): TelecomAccountRegistry: setupAccounts: Found 2 phones.  Attempting to register.
01-01 20:19:54.005 I/TelecomFramework( 1980): TelecomAccountRegistry: setupAccounts: Phone with subscription id: -1 slotId: 0 provisionStatus: -1
01-01 20:19:54.005 I/TelecomFramework( 1980): TelecomAccountRegistry: setupAccounts: Phone with subscription id: -1 slotId: 1 provisionStatus: -1
01-01 20:19:54.005 I/TelecomFramework( 1980): TelecomAccountRegistry: setupAccounts: adding default
01-01 20:19:54.008 W/Looper  ( 1214): Slow dispatch took 161ms main h=android.app.ActivityThread$H c=android.app.-$$Lambda$LoadedApk$ReceiverDispatcher$Args$_BumDX2UKsnxLVrE6UJsJZkotuA@214f894 m=0
01-01 20:19:54.008 W/Looper  ( 1214): Slow delivery took 200ms main h=android.app.ActivityThread$H c=android.app.-$$Lambda$LoadedApk$ReceiverDispatcher$Args$_BumDX2UKsnxLVrE6UJsJZkotuA@d231f3d m=0
01-01 20:19:54.017 I/Telecom ( 1214): PhoneAccountRegistrar: Modify account: [ComponentInfo{com.android.phone/com.android.services.telephony.TelephonyConnectionService}, ***, UserHandle{0}]: TSI.rPA@AHA
01-01 20:19:54.018 I/Telecom ( 1214): CallsManager: handlePhoneAccountChanged: phoneAccount=[[X] PhoneAccount: ComponentInfo{com.android.phone/com.android.services.telephony.TelephonyConnectionService}, ***, UserHandle{0} Capabilities: CallProvider EmergOnly MultiUser PlaceEmerg SimSub  Audio Routes: BESW Schemes: tel voicemail  Extras: Bundle[{android.telecom.extra.SUPPORTS_VIDEO_CALLING_FALLBACK=true}] GroupId: ***]: TSI.rPA@AHA
01-01 20:19:54.019 I/TelecomFramework( 1980): AccountEntry: Registered phoneAccount: [[ ] PhoneAccount: ComponentInfo{com.android.phone/com.android.services.telephony.TelephonyConnectionService}, ***, UserHandle{0} Capabilities: CallProvider EmergOnly MultiUser PlaceEmerg SimSub  Audio Routes: BESW Schemes: tel voicemail  Extras: Bundle[{android.telecom.extra.SUPPORTS_VIDEO_CALLING_FALLBACK=true}] GroupId: ***] with handle: ComponentInfo{com.android.phone/com.android.services.telephony.TelephonyConnectionService}, ***, UserHandle{0}
01-01 20:19:54.019 I/TelecomFramework( 1980): PstnIncomingCallNotifier: Registering: Handler (com.qualcomm.qti.internal.telephony.QtiGsmCdmaPhone) {9f3700a}
01-01 20:19:54.023 D/UsbDeviceManager( 1214): Clear notification
01-01 20:19:54.025 D/UsbDeviceManager( 1214): push notification:Charging this device via USB
01-01 20:19:54.026 I/TelecomFramework( 1980): PstnPhoneCapabilitiesNotifier: handleVideoCapabilitesChanged. Video capability - false
01-01 20:19:54.027 I/TelecomFramework( 1980): PstnPhoneCapabilitiesNotifier: handleVideoCapabilitesChanged. Video capability - false
01-01 20:19:54.039 W/InputMethodManagerService( 1214): Illegal subtype state: old subtype = null, new subtype = android.view.inputmethod.InputMethodSubtype@c9194f98
01-01 20:19:54.040 I/Telecom ( 1214): : Locale change; recreating channels.
01-01 20:19:54.044 I/Telecom ( 1214): PhoneAccountRegistrar: Modify account: [ComponentInfo{com.android.phone/com.android.services.telephony.TelephonyConnectionService}, ***, UserHandle{0}]: TSI.rPA@AHM
01-01 20:19:54.048 I/Telecom ( 1214): CallsManager: handlePhoneAccountChanged: phoneAccount=[[X] PhoneAccount: ComponentInfo{com.android.phone/com.android.services.telephony.TelephonyConnectionService}, ***, UserHandle{0} Capabilities: CallProvider EmergOnly MultiUser PlaceEmerg SimSub  Audio Routes: BESW Schemes: tel voicemail  Extras: Bundle[{android.telecom.extra.SUPPORTS_VIDEO_CALLING_FALLBACK=true}] GroupId: ***]: TSI.rPA@AHM
01-01 20:19:54.062 V/SettingsProvider( 1214): Notifying for 0: content://settings/global/zen_mode_config_etag
01-01 20:19:54.062 W/Looper  ( 1214): Drained
01-01 20:19:54.109 I/WindowManager( 1214): Screen frozen for +363ms due to Window{8049034 u0 StatusBar}
01-01 20:19:54.111 D/AutofillManagerService( 1214): Close system dialogs
01-01 20:19:54.177 I/ActivityManager( 1214): Start proc 25046:com.android.carrierdefaultapp/u0a69 for broadcast {com.android.carrierdefaultapp/com.android.carrierdefaultapp.CarrierDefaultBroadcastReceiver}
01-01 20:19:54.179 E/TaskPersister( 1214): File error accessing recents directory (directory doesn't exist?).
01-01 20:19:54.219 I/ActivityManager( 1214): Start proc 25060:com.android.providers.calendar/u0a44 for content provider {com.android.providers.calendar/com.android.providers.calendar.CalendarProvider2}
01-01 20:19:54.382 D/AutofillManagerService( 1214): Close system dialogs
01-01 20:19:54.386 I/ActivityTaskManager( 1214): START u0 {act=android.intent.action.MAIN cat=[android.intent.category.HOME] flg=0x10000100 cmp=com.android.launcher3/.Launcher (has extras)} from uid 0
01-01 20:19:54.404 I/ActivityManager( 1214): Start proc 25094:com.android.cellbroadcastreceiver/u0a53 for broadcast {com.android.cellbroadcastreceiver/com.android.cellbroadcastreceiver.PrivilegedCellBroadcastReceiver}
01-01 20:19:54.560 I/DropBoxManagerService( 1214): add tag=system_app_strictmode isTagEnabled=true flags=0x2
01-01 20:19:54.583 V/DeadZone( 1802): consuming errant click: (397.448,4.060547)
01-01 20:19:54.584 V/DeadZone( 1802): consuming errant click: (397.448,4.060547)
01-01 20:19:54.705 I/ActivityManager( 1214): Start proc 25126:com.android.deskclock/u0a117 for broadcast {com.android.deskclock/com.android.deskclock.AlarmInitReceiver}
01-01 20:19:55.099 I/DropBoxManagerService( 1214): add tag=system_app_strictmode isTagEnabled=true flags=0x2
01-01 20:20:02.132 I/ActivityTaskManager( 1214): START u0 {flg=0x10000000 cmp=com.sec.android.app.camera/com.android.camera.CameraActivity} from uid 0
01-01 20:20:02.383 V/SettingsProvider( 1214): Notifying for 0: content://settings/secure/flashlight_available
01-01 20:20:02.569 I/BatteryService( 1214): batteryVoltage= 4274batteryLevel= 92
01-01 20:20:02.580 I/BatteryService( 1214): batteryVoltage= 4263batteryLevel= 92
01-01 20:20:04.076 I/ActivityManager( 1214): Process com.android.settings.intelligence (pid 26826) has died: cch+55 CEM 
01-01 20:20:05.177 E/TaskPersister( 1214): File error accessing recents directory (directory doesn't exist?).
01-01 20:20:09.583 W/BackupManagerService( 1214): dataChanged but no participant pkg='com.sec.android.app.camera' uid=10041
01-01 20:20:16.563 I/chatty  ( 1214): uid=1000(system) Binder:1214_5 identical 1 line
01-01 20:20:16.606 W/BackupManagerService( 1214): dataChanged but no participant pkg='com.sec.android.app.camera' uid=10041
01-01 20:20:16.915 V/SettingsProvider( 1214): Notifying for 0: content://settings/secure/flashlight_available
01-01 20:20:16.954 I/BatteryService( 1214): batteryVoltage= 4280batteryLevel= 92
01-01 20:20:16.982 I/BatteryService( 1214): batteryVoltage= 4287batteryLevel= 92
01-01 20:20:17.260 I/BatteryService( 1214): batteryVoltage= 4271batteryLevel= 92
01-01 20:20:18.003 D/ConnectivityService( 1214): ConnectivityService NetworkRequestInfo binderDied(NetworkRequest [ TRACK_DEFAULT id=25, [ Capabilities: INTERNET&NOT_RESTRICTED&TRUSTED Uid: 1000] ], android.os.BinderProxy@6d194e9)
01-01 20:20:18.004 I/ActivityManager( 1214): Process com.qualcomm.qti.qdma (pid 27942) has died: cch+99 SVC 
01-01 20:20:18.005 D/ConnectivityService( 1214): ConnectivityService NetworkRequestInfo binderDied(NetworkRequest [ TRACK_DEFAULT id=24, [ Capabilities: INTERNET&NOT_RESTRICTED&TRUSTED Uid: 1000] ], android.os.BinderProxy@7d1956e)
01-01 20:20:18.005 D/ConnectivityService( 1214): releasing NetworkRequest [ TRACK_DEFAULT id=25, [ Capabilities: INTERNET&NOT_RESTRICTED&TRUSTED Uid: 1000] ] (release request)
01-01 20:20:18.007 D/ConnectivityService( 1214): releasing NetworkRequest [ TRACK_DEFAULT id=24, [ Capabilities: INTERNET&NOT_RESTRICTED&TRUSTED Uid: 1000] ] (release request)
01-01 20:20:18.016 W/ActivityManager( 1214): Scheduling restart of crashed service com.qualcomm.qti.qdma/.uploader.UploaderService in 1000ms
01-01 20:20:18.017 W/ActivityManager( 1214): Scheduling restart of crashed service com.qualcomm.qti.qdma/.transfer.QDMATransferService in 11000ms
01-01 20:20:18.019 W/ActivityManager( 1214): Scheduling restart of crashed service com.qualcomm.qti.qdma/.app.ActiveCareService in 10998ms
01-01 20:20:18.019 W/ActivityManager( 1214): Scheduling restart of crashed service com.qualcomm.qti.qdma/.job.QDMAJobService in 20997ms
01-01 20:20:18.025 I/ActivityManager( 1214): Process com.android.quicksearchbox (pid 25014) has died: cch+99 CEM 
01-01 20:20:18.056 I/ActivityManager( 1214): Process com.android.calendar (pid 24996) has died: cch+95 CEM 
01-01 20:20:18.168 I/ActivityManager( 1214): Process com.android.carrierdefaultapp (pid 25046) has died: cch+85 CEM 
01-01 20:20:18.397 I/ActivityManager( 1214): Process com.android.providers.calendar (pid 25060) has died: cch+75 CEM 
01-01 20:20:18.456 W/BackupManagerService( 1214): dataChanged but no participant pkg='com.sec.android.app.camera' uid=10041
01-01 20:20:18.479 W/BackupManagerService( 1214): dataChanged but no participant pkg='com.sec.android.app.camera' uid=10041
01-01 20:20:18.910 I/BatteryService( 1214): batteryVoltage= 4263batteryLevel= 92
01-01 20:20:19.032 V/SettingsProvider( 1214): Notifying for 0: content://settings/secure/flashlight_available
01-01 20:20:19.069 I/ActivityManager( 1214): Start proc 25509:com.qualcomm.qti.qdma/1000 for service {com.qualcomm.qti.qdma/com.qualcomm.qti.qdma.uploader.UploaderService}
01-01 20:20:19.180 I/BatteryService( 1214): batteryVoltage= 4257batteryLevel= 92
01-01 20:20:19.328 W/ContextImpl(25509): Calling a method in the system process without a qualified user: android.app.ContextImpl.startService:1570 android.content.ContextWrapper.startService:669 com.qualcomm.qti.qdma.app.ApplicationManager.onCreate:402 android.app.Instrumentation.callApplicationOnCreate:1190 android.app.ActivityThread.handleBindApplication:6479 
01-01 20:20:19.330 W/ContextImpl(25509): Calling a method in the system process without a qualified user: android.app.ContextImpl.startService:1570 android.content.ContextWrapper.startService:669 com.qualcomm.qti.qdma.app.ApplicationManager.onCreate:406 android.app.Instrumentation.callApplicationOnCreate:1190 android.app.ActivityThread.handleBindApplication:6479 
01-01 20:20:19.391 D/ConnectivityService( 1214): requestNetwork for uid/pid:1000/25509 NetworkRequest [ TRACK_DEFAULT id=26, [ Capabilities: INTERNET&NOT_RESTRICTED&TRUSTED Uid: 1000] ]
01-01 20:20:19.476 W/ContextImpl(25509): Calling a method in the system process without a qualified user: android.app.ContextImpl.startService:1570 android.content.ContextWrapper.startService:669 com.qualcomm.qti.qdma.util.PeriodicCI.run:476 com.qualcomm.qti.qdma.util.PeriodicCI.start:364 com.qualcomm.qti.qdma.app.ActiveCareService$ProcessSessionRequest.run:761 
01-01 20:20:19.520 W/ContextImpl(25509): Calling a method in the system process without a qualified user: android.app.ContextImpl.startService:1570 android.content.ContextWrapper.startService:669 com.qualcomm.qti.qdma.app.ApplicationManager.startQDMATransferService:3918 com.qualcomm.qti.qdma.app.ActiveCareService$ProcessSessionRequest.run:620 java.lang.Thread.run:919 
01-01 20:20:19.543 D/ConnectivityService( 1214): requestNetwork for uid/pid:1000/25509 NetworkRequest [ TRACK_DEFAULT id=27, [ Capabilities: INTERNET&NOT_RESTRICTED&TRUSTED Uid: 1000] ]
01-01 20:20:20.151 W/BackupManagerService( 1214): dataChanged but no participant pkg='com.sec.android.app.camera' uid=10041
01-01 20:20:21.951 I/BatteryService( 1214): batteryVoltage= 4271batteryLevel= 92
01-01 20:20:28.869 I/ActivityTaskManager( 1214): START u0 {cmp=com.sec.android.app.camera/com.android.camera.CustomSettingsActivity (has extras)} from uid 10041
01-01 20:20:29.040 V/SettingsProvider( 1214): Notifying for 0: content://settings/secure/flashlight_available
01-01 20:20:29.056 I/ActivityTaskManager( 1214): The Process com.sec.android.app.camera Already Exists in BG. So sending its PID: 10837
01-01 20:20:29.085 I/BatteryService( 1214): batteryVoltage= 4270batteryLevel= 92
01-01 20:20:29.121 I/BatteryService( 1214): batteryVoltage= 4270batteryLevel= 92
01-01 20:20:32.484 E/TaskPersister( 1214): File error accessing recents directory (directory doesn't exist?).
01-01 20:20:32.974 I/BatteryService( 1214): batteryVoltage= 4304batteryLevel= 92
01-01 20:20:34.531 I/ActivityManager( 1214): Waited long enough for: ServiceRecord{77105ef u0 com.qualcomm.qti.qdma/.transfer.QDMATransferService}
01-01 20:20:41.470 I/BatteryService( 1214): batteryVoltage= 4298batteryLevel= 92
01-01 20:20:41.512 I/BatteryService( 1214): batteryVoltage= 4298batteryLevel= 92
01-01 20:21:18.900 D/AutofillManagerService( 1214): onBackKeyPressed()
01-01 20:21:19.076 V/SettingsProvider( 1214): Notifying for 0: content://settings/secure/flashlight_available
01-01 20:21:19.259 I/BatteryService( 1214): batteryVoltage= 4261batteryLevel= 92
01-01 20:21:19.269 I/BatteryService( 1214): batteryVoltage= 4265batteryLevel= 92
01-01 20:21:19.505 E/ActivityThread(10837): Activity com.android.camera.CustomSettingsActivity has leaked IntentReceiver com.android.camera.CustomSettingsActivity$CameraSettingsFragment$3@8d87b07 that was originally registered here. Are you missing a call to unregisterReceiver()?
01-01 20:21:19.505 E/ActivityThread(10837): android.app.IntentReceiverLeaked: Activity com.android.camera.CustomSettingsActivity has leaked IntentReceiver com.android.camera.CustomSettingsActivity$CameraSettingsFragment$3@8d87b07 that was originally registered here. Are you missing a call to unregisterReceiver()?
01-01 20:21:19.505 E/ActivityThread(10837): 	at android.app.LoadedApk$ReceiverDispatcher.<init>(LoadedApk.java:1588)
01-01 20:21:19.505 E/ActivityThread(10837): 	at android.app.LoadedApk.getReceiverDispatcher(LoadedApk.java:1368)
01-01 20:21:19.505 E/ActivityThread(10837): 	at android.app.ContextImpl.registerReceiverInternal(ContextImpl.java:1515)
01-01 20:21:19.505 E/ActivityThread(10837): 	at android.app.ContextImpl.registerReceiver(ContextImpl.java:1488)
01-01 20:21:19.505 E/ActivityThread(10837): 	at android.app.ContextImpl.registerReceiver(ContextImpl.java:1476)
01-01 20:21:19.505 E/ActivityThread(10837): 	at android.content.ContextWrapper.registerReceiver(ContextWrapper.java:627)
01-01 20:21:19.505 E/ActivityThread(10837): 	at com.android.camera.CustomSettingsActivity$CameraSettingsFragment.registerSDcardMountedReceiver(CustomSettingsActivity.java:228)
01-01 20:21:19.505 E/ActivityThread(10837): 	at com.android.camera.CustomSettingsActivity$CameraSettingsFragment.onResume(CustomSettingsActivity.java:412)
01-01 20:21:19.505 E/ActivityThread(10837): 	at android.app.Fragment.performResume(Fragment.java:2580)
01-01 20:21:19.505 E/ActivityThread(10837): 	at android.app.FragmentManagerImpl.moveToState(FragmentManager.java:1346)
01-01 20:21:19.505 E/ActivityThread(10837): 	at android.app.FragmentManagerImpl.moveFragmentToExpectedState(FragmentManager.java:1581)
01-01 20:21:19.505 E/ActivityThread(10837): 	at android.app.FragmentManagerImpl.moveToState(FragmentManager.java:1642)
01-01 20:21:19.505 E/ActivityThread(10837): 	at android.app.FragmentManagerImpl.dispatchMoveToState(FragmentManager.java:3052)
01-01 20:21:19.505 E/ActivityThread(10837): 	at android.app.FragmentManagerImpl.dispatchResume(FragmentManager.java:3014)
01-01 20:21:19.505 E/ActivityThread(10837): 	at android.app.FragmentController.dispatchResume(FragmentController.java:206)
01-01 20:21:19.505 E/ActivityThread(10837): 	at android.app.Activity.performResume(Activity.java:7961)
01-01 20:21:19.505 E/ActivityThread(10837): 	at android.app.ActivityThread.performResumeActivity(ActivityThread.java:4196)
01-01 20:21:19.505 E/ActivityThread(10837): 	at android.app.ActivityThread.handleResumeActivity(ActivityThread.java:4238)
01-01 20:21:19.505 E/ActivityThread(10837): 	at android.app.servertransaction.ResumeActivityItem.execute(ResumeActivityItem.java:52)
01-01 20:21:19.505 E/ActivityThread(10837): 	at android.app.servertransaction.TransactionExecutor.executeLifecycleState(TransactionExecutor.java:176)
01-01 20:21:19.505 E/ActivityThread(10837): 	at android.app.servertransaction.TransactionExecutor.execute(TransactionExecutor.java:97)
01-01 20:21:19.505 E/ActivityThread(10837): 	at android.app.ActivityThread$H.handleMessage(ActivityThread.java:2017)
01-01 20:21:19.505 E/ActivityThread(10837): 	at android.os.Handler.dispatchMessage(Handler.java:107)
01-01 20:21:19.505 E/ActivityThread(10837): 	at android.os.Looper.loop(Looper.java:214)
01-01 20:21:19.505 E/ActivityThread(10837): 	at android.app.ActivityThread.main(ActivityThread.java:7397)
01-01 20:21:19.505 E/ActivityThread(10837): 	at java.lang.reflect.Method.invoke(Native Method)
01-01 20:21:19.505 E/ActivityThread(10837): 	at com.android.internal.os.RuntimeInit$MethodAndArgsCaller.run(RuntimeInit.java:492)
01-01 20:21:19.505 E/ActivityThread(10837): 	at com.android.internal.os.ZygoteInit.main(ZygoteInit.java:935)
01-01 20:21:22.521 E/TaskPersister( 1214): File error accessing recents directory (directory doesn't exist?).
01-01 20:21:27.431 W/ActivityTaskManager( 1214): Activity pause timeout for ActivityRecord{8d177d8 u0 com.sec.android.app.camera/com.android.camera.CameraActivity t33 f}
01-01 20:21:27.477 V/SettingsProvider( 1214): Notifying for 0: content://settings/secure/flashlight_available
01-01 20:21:27.483 I/BatteryService( 1214): batteryVoltage= 4273batteryLevel= 92
01-01 20:21:27.525 I/BatteryService( 1214): batteryVoltage= 4279batteryLevel= 92
01-01 20:21:27.661 I/DropBoxManagerService( 1214): add tag=system_app_strictmode isTagEnabled=true flags=0x2
01-01 20:21:27.701 I/chatty  ( 1214): uid=1000(system) android.io identical 8 lines
01-01 20:21:27.706 I/DropBoxManagerService( 1214): add tag=system_app_strictmode isTagEnabled=true flags=0x2
01-01 20:21:31.169 E/TaskPersister( 1214): File error accessing recents directory (directory doesn't exist?).
01-01 20:21:32.974 I/BatteryService( 1214): batteryVoltage= 4307batteryLevel= 92
01-01 20:21:43.017 I/ActivityTaskManager( 1214): START u0 {act=android.intent.action.MAIN cat=[android.intent.category.LAUNCHER] flg=0x10200000 cmp=org.codeaurora.gallery/com.android.gallery3d.app.GalleryActivity bnds=[27,1036][160,1252]} from uid 10098
01-01 20:21:46.095 E/TaskPersister( 1214): File error accessing recents directory (directory doesn't exist?).
01-01 20:21:46.814 I/BatteryService( 1214): batteryVoltage= 4303batteryLevel= 92
01-01 20:21:46.856 I/BatteryService( 1214): batteryVoltage= 4303batteryLevel= 92
01-01 20:21:48.938 D/AutofillManagerService( 1214): Close system dialogs
01-01 20:21:48.940 I/ActivityTaskManager( 1214): START u0 {act=android.intent.action.MAIN cat=[android.intent.category.HOME] flg=0x10000100 cmp=com.android.launcher3/.Launcher (has extras)} from uid 0
